# PS-03 "State & identity correctness" - verification log

- Run: 20261003-0018-master-99abf29
- Repo/base: C:\temp\buddy @ 99abf294dae0d9de8770dfde257bdef5fae9ae1b (origin/master)
- Branch: remediation/ps-03-20261003-0018-master-99abf29
- Commit verified: 96c3e6650dc345dd699c6e5825fa9505810c0cb3
- Local env: Windows, node v24.19.0, npm 11.17.0
- Lab env: ci-runner 172.23.128.51, /srv/work/buddy (wiped + re-synced via lab-sync.ps1)
- Note: ANSI color escapes were stripped from the captured output.

## Preparation

The lab working directory was wiped (`rm -rf /srv/work/buddy`) and re-synced, then the working tree was normalized to the committed content (the Windows tar carries CRLF; `git checkout -- .` restored the LF blobs) so the checkout is clean at the commit under test:

```text
root@172.23.128.51: WIPED
lab-sync.ps1: synced:buddy  96c3e66
git status --porcelain --untracked-files=all : (empty)
git rev-parse HEAD : 96c3e6650dc345dd699c6e5825fa9505810c0cb3
node_modules : absent before npm ci
```

## Primary gate - lab (ci-runner)

`npm ci && npm run lint && npm run typecheck && npm run test`
Exit: 0

```text
npm warn deprecated inflight@1.0.6: This module is not supported, and leaks memory. Do not use it. Check out 
lru-cache if you want a good and tested way to coalesce async requests by a key value, which is much more 
comprehensive and powerful.
 
npm warn deprecated whatwg-encoding@3.1.1: Use @exodus/bytes instead for a more spec-conformant and faster 
implementation
npm warn deprecated @humanwhocodes/config-array@0.13.0: Use @eslint/config-array instead
npm warn deprecated rimraf@3.0.2: Rimraf versions prior to v4 are no longer supported
npm warn deprecated @humanwhocodes/object-schema@2.0.3: Use @eslint/object-schema instead
npm warn deprecated glob@7.2.3: Old versions of glob are not supported, and contain widely publicized security 
vulnerabilities, which have been fixed in the current version. Please update. Support for old versions may be 
purchased (at exorbitant rates) by contacting i@izs.me
npm warn deprecated glob@10.3.10: Old versions of glob are not supported, and contain widely publicized security 
vulnerabilities, which have been fixed in the current version. Please update. Support for old versions may be 
purchased (at exorbitant rates) by contacting i@izs.me
npm warn deprecated eslint@8.57.1: This version is no longer supported. Please see https://eslint.org/version-support 
for other options.

added 520 packages, and audited 521 packages in 21s

188 packages are looking for funding
  run `npm fund` for details

19 vulnerabilities (3 moderate, 14 high, 2 critical)

To address issues that do not require attention, run:
  npm audit fix

To address all issues (including breaking changes), run:
  npm audit fix --force

Run `npm audit` for details.

> buddy@0.1.0 lint
> next lint

Γ£ö No ESLint warnings or errors

> buddy@0.1.0 typecheck
> tsc --noEmit


> buddy@0.1.0 test
> vitest run

The CJS build of Vite's Node API is deprecated. See 
https://vite.dev/guide/troubleshooting.html#vite-cjs-node-api-deprecated for more details.

 RUN  v1.6.1 /srv/work/buddy

 Γ£ô lib/locations/adventure.test.ts  (14 tests) 17ms
 Γ£ô lib/actions/care.test.ts  (25 tests) 31ms
 Γ£ô lib/generation/generation.test.ts  (38 tests) 314ms
 Γ£ô lib/progression/lifecycle.test.ts  (17 tests) 8ms
 Γ£ô data/items.test.ts  (15 tests) 19ms
 Γ£ô app/page.test.tsx  (1 test) 85ms
 Γ£ô components/device/MainDevice.test.tsx  (1 test) 76ms

 Test Files  7 passed (7)
      Tests  111 passed (111)
   Start at  06:47:53
   Duration  5.41s (transform 654ms, setup 1ms, collect 1.77s, tests 550ms, environment 6.79s, prepare 2.12s)

__VERIFY_EXIT=0
```

## Secret gate - lab (ci-runner)

### Tracked repository content at the commit (authoritative gate)

`git archive HEAD | tar -x -C /tmp/glscan-ps03 && gitleaks detect --no-git --redact --source /tmp/glscan-ps03 -v`

```text
 
    Γùï
    ΓöéΓò▓
    Γöé Γùï
    Γùï Γûæ
    Γûæ    gitleaks

6:48AM INF scanned ~257850 bytes (257.85 KB) in 287ms
6:48AM INF no leaks found
GITLEAKS_EXIT=0
```

## Local gate (Windows) - cross-check

Same commit, local working tree, node v24.19.0:

| Command | Exit | Result |
|---|---:|---|
| `npm run lint` | 0 | No ESLint warnings or errors |
| `npm run typecheck` | 0 | clean (pre-existing TS2802 error fixed, same unblock as PS-01) |
| `npm run test` | 0 | 7 files / 111 tests passed (109 pre-existing + 2 new regression tests) |
