REMEDIATION PS-013 verify.log
REPO: falcon-edge   BASE/HEAD: origin/main (f5811d1c32a3a1f85063b8aa306c67722f5c38a3)
FINDINGS: API-P2-001 (contract documents cursor pagination the implementation ignores)
HOST: edge-builder  Linux 6.8.0-142-generic
DATE: 2026-10-03T08:39:27Z
PYTHON: Python 3.12.3
PYTEST: pytest 7.4.4
GITLEAKS: 8.30.1
tracked files: 1355

########## CURRENT origin/main CODE (keyset pagination) ##########
src/falcon_control/service.py:875:            return problem(400, "INVALID_CURSOR", "cursor is not valid", "", False, correlation)
src/falcon_control/service.py:876:        # API-P2-002: keyset pagination on sensor_id; nextCursor is present only when
src/falcon_control/service.py:878:        rows, next_cursor = self.store.list_sensors_page(state, limit, cursor)
src/falcon_control/service.py:881:            body["nextCursor"] = next_cursor
src/falcon_control/store.py:317:    def list_sensors_page(self, state: str | None = None, limit: int = 100,
########## CONTRACT cursor/nextCursor ##########
100:        - name: cursor
858:        nextCursor: {type: string}

########## >500 SENSOR FIXTURE REPRODUCTION ##########
page1 rows=500 nextCursor='sensor-0499'
page2 rows=1 nextCursor=None
>500 SENSOR FIXTURE: nextCursor returned on page1, no cursor on last page OK
[exit=0]

===== COMMAND: python3 -m pytest -q tests/phase2 tests/phase3 =====
........................................................................ [ 55%]
.........................................................                [100%]
129 passed in 73.69s (0:01:13)
[exit=0]

===== COMMAND: python3 -m pytest -q tests/phase1/test_contract_routes.py tests/phase2/test_contract_parity.py =====
..                                                                       [100%]
2 passed in 0.29s
[exit=0]

===== COMMAND: python3 -m pytest -q tests/phase2/test_service_integration.py -k pagination =====
.                                                                        [100%]
1 passed, 50 deselected in 4.34s
[exit=0]

===== COMMAND: bash ci/validate.sh =====
== json/yaml parse ==
PASS json/yaml parse
== openapi lint ==
PASS  openapi lint: 19 paths, 19 operations, 30 schemas
== generated models ==
/srv/work/falcon-edge-ps013/api/generate_models.py:26: SyntaxWarning: invalid escape sequence '\S'
  HEADER = '''"""Generated by api/generate_models.py from api/openapi/falcon-edge-v1.yaml.
PASS  generated models in sync with the contract
== exported schemas ==
PASS  exported schemas in sync (30 files)
== decision register ==
NOTE  additional areas present: active_discovery, monitoring_scope_details
PASS  decision register valid: 21 decisions, all required areas covered
== gate ledger ==
PASS  gate ledger (88 gates, semantics + round-trip)
== evidence integrity ==
WARN  raw artifact without metadata (possibly an in-progress capture): evidence/raw/P7-G05/qemu-drill-20261001T063831Z/results.txt
PASS  evidence integrity: 474 captures verified, 1 in-progress/orphan artifact(s) warned
== evidence index sync ==
evidence_index: 474 entries; integrity_failures=0
evidence index check: OK (474 entries; tracked index matches rebuild)
== evidence manifest sync ==
manifest check: OK (949 entries verified)
== evidence size budget ==
PASS  evidence size: 950 files, 2.5 MiB (budget 2500 files / 50 MiB)
== license gate ==
WARN   bcc 0.29.1: no license metadata
NOTE   certifi 2023.11.17: MPL-2.0 (weak copyleft; keep attribution)
OS     chardet 5.2.0: LGPL (apt-managed base OS)
OS     cloud-init 26.1: GPL (apt-managed base OS)
WARN   command-not-found 0.3: no license metadata
WARN   distro-info 1.7+build1: no license metadata
OS     launchpadlib 1.11.0: LGPL (apt-managed base OS)
OS     lazr.restfulclient 0.14.6: LGPL (apt-managed base OS)
OS     lazr.uri 1.0.6: LGPL (apt-managed base OS)
OS     PyGObject 3.48.2: LGPL (apt-managed base OS)
OS     python-apt 2.7.7+ubuntu5.3: GPL (apt-managed base OS)
OS     python-debian 0.1.49+ubuntu2: GPL (apt-managed base OS)
OS     sos 4.11.2: GPL (apt-managed base OS)
OS     ssh-import-id 5.11: GPL (apt-managed base OS)
OS     systemd-python 235: LGPL (apt-managed base OS)
OS     ubuntu-pro-client 8001: GPL (apt-managed base OS)
OS     ufw 0.36.2: GPL (apt-managed base OS)
WARN   unattended-upgrades 0.1: no license metadata
OS     wadllib 1.3.6: LGPL (apt-managed base OS)
WARN   zope.interface 6.1: unrecognised license: ZPL 2.1
license gate: scanned=79 allow=59 allow-note=1 warn=5 deny=0 os-baseline=14
== secret scan ==
PASS  secret scan: 1339 files, no findings

validation: ALL PASS
[exit=0]

===== COMMAND: gitleaks detect --no-git --redact --source . -v =====

    ○
    │╲
    │ ○
    ○ ░
    ░    gitleaks

[90m8:42AM[0m [32mINF[0m [1mscanned ~6639805 bytes (6.64 MB) in 54.7s[0m
[90m8:42AM[0m [32mINF[0m [1mno leaks found[0m
[exit=0]

===== PS-013 VERIFY DONE (rc_all=0) =====
