# PS-U02 lab verification (findings ARCH-P1-001, ARCH-P2-001, ARCH-P2-002, ARCH-P2-003)
run: 20261003-0018-fix-backup-abort-markers-20b5e57
runner: lab ci-runner 172.23.128.51 (scripts/lab-sync.ps1 -Repo falcon + tools/lab_runner.py job API)
base: 430da82274af4c0821542627fdb9e6ab74afa826 (origin/main)
branch: remediation/ps-u02-20261003-0018-fix-backup-abort-markers-20b5e57
commit under test: 41cd5a1e65e22f7ef1e957605bb0f0df2755328d
worktree: clean LF (core.autocrlf=false; .gitattributes eol=lf); remote /srv/work/falcon at 41cd5a1
note: lab-sync.ps1 wipes and re-extracts /srv/work/falcon; *.sh chmod +x before the gate.
note: the lab job API runs commands with HOME unset, so the gate is invoked with HOME=/root
(the same requirement recorded for PS-U01; no repository change is needed for it).

$ git -C /srv/work/falcon rev-parse HEAD
41cd5a1e65e22f7ef1e957605bb0f0df2755328d

================================================================================
1) Repository gate
$ cd /srv/work/falcon && HOME=/root FALCON_EVIDENCE_OPTIONAL=1 python3 ci/validate.py
EXIT=0

PASS  yaml/json parse
PASS  compose image pinning
PASS  compose digest cross-check
PASS  shell syntax (601 scripts)
PASS  shellcheck (173 scripts)
PASS  credential sourcing (no script sources the owner .env)
PASS  gate ledger (102 gates)
PASS  evidence integrity (0 captures, 1127 external skipped in CI)
PASS  evidence index cross-check
PASS  license gate
PASS  secret scan
PASS  edge pin (skipped: edge delivery not present)
PASS  shell tests: automation/validation/tests/abort_marker_test.sh (0.6s)
PASS  shell tests: automation/validation/tests/alert_canary_test.sh (0.3s)
PASS  shell tests: automation/validation/tests/alert_expression_bool_test.sh (0.1s)
PASS  shell tests: automation/validation/tests/audit_run_lifecycle_test.sh (0.8s)
PASS  shell tests: automation/validation/tests/audit_run_scanner_test.sh (0.1s)
PASS  shell tests: automation/validation/tests/compose_cap_drop_test.sh (0.1s)
PASS  shell tests: automation/validation/tests/compose_digest_check_test.sh (0.4s)
PASS  shell tests: automation/validation/tests/digest_binding_check_test.sh (0.1s)
PASS  shell tests: automation/validation/tests/digest_verdict_consistency_test.sh (0.1s)
PASS  shell tests: automation/validation/tests/edge_cleanup_pinned_test.sh (0.1s)
PASS  shell tests: automation/validation/tests/edge_spool_metrics_test.sh (0.2s)
PASS  shell tests: automation/validation/tests/env_secret_isolation_test.sh (0.1s)
PASS  shell tests: automation/validation/tests/evidence_index_check_test.sh (0.3s)
PASS  shell tests: automation/validation/tests/feed_rate_deviation_check_test.sh (0.2s)
PASS  shell tests: automation/validation/tests/grafana_state_regression.sh (0.0s)
PASS  shell tests: automation/validation/tests/ism_retention_metrics_test.sh (0.1s)
PASS  shell tests: automation/validation/tests/mapping_drift_check_test.sh (0.3s)
PASS  shell tests: automation/validation/tests/offsite_backup_reuse_test.sh (1.5s)
PASS  shell tests: automation/validation/tests/offsite_upload_delta_test.sh (1.2s)
PASS  shell tests: automation/validation/tests/owner_env_validator_test.sh (0.4s)
PASS  shell tests: automation/validation/tests/pair_state_check_test.sh (0.2s)
PASS  shell tests: automation/validation/tests/publish_digest_aggregate_test.sh (0.1s)
PASS  shell tests: automation/validation/tests/r2_cold_tier_setup_test.sh (0.3s)
PASS  shell tests: automation/validation/tests/readme_ledger_drift_test.sh (0.0s)
PASS  shell tests: automation/validation/tests/remediation_guards_test.sh (0.0s)
PASS  shell tests: automation/validation/tests/rotation_status_test.sh (0.2s)
PASS  shell tests: automation/validation/tests/sbom_coverage_and_hashes_test.sh (0.2s)
PASS  shell tests: automation/validation/tests/secret_scan_test.sh (0.5s)
PASS  shell tests: automation/validation/tests/validate_gate_test.sh (0.3s)
PASS  shell tests: automation/validation/tests/vendored_compose_pin_test.sh (0.0s)
PASS  shell tests: automation/validation/tests/wazuh_indexer_backup_test.sh (0.3s)
PASS  shell tests (31 suite(s))

validation_failures=0

================================================================================
2) ARCH-P2-002 regression guard (vendored Wazuh pin) + residual scope check
$ cd /srv/work/falcon && bash automation/validation/tests/vendored_compose_pin_test.sh
$ cd /srv/work/falcon && python3 automation/validation/check_compose_digests.py --compose-dir automation/wazuh
EXIT=0

vendored_compose_pin_test: 4/4 checks passed
--- residual vendored digest findings (deferred to SUPPLY-P1-001) ---
lock_file=/srv/work/falcon/pins/images.lock
lock_generated_utc=2026-09-20T23:06:36Z
lock_age_days=12
compose_files=12 image_refs=11
FINDING automation/wazuh/multi-node/docker-compose.override.yml: image not in pins/images.lock: elastiflow/flow-collector:7.26.2@sha256:c668429f354f0dcd705d7d4668915896cf369710d3e9aed3ef8143f1b5673eb2
FINDING automation/wazuh/multi-node/generate-indexer-certs.yml: image missing from pins/images.lock: wazuh/wazuh-certs-generator:0.0.4
compose_digest_findings=2
EXIT_RESIDUAL=True

================================================================================
3) Secret gate
$ cd /srv/work/falcon && git diff origin/main HEAD | gitleaks stdin --redact --exit-code 1 --no-banner
EXIT=0

2:36PM INF scanned ~3244 bytes (3.24 KB) in 290ms
2:36PM INF no leaks found

================================================================================
Result: all recorded gates exit 0 at 41cd5a1e65e22f7ef1e957605bb0f0df2755328d.
Residual ARCH-P2-002 scope (elastiflow/flow-collector, wazuh/wazuh-certs-generator) stays
deferred to SUPPLY-P1-001 / PATCH-5 (open PR #17) and is not fabricated here.
