# PATCH-4 verification
date_utc=2026-10-03T05:51:02Z
worktree=/root/falcon-p4 (clean git worktree, LF line endings)
commit=ee883646a6cb9b08b14d24bbcb72f185150de959

## 1. bash -n on changed scripts
bash -n automation/validation/heartbeat.sh exit=0
bash -n bootstrap/90-alerting.sh exit=0
bash -n automation/validation/tests/heartbeat_independence_test.sh exit=0

## 2. heartbeat independence regression test
PASS heartbeat_independence_test
heartbeat_independence_test exit=0

## 3. ci/validate.py (parsers, shell-syntax, shell-tests)
PASS  yaml/json parse
PASS  shell syntax (601 scripts)
PASS  shell tests: automation/validation/tests/abort_marker_test.sh (0.7s)
PASS  shell tests: automation/validation/tests/alert_canary_test.sh (0.3s)
PASS  shell tests: automation/validation/tests/alert_expression_bool_test.sh (0.1s)
PASS  shell tests: automation/validation/tests/audit_run_lifecycle_test.sh (2.8s)
PASS  shell tests: automation/validation/tests/audit_run_scanner_test.sh (0.1s)
PASS  shell tests: automation/validation/tests/compose_cap_drop_test.sh (0.1s)
PASS  shell tests: automation/validation/tests/compose_digest_check_test.sh (0.5s)
PASS  shell tests: automation/validation/tests/digest_binding_check_test.sh (0.1s)
PASS  shell tests: automation/validation/tests/digest_verdict_consistency_test.sh (0.1s)
PASS  shell tests: automation/validation/tests/edge_cleanup_pinned_test.sh (0.1s)
PASS  shell tests: automation/validation/tests/edge_spool_metrics_test.sh (0.3s)
PASS  shell tests: automation/validation/tests/env_secret_isolation_test.sh (0.3s)
PASS  shell tests: automation/validation/tests/evidence_index_check_test.sh (0.4s)
PASS  shell tests: automation/validation/tests/feed_rate_deviation_check_test.sh (0.3s)
PASS  shell tests: automation/validation/tests/grafana_state_regression.sh (0.0s)
PASS  shell tests: automation/validation/tests/heartbeat_independence_test.sh (0.1s)
PASS  shell tests: automation/validation/tests/ism_retention_metrics_test.sh (0.2s)
PASS  shell tests: automation/validation/tests/mapping_drift_check_test.sh (0.4s)
PASS  shell tests: automation/validation/tests/offsite_backup_reuse_test.sh (3.6s)
PASS  shell tests: automation/validation/tests/offsite_upload_delta_test.sh (2.1s)
PASS  shell tests: automation/validation/tests/owner_env_validator_test.sh (0.5s)
PASS  shell tests: automation/validation/tests/pair_state_check_test.sh (0.3s)
PASS  shell tests: automation/validation/tests/publish_digest_aggregate_test.sh (0.1s)
PASS  shell tests: automation/validation/tests/r2_cold_tier_setup_test.sh (0.4s)
PASS  shell tests: automation/validation/tests/readme_ledger_drift_test.sh (0.0s)
PASS  shell tests: automation/validation/tests/remediation_guards_test.sh (0.0s)
PASS  shell tests: automation/validation/tests/rotation_status_test.sh (0.3s)
PASS  shell tests: automation/validation/tests/sbom_coverage_and_hashes_test.sh (0.3s)
PASS  shell tests: automation/validation/tests/secret_scan_test.sh (0.6s)
PASS  shell tests: automation/validation/tests/validate_gate_test.sh (0.4s)
PASS  shell tests: automation/validation/tests/wazuh_indexer_backup_test.sh (0.5s)
PASS  shell tests (31 suite(s))

validation_failures=0
ci_validate_targeted exit=0

## 4. full ci/validate.py (evidence optional)
PASS  yaml/json parse
PASS  compose image pinning
PASS  compose digest cross-check
PASS  shell syntax (601 scripts)
PASS  shellcheck (skipped: not installed)
PASS  credential sourcing (no script sources the owner .env)
PASS  gate ledger (102 gates)
PASS  evidence integrity (0 captures, 1127 external skipped in CI)
PASS  evidence index cross-check
PASS  license gate
PASS  secret scan
PASS  edge pin (skipped: edge delivery not present)
PASS  shell tests: automation/validation/tests/abort_marker_test.sh (0.7s)
PASS  shell tests: automation/validation/tests/alert_canary_test.sh (0.3s)
PASS  shell tests: automation/validation/tests/alert_expression_bool_test.sh (0.1s)
PASS  shell tests: automation/validation/tests/audit_run_lifecycle_test.sh (2.7s)
PASS  shell tests: automation/validation/tests/audit_run_scanner_test.sh (0.2s)
PASS  shell tests: automation/validation/tests/compose_cap_drop_test.sh (0.1s)
PASS  shell tests: automation/validation/tests/compose_digest_check_test.sh (0.5s)
PASS  shell tests: automation/validation/tests/digest_binding_check_test.sh (0.1s)
PASS  shell tests: automation/validation/tests/digest_verdict_consistency_test.sh (0.1s)
PASS  shell tests: automation/validation/tests/edge_cleanup_pinned_test.sh (0.1s)
PASS  shell tests: automation/validation/tests/edge_spool_metrics_test.sh (0.3s)
PASS  shell tests: automation/validation/tests/env_secret_isolation_test.sh (0.2s)
PASS  shell tests: automation/validation/tests/evidence_index_check_test.sh (0.4s)
PASS  shell tests: automation/validation/tests/feed_rate_deviation_check_test.sh (0.3s)
PASS  shell tests: automation/validation/tests/grafana_state_regression.sh (0.0s)
PASS  shell tests: automation/validation/tests/heartbeat_independence_test.sh (0.1s)
PASS  shell tests: automation/validation/tests/ism_retention_metrics_test.sh (0.2s)
PASS  shell tests: automation/validation/tests/mapping_drift_check_test.sh (0.3s)
PASS  shell tests: automation/validation/tests/offsite_backup_reuse_test.sh (3.5s)
PASS  shell tests: automation/validation/tests/offsite_upload_delta_test.sh (2.2s)
PASS  shell tests: automation/validation/tests/owner_env_validator_test.sh (0.6s)
PASS  shell tests: automation/validation/tests/pair_state_check_test.sh (0.3s)
PASS  shell tests: automation/validation/tests/publish_digest_aggregate_test.sh (0.1s)
PASS  shell tests: automation/validation/tests/r2_cold_tier_setup_test.sh (0.4s)
PASS  shell tests: automation/validation/tests/readme_ledger_drift_test.sh (0.1s)
PASS  shell tests: automation/validation/tests/remediation_guards_test.sh (0.0s)
PASS  shell tests: automation/validation/tests/rotation_status_test.sh (0.3s)
PASS  shell tests: automation/validation/tests/sbom_coverage_and_hashes_test.sh (0.3s)
PASS  shell tests: automation/validation/tests/secret_scan_test.sh (0.6s)
PASS  shell tests: automation/validation/tests/validate_gate_test.sh (0.3s)
PASS  shell tests: automation/validation/tests/wazuh_indexer_backup_test.sh (0.4s)
PASS  shell tests (31 suite(s))

validation_failures=0
ci_validate_full exit=0

## 5. gitleaks

    ○
    │╲
    │ ○
    ○ ░
    ░    gitleaks

[90m1:51AM[0m [32mINF[0m [1mscanned ~4658895 bytes (4.66 MB) in 827ms[0m
[90m1:51AM[0m [32mINF[0m [1mno leaks found[0m
gitleaks exit=0
