# PS-06 "Feature wiring" - verification log

- Run: 20261003-0018-master-99abf29
- Repo/base: C:\temp\buddy @ 99abf294dae0d9de8770dfde257bdef5fae9ae1b (origin/master)
- Branch: remediation/ps-06-20261003-0018-master-99abf29
- Commit verified: 25149bb33e65634820179eac3ca4f9c2ce956e5a
- Local env: Windows, node v24.19.0, npm 11.17.0
- Lab env: ci-runner 172.23.128.51, /srv/work/buddy (wiped + re-synced via lab-sync.ps1), node v20.20.2, npm 10.8.2
- Note: ANSI escapes were stripped and terminal glyphs were normalized to ASCII markers (`[ok]`).

## Preparation

The lab working directory was wiped (`rm -rf /srv/work/buddy`) and re-synced, then the
Windows tarball's CRLF newlines were normalized to the committed LF blobs
(`git checkout -- .`) so the checkout is clean at the commit under test:

```text
root@172.23.128.51: WIPED
lab-sync.ps1: synced:buddy  25149bb
git status --porcelain --untracked-files=all : (empty)
git rev-parse HEAD : 25149bb33e65634820179eac3ca4f9c2ce956e5a
node_modules : absent before npm ci
```

## Primary gate - lab (ci-runner)

`npm ci && npm run lint && npm run typecheck && npm run test`
Exit: 0

```text
npm warn deprecated inflight@1.0.6: This module is not supported, and leaks memory. Do not use it. Check out lru-cache if you want a good and tested way to coalesce async requests by a key value, which is much more comprehensive and powerful.
npm warn deprecated whatwg-encoding@3.1.1: Use @exodus/bytes instead for a more spec-conformant and faster implementation
npm warn deprecated @humanwhocodes/config-array@0.13.0: Use @eslint/config-array instead
npm warn deprecated rimraf@3.0.2: Rimraf versions prior to v4 are no longer supported
npm warn deprecated @humanwhocodes/object-schema@2.0.3: Use @eslint/object-schema instead
npm warn deprecated glob@7.2.3: Old versions of glob are not supported, and contain widely publicized security vulnerabilities, which have been fixed in the current version. Please update. Support for old versions may be purchased (at exorbitant rates) by contacting i@izs.me
npm warn deprecated glob@10.3.10: Old versions of glob are not supported, and contain widely publicized security vulnerabilities, which have been fixed in the current version. Please update. Support for old versions may be purchased (at exorbitant rates) by contacting i@izs.me
npm warn deprecated eslint@8.57.1: This version is no longer supported. Please see https://eslint.org/version-support for other options.

added 520 packages, and audited 521 packages in 14s

188 packages are looking for funding
  run `npm fund` for details

19 vulnerabilities (3 moderate, 14 high, 2 critical)

To address issues that do not require attention, run:
  npm audit fix

To address all issues (including breaking changes), run:
  npm audit fix --force

Run `npm audit` for details.

> buddy@0.1.0 lint
> next lint

[ok] No ESLint warnings or errors

> buddy@0.1.0 typecheck
> tsc --noEmit


> buddy@0.1.0 test
> vitest run

The CJS build of Vite's Node API is deprecated. See https://vite.dev/guide/troubleshooting.html#vite-cjs-node-api-deprecated for more details.

 RUN  v1.6.1 /srv/work/buddy

 [ok] lib/actions/care.test.ts  (25 tests) 13ms
 [ok] lib/locations/adventure.test.ts  (14 tests) 12ms
 [ok] lib/generation/generation.test.ts  (38 tests) 137ms
 [ok] lib/progression/lifecycle.test.ts  (20 tests) 14ms
 [ok] lib/actions/items.test.ts  (9 tests) 8ms
 [ok] data/items.test.ts  (15 tests) 13ms
 [ok] data/achievements.test.ts  (3 tests) 9ms

 Test Files  7 passed (7)
      Tests  124 passed (124)
   Start at  07:03:20
   Duration  3.24s (transform 395ms, setup 2ms, collect 836ms, tests 206ms, environment 3.95s, prepare 1.85s)

__VERIFY_EXIT=0
```

## Patch-set verification command - lab (ci-runner)

`npm run test -- achievements lifecycle items`
Exit: 0 (4 files / 47 tests passed)

```text
 [ok] data/items.test.ts  (15 tests) 13ms
 [ok] lib/actions/items.test.ts  (9 tests) 11ms
 [ok] lib/progression/lifecycle.test.ts  (20 tests) 13ms
 [ok] data/achievements.test.ts  (3 tests) 8ms

 Test Files  4 passed (4)
      Tests  47 passed (47)
```

## Secret gate - lab (ci-runner)

`git archive HEAD | tar -x -C /tmp/glscan-ps06 && gitleaks detect --no-git --redact --source /tmp/glscan-ps06 -v`

```text
    gitleaks
7:02AM INF scanned ~271575 bytes (271.58 KB) in 306ms
7:02AM INF no leaks found
GITLEAKS_EXIT=0
```

## Local gate (Windows) - cross-check

Same commit, local working tree, node v24.19.0:

| Command | Exit | Result |
|---|---:|---|
| `npm run lint` | 0 | No ESLint warnings or errors |
| `npm run typecheck` | 0 | clean |
| `npm run test` | 0 | 7 files / 124 tests passed (109 pre-existing + 15 new/updated) |
| `npm run test -- achievements lifecycle items` | 0 | 4 files / 47 tests passed |
