# PS-U02 (chat) verification - unassigned ARCH findings (ARCH-P2-003, ARCH-P2-004)
date_utc: 2026-10-03T10:55:00Z
repo: MaineCyberTech/chat
branch: remediation/ps-u02-20261003-0018-develop-a72b8cc
base: a72b8cc43590848b052bd5e8954dbbc726b3d7fd (origin/develop)
diff_sha256: 8C278517A032B4AAB1B695CAD81C9F603F499410DD5EDC458A4ACE531B82458B
runner: C:\temp\proxmox-vm\scripts\lab-run.ps1 -Repo chat (ssh root@172.23.128.51, /srv/work/chat)

########## 1. changed files (working tree vs origin/develop) ##########
 apps/worker/src/__tests__/health.test.ts | 105 +++++++++++++++++++++++++++++++
 apps/worker/src/health.ts                |  91 +++++++++++++++++++++++++++
 apps/worker/src/main.ts                  |  41 +++---------
 docs/runbooks/backup-strategy.md         |  35 +++++++++++
 infra/docker/README.md                   |  12 ++++
 5 files changed, 250 insertions(+), 34 deletions(-)

########## 2. lab verification ##########
command: corepack pnpm install --frozen-lockfile && corepack pnpm --filter @chat/api test
exit_code: 0
result: 63 test files passed, 491 tests passed (vitest 3.2.6). Includes new
        apps/worker/src/__tests__/health.test.ts (6 tests): loopback bind, health 200/503,
        /metrics open when untokened, 401 without/with wrong bearer token, 200 with correct
        bearer token, 200 with X-Health-Token, 500 on metrics failure.
raw: remediation/PS-U02/verify-test-raw.txt

--- key raw lines ---
 ✓ apps/worker/src/__tests__/health.test.ts (6 tests) 85ms
 Test Files  63 passed (63)
      Tests  491 passed (491)
   Duration  18.14s

########## 3. typecheck / lint ##########
command: corepack pnpm --filter @chat/worker typecheck
runner: workstation (tsc --noEmit, pre-lab)
exit_code: 0
result: no type errors

command: corepack pnpm --filter @chat/worker lint
runner: workstation (eslint, pre-lab)
exit_code: 0
result: clean

NOTE (not run in lab): `corepack pnpm --filter @chat/worker typecheck` was attempted in the
lab first and is NOT a valid gate there: it fails with TS2307 `Cannot find module
'@chat/config/...'` on every worker file, including files untouched by this change, because
the ci-runner sync excludes workspace `dist/` output and does not build `@chat/config` first.
Not a regression from this patch. Raw failed transcript:
remediation/PS-U02/verify-typecheck-raw.txt (exit 2).

########## 4. secret scan ##########
command: cat /tmp/PS-U02.diff | gitleaks stdin --redact --exit-code 1
runner: ci-runner (gitleaks 8.30.1)
exit_code: 0
result: scanned ~29322 bytes (29.32 KB) in 224ms; no leaks found
raw: remediation/PS-U02/gitleaks-raw.txt
