PATCH-16 verification log
Run: 20261003-0018-develop-a72b8cc  Repo: C:\temp\chat (lab ci-runner 172.23.128.51)
Date: 2026-10-03T01:56:00.8396764-04:00
Branch: remediation/patch-16-20261003-0018-develop-a72b8cc
Base SHA: a72b8cc43590848b052bd5e8954dbbc726b3d7fd
======================================================================
### GATE 1: corepack pnpm install --frozen-lockfile && corepack pnpm --filter web build
Scope: all 8 workspace projects
Lockfile is up to date, resolution step is skipped
Packages: -138
--------------------------------------------------------------------------------
Progress: resolved 0, reused 0, downloaded 1, added 0
Progress: resolved 0, reused 0, downloaded 2, added 0
Progress: resolved 0, reused 0, downloaded 5, added 0, done

. prepare$ husky
. prepare: Done
Done in 8.7s

> @chat/web@0.0.0 build /srv/work/chat/apps/web
> pnpm generate:version && next build


> @chat/web@0.0.0 generate:version /srv/work/chat/apps/web
> node scripts/generate-version.js

Generated version.json: {
  branch: 'unknown',
  run: '0',
  sha: 'unknown',
  date: '2026-10-03T05:56:18.295Z'
}
Attention: Next.js now collects completely anonymous telemetry regarding usage.
This information is used to shape Next.js' roadmap and prioritize features.
You can learn more, including how to opt-out if you'd not like to participate in this anonymous program, by visiting the following URL:
https://nextjs.org/telemetry

   Γû▓ Next.js 15.5.19

   Creating an optimized production build ...
 Γ£ô Compiled successfully in 12.3s
   Linting and checking validity of types ...
powershell.exe : 
At line:9 char:8
+ $out = & powershell -File C:\temp\proxmox-vm\scripts\lab-run.ps1 -Rep ...
+        ~~~~~~~~~~~~~~~~~~~~~~~~~~~~~~~~~~~~~~~~~~~~~~~~~~~~~~~~~~~~~~
    + CategoryInfo          : NotSpecified: (:String) [], RemoteException
    + FullyQualifiedErrorId : NativeCommandError
 
 ΓÜá The Next.js plugin was not detected in your ESLint configuration. See 
https://nextjs.org/docs/app/api-reference/config/eslint#migrating-existing-config
   Collecting page data ...
   Generating static pages (0/9) ...
   Generating static pages (2/9) 
   Generating static pages (4/9) 
   Generating static pages (6/9) 
 Γ£ô Generating static pages (9/9)
   Finalizing page optimization ...
   Collecting build traces ...

Route (app)                                 Size  First Load JS
Γöî Γùï /                                    4.04 kB         195 kB
Γö£ Γùï /_not-found                            143 B         103 kB
Γö£ ╞Æ /[workspaceSlug]                     3.58 kB         177 kB
Γö£ ╞Æ /[workspaceSlug]/[channelId]          744 kB         944 kB
Γö£ ╞Æ /[workspaceSlug]/admin               10.9 kB         194 kB
Γö£ ╞Æ /[workspaceSlug]/groups               5.7 kB         196 kB
Γö£ ╞Æ /[workspaceSlug]/saved               3.88 kB         191 kB
Γö£ ╞Æ /[workspaceSlug]/scheduled            3.9 kB         194 kB
Γö£ ╞Æ /[workspaceSlug]/search              4.09 kB         191 kB
Γö£ ╞Æ /[workspaceSlug]/settings            7.22 kB         204 kB
Γö£ ╞Æ /[workspaceSlug]/threads             3.48 kB         181 kB
Γö£ Γùï /auth/callback                       1.36 kB         165 kB
Γö£ Γùï /auth/verify                         1.52 kB         165 kB
Γö£ Γùï /install                             3.08 kB         116 kB
Γö£ Γùï /login                               4.78 kB         201 kB
Γö£ ╞Æ /pl/[postId]                         1.84 kB         169 kB
Γöö Γùï /test-accounts                         796 B         168 kB
+ First Load JS shared by all             103 kB
  Γö£ chunks/18-f2538672e261a112.js        46.7 kB
  Γö£ chunks/87c73c54-09e1ba5c70e60a51.js  54.2 kB
  Γöö other shared chunks (total)          1.95 kB


╞Æ Middleware                             32.6 kB

Γùï  (Static)   prerendered as static content
╞Æ  (Dynamic)  server-rendered on demand


exit code: 0
--- END GATE 1 ---
### GATE 2: vitest run for install-state + install-prompt tests

 RUN  v3.2.6 /srv/work/chat

 Γ£ô apps/web/components/pwa/__tests__/install-state.test.ts (3 tests) 3ms
 Γ£ô apps/web/components/pwa/__tests__/install-prompt.test.tsx (7 tests) 195ms

 Test Files  2 passed (2)
      Tests  10 passed (10)
   Start at  05:57:53
   Duration  1.41s (transform 134ms, setup 547ms, collect 152ms, tests 198ms, environment 674ms, prepare 162ms)


exit code: 0
--- END GATE 2 ---
### GATE 3: corepack pnpm --filter web typecheck

> @chat/web@0.0.0 typecheck /srv/work/chat/apps/web
> tsc --noEmit


exit code: 0
--- END GATE 3 ---
### GATE 4: gitleaks secret scan (lab gitleaks 8.30.1)
$ gitleaks dir /tmp/p16scan --redact  (current content of 3 changed files)
exit code: 0
result: no leaks found (scanned 11.50 KB)
$ git diff --cached --unified=0 ... | gitleaks stdin --redact
ssh : 
At line:3 char:6
+ $r = ssh -i $k -o StrictHostKeyChecking=no root@172.23.128.51 $cmd 2> ...
+      ~~~~~~~~~~~~~~~~~~~~~~~~~~~~~~~~~~~~~~~~~~~~~~~~~~~~~~~~~~~~~~~~
    + CategoryInfo          : NotSpecified: (:String) [], RemoteException
    + FullyQualifiedErrorId : NativeCommandError
 
    Γùï
    ΓöéΓò▓
    Γöé Γùï
    Γùï Γûæ
    Γûæ    gitleaks

[90m5:58AM[0m [32mINF[0m [1mscanned ~2766 bytes (2.77 KB) in 246ms[0m
[90m5:58AM[0m [32mINF[0m [1mno leaks found[0m
STDIN_CACHED_EXIT=0

--- END GATE 4 ---
