# PS-U11 verification log (falcon)

run:        20261003-0018-fix-backup-abort-markers-20b5e57
repo:       MaineCyberTech/falcon
base:       origin/main 430da82274af4c0821542627fdb9e6ab74afa826
branch:     remediation/ps-u11-20261003-0018-fix-backup-abort-markers-20b5e57
commit:     1127bf6015f6026c7f930032fe969dbebe320b52
runner:     lab ci-runner 172.23.128.51 (scripts/lab-sync.ps1 + tools/lab_runner.py job API)

## Positive gate: HOME=/root FALCON_EVIDENCE_OPTIONAL=1 python3 ci/validate.py  (exit 0)
PASS  yaml/json parse
PASS  compose image pinning
PASS  compose digest cross-check
PASS  shell syntax (601 scripts)
PASS  shellcheck (173 scripts)
PASS  credential sourcing (no script sources the owner .env)
PASS  gate ledger (102 gates)
PASS  evidence integrity (0 captures, 1127 external skipped in CI)
PASS  evidence index cross-check
PASS  license gate
PASS  secret scan
PASS  edge pin (skipped: edge delivery not present)
PASS  shell tests: automation/validation/tests/abort_marker_test.sh (0.5s)
PASS  shell tests: automation/validation/tests/alert_canary_test.sh (0.3s)
PASS  shell tests: automation/validation/tests/alert_expression_bool_test.sh (0.1s)
PASS  shell tests: automation/validation/tests/audit_run_lifecycle_test.sh (0.8s)
PASS  shell tests: automation/validation/tests/audit_run_scanner_test.sh (0.1s)
PASS  shell tests: automation/validation/tests/cloudflare_token_argv_test.sh (0.0s)
PASS  shell tests: automation/validation/tests/compose_cap_drop_test.sh (0.1s)
PASS  shell tests: automation/validation/tests/compose_digest_check_test.sh (0.4s)
PASS  shell tests: automation/validation/tests/digest_binding_check_test.sh (0.1s)
PASS  shell tests: automation/validation/tests/digest_verdict_consistency_test.sh (0.1s)
PASS  shell tests: automation/validation/tests/edge_cleanup_pinned_test.sh (0.1s)
PASS  shell tests: automation/validation/tests/edge_spool_metrics_test.sh (0.2s)
PASS  shell tests: automation/validation/tests/env_secret_isolation_test.sh (0.1s)
PASS  shell tests: automation/validation/tests/evidence_index_check_test.sh (0.3s)
PASS  shell tests: automation/validation/tests/feed_rate_deviation_check_test.sh (0.2s)
PASS  shell tests: automation/validation/tests/grafana_state_regression.sh (0.0s)
PASS  shell tests: automation/validation/tests/ism_retention_metrics_test.sh (0.2s)
PASS  shell tests: automation/validation/tests/mapping_drift_check_test.sh (0.3s)
PASS  shell tests: automation/validation/tests/offsite_backup_reuse_test.sh (1.8s)
PASS  shell tests: automation/validation/tests/offsite_upload_delta_test.sh (1.5s)
PASS  shell tests: automation/validation/tests/owner_env_validator_test.sh (0.4s)
PASS  shell tests: automation/validation/tests/pair_state_check_test.sh (0.2s)
PASS  shell tests: automation/validation/tests/publish_digest_aggregate_test.sh (0.1s)
PASS  shell tests: automation/validation/tests/r2_cold_tier_setup_test.sh (0.5s)
PASS  shell tests: automation/validation/tests/readme_ledger_drift_test.sh (0.0s)
PASS  shell tests: automation/validation/tests/remediation_guards_test.sh (0.0s)
PASS  shell tests: automation/validation/tests/rotation_status_test.sh (0.2s)
PASS  shell tests: automation/validation/tests/sbom_coverage_and_hashes_test.sh (0.4s)
PASS  shell tests: automation/validation/tests/secret_scan_test.sh (0.5s)
PASS  shell tests: automation/validation/tests/validate_gate_test.sh (0.3s)
PASS  shell tests: automation/validation/tests/wazuh_indexer_backup_test.sh (0.5s)
PASS  shell tests (31 suite(s))

validation_failures=0
GATE_EXIT=0

## Targeted: bash automation/validation/tests/cloudflare_token_argv_test.sh  (exit 0)
ok   no inline Authorization header on a curl command line
ok   curl reads its config from stdin (--config -)
ok   Authorization header is defined in the curl config
ok   token absent from the curl command line
ok   token delivered to curl via stdin config
PASS cloudflare_token_argv (token never on curl argv; delivered via --config -)
TARGETED_EXIT=0

## Secret gate: git diff origin/main HEAD | gitleaks stdin --redact --exit-code 1  (exit 0)
INF scanned ~5869 bytes (5.87 KB) in 238ms
INF no leaks found
GITLEAKS_EXIT=0

## Diff summary
 automation/validation/tests/cloudflare_token_argv_test.sh | 79 ++++++++++++++++++++++
 bootstrap/97-cloudflare-api-config.sh                      | 12 ++--
 config/nftables/falcon.nft                                 | 10 ++-
 3 files changed, 95 insertions(+), 6 deletions(-)

## Worktree note
The lab worktree carries four pre-existing modified docs/phase8/reviews/*.md files
(finding HYG-P2-002; mixed-EOL blobs). They are unrelated to this patch and are not in
the committed diff. No secret values are printed in this log.
