REMEDIATION PS-017 verify.log
REPO (audited): falcon-edge  BASE/HEAD: origin/main (f5811d1c32a3a1f85063b8aa306c67722f5c38a3)
PATCH SET: PS-017  FINDINGS: INV-P2-002 (Wave-0 inventory tooling blind to route table, schema, entry points)
TOOL (canonical upstream): repo-deep-dive tools/repo_inventory.py @ b843f64 (fix(repo_inventory): segment-aware test detection + Next.js App Router routes), merged on repo-deep-dive origin/main
HOST: edge-builder  Linux 6.8.0-142-generic
DATE: 2026-10-03T09:12:44Z
PYTHON: Python 3.12.3  PYTEST: pytest 7.4.4  GITLEAKS: 8.30.1

===== CANONICAL FIX PRESENT ON repo-deep-dive origin/main =====
97:def is_test_path(rel):
105:def app_router_route(rel):
116:def pages_api_route(rel):

===== COMMAND: python3 repo_inventory.py /srv/work/falcon-edge-ps017  (audited repo root) =====
repo: /srv/work/falcon-edge-ps017
files: 1355 lines: 41595
stacks: github-actions
ci systems: github-actions
routes: 0 migrations: 0 workflows: 5 containers: 0 test_files: 52
secret-adjacent filenames (names only): 15
[exit=0]

===== COMMAND: python3 repo_inventory.py /srv/work/ps017-fixture  (Next.js-style fixture) =====
repo: /srv/work/ps017-fixture
files: 6 lines: 11
stacks: none detected
ci systems: none detected
routes: 4 migrations: 0 workflows: 0 containers: 0 test_files: 1
secret-adjacent filenames (names only): 0
[exit=0]

===== FIXTURE DETAIL: routes / test_files / test dirs =====
routes = ['/healthz', '/users', '/api/widgets', '/api/health']
tests.files = 1
tests.dirs = ['tests']
[exit=0]

===== SEGMENT-AWARE is_test_path ASSERTIONS (canonical fix) =====
tests/species.test.ts        is_test_path=True  expected=True  OK
src/data/species.ts          is_test_path=False expected=False OK
src/latest_hotfix.py         is_test_path=False expected=False OK
app/contest/main.py          is_test_path=False expected=False OK
pkg/foo_test.py              is_test_path=True  expected=True  OK
[exit=0]

===== COMMAND: bash ci/validate.sh  (falcon-edge origin/main archive) =====
== json/yaml parse ==
PASS json/yaml parse
== openapi lint ==
PASS  openapi lint: 19 paths, 19 operations, 30 schemas
== generated models ==
/srv/work/falcon-edge-ps017/api/generate_models.py:26: SyntaxWarning: invalid escape sequence '\S'
  HEADER = '''"""Generated by api/generate_models.py from api/openapi/falcon-edge-v1.yaml.
PASS  generated models in sync with the contract
== exported schemas ==
PASS  exported schemas in sync (30 files)
== decision register ==
NOTE  additional areas present: active_discovery, monitoring_scope_details
PASS  decision register valid: 21 decisions, all required areas covered
== gate ledger ==
PASS  gate ledger (88 gates, semantics + round-trip)
== evidence integrity ==
WARN  raw artifact without metadata (possibly an in-progress capture): evidence/raw/P7-G05/qemu-drill-20261001T063831Z/results.txt
PASS  evidence integrity: 474 captures verified, 1 in-progress/orphan artifact(s) warned
== evidence index sync ==
evidence_index: 474 entries; integrity_failures=0
evidence index check: OK (474 entries; tracked index matches rebuild)
== evidence manifest sync ==
manifest check: OK (949 entries verified)
== evidence size budget ==
PASS  evidence size: 950 files, 2.5 MiB (budget 2500 files / 50 MiB)
== license gate ==
WARN   bcc 0.29.1: no license metadata
NOTE   certifi 2023.11.17: MPL-2.0 (weak copyleft; keep attribution)
OS     chardet 5.2.0: LGPL (apt-managed base OS)
OS     cloud-init 26.1: GPL (apt-managed base OS)
WARN   command-not-found 0.3: no license metadata
WARN   distro-info 1.7+build1: no license metadata
OS     launchpadlib 1.11.0: LGPL (apt-managed base OS)
OS     lazr.restfulclient 0.14.6: LGPL (apt-managed base OS)
OS     lazr.uri 1.0.6: LGPL (apt-managed base OS)
OS     PyGObject 3.48.2: LGPL (apt-managed base OS)
OS     python-apt 2.7.7+ubuntu5.3: GPL (apt-managed base OS)
OS     python-debian 0.1.49+ubuntu2: GPL (apt-managed base OS)
OS     sos 4.11.2: GPL (apt-managed base OS)
OS     ssh-import-id 5.11: GPL (apt-managed base OS)
OS     systemd-python 235: LGPL (apt-managed base OS)
OS     ubuntu-pro-client 8001: GPL (apt-managed base OS)
OS     ufw 0.36.2: GPL (apt-managed base OS)
WARN   unattended-upgrades 0.1: no license metadata
OS     wadllib 1.3.6: LGPL (apt-managed base OS)
WARN   zope.interface 6.1: unrecognised license: ZPL 2.1
license gate: scanned=79 allow=59 allow-note=1 warn=5 deny=0 os-baseline=14
== secret scan ==
PASS  secret scan: 1334 files, no findings

validation: ALL PASS
[exit=0]

===== COMMAND: python3 -m pytest -q tests/phase2 tests/phase3  (falcon-edge) =====
........................................................................ [ 55%]
.........................................................                [100%]
129 passed in 69.22s (0:01:09)
[exit=0]

===== COMMAND: gitleaks detect --no-git --redact --source . -v  (falcon-edge) =====

    ○
    │╲
    │ ○
    ○ ░
    ░    gitleaks

[90m9:14AM[0m [32mINF[0m [1mscanned ~6636458 bytes (6.64 MB) in 41s[0m
[90m9:14AM[0m [32mINF[0m [1mno leaks found[0m
[exit=0]

===== PS-017 VERIFY DONE =====
