REMEDIATION PS-011 verify.log
REPO: falcon-edge   BASE: main (f5811d1c32a3a1f85063b8aa306c67722f5c38a3)
BRANCH: remediation/ps-011-20261003-0018-fix-trust-root-87532ec
COMMIT: e9d1866e9c20bb14fa6610fb9b917fe84526040c   SOURCE: git archive --format=tar.gz HEAD (preserves modes)
RUNNER: edge-builder VM 201 (172.23.128.52), Ubuntu 24.04.5, Python 3.12.3, pytest 7.4.4, gitleaks 8.30.1
METHOD: local git archive of the committed branch -> scp -> remote script; the archive is git-initialised so
        ci/validate.sh exercises its git ls-files JSON/YAML parse loop instead of skipping it.
FINDINGS: ARCH-P2-001 (dirty-tree fail-closed guard), HYG-P2-002 + INV-P3-001 (regen/frozen-artifact guards)
HOST: edge-builder Linux 6.8.0-142-generic
DATE: 2026-10-03T08:22:49Z
PYTHON: Python 3.12.3
PYTEST: pytest 7.4.4
GITLEAKS: 8.30.1

########## BASE CHECK (origin/main f5811d1) -- do the findings reproduce? ##########
-- ARCH-P2-001: dirty-tree guard in deploy/edge-control-plane.service?
ExecStartPre ABSENT -> the unit starts from a mutable working tree (reproduces)
-- HYG-P2-002 / INV-P3-001: derived-artifact regen guard wired in ci/validate.sh?
final-response --check ABSENT (reproduces)
closeout/check_derived.py ABSENT -> dashboard/audit-mirror have no drift guard (reproduces)
-- base mutation test: dashboard edited; is a committed drift guard present?
no guard exists -> mutation undetected (reproduces)
REPRODUCES: True

########## PATCHED TREE ##########
tracked files: 1358
changed files vs base: ci/validate.sh closeout/generate_final_response.py closeout/check_derived.py closeout/derived_artifacts.json deploy/edge-control-plane.service tests/phase10/test_derived_artifact_guards.py
NOTE: dashboard/index digests are CRLF-normalised, so they are stable across the git-archive export and a normal checkout.

===== COMMAND: python3 closeout/generate_final_response.py --check =====
PASS closeout/FINAL_RESPONSE.json derived fields in sync with ledgers/gate_ledger.csv
[exit=0]

===== COMMAND: python3 closeout/check_derived.py =====
PASS config/grafana/edge-fleet-dashboard.json frozen at f5811d1c32a3
PASS docs/audits/repo-deep-dive/20261002-0630-edge-f6f1610 frozen at f5811d1c32a3
derived-artifact guard: all pinned artifacts match
[exit=0]

===== COMMAND: python3 -m pytest -q tests/phase2 tests/phase3 =====
........................................................................ [ 55%]
.........................................................                [100%]
129 passed in 82.70s (0:01:22)
[exit=0]

===== COMMAND: python3 -m pytest -q tests/phase8 tests/phase10 =====
..............ss........................                                 [100%]
38 passed, 2 skipped in 10.69s
[exit=0]

===== COMMAND: bash ci/validate.sh =====
== json/yaml parse ==
PASS json/yaml parse
== openapi lint ==
PASS  openapi lint: 19 paths, 19 operations, 30 schemas
== generated models ==
/tmp/falcon-edge-ps011/api/generate_models.py:26: SyntaxWarning: invalid escape sequence '\S'
  HEADER = '''"""Generated by api/generate_models.py from api/openapi/falcon-edge-v1.yaml.
PASS  generated models in sync with the contract
== exported schemas ==
PASS  exported schemas in sync (30 files)
== closeout response sync ==
PASS closeout/FINAL_RESPONSE.json derived fields in sync with ledgers/gate_ledger.csv
== derived artifact guards ==
PASS config/grafana/edge-fleet-dashboard.json frozen at f5811d1c32a3
PASS docs/audits/repo-deep-dive/20261002-0630-edge-f6f1610 frozen at f5811d1c32a3
derived-artifact guard: all pinned artifacts match
== decision register ==
NOTE  additional areas present: active_discovery, monitoring_scope_details
PASS  decision register valid: 21 decisions, all required areas covered
== gate ledger ==
PASS  gate ledger (88 gates, semantics + round-trip)
== evidence integrity ==
WARN  raw artifact without metadata (possibly an in-progress capture): evidence/raw/P7-G05/qemu-drill-20261001T063831Z/results.txt
PASS  evidence integrity: 474 captures verified, 1 in-progress/orphan artifact(s) warned
== evidence index sync ==
evidence_index: 474 entries; integrity_failures=0
evidence index check: OK (474 entries; tracked index matches rebuild)
== evidence manifest sync ==
manifest check: OK (949 entries verified)
== evidence size budget ==
PASS  evidence size: 950 files, 2.5 MiB (budget 2500 files / 50 MiB)
== license gate ==
WARN   bcc 0.29.1: no license metadata
NOTE   certifi 2023.11.17: MPL-2.0 (weak copyleft; keep attribution)
OS     chardet 5.2.0: LGPL (apt-managed base OS)
OS     cloud-init 26.1: GPL (apt-managed base OS)
WARN   command-not-found 0.3: no license metadata
WARN   distro-info 1.7+build1: no license metadata
OS     launchpadlib 1.11.0: LGPL (apt-managed base OS)
OS     lazr.restfulclient 0.14.6: LGPL (apt-managed base OS)
OS     lazr.uri 1.0.6: LGPL (apt-managed base OS)
OS     PyGObject 3.48.2: LGPL (apt-managed base OS)
OS     python-apt 2.7.7+ubuntu5.3: GPL (apt-managed base OS)
OS     python-debian 0.1.49+ubuntu2: GPL (apt-managed base OS)
OS     sos 4.11.2: GPL (apt-managed base OS)
OS     ssh-import-id 5.11: GPL (apt-managed base OS)
OS     systemd-python 235: LGPL (apt-managed base OS)
OS     ubuntu-pro-client 8001: GPL (apt-managed base OS)
OS     ufw 0.36.2: GPL (apt-managed base OS)
WARN   unattended-upgrades 0.1: no license metadata
OS     wadllib 1.3.6: LGPL (apt-managed base OS)
WARN   zope.interface 6.1: unrecognised license: ZPL 2.1
license gate: scanned=79 allow=59 allow-note=1 warn=5 deny=0 os-baseline=14
== secret scan ==
PASS  secret scan: 1342 files, no findings

validation: ALL PASS
[exit=0]

########## DIRTY-TREE GUARD FUNCTIONAL CHECK (ARCH-P2-001) ##########
guard body: set -e; cd /home/user/falcon-edge-build; if [ -n "$(/usr/bin/git --no-optional-locks status --porcelain)" ]; then echo "ARCH-P2-001: source tree /home/user/falcon-edge-build is dirty; refusing to start. Commit or stash local edits (or deploy a pinned clean tree)."; /usr/bin/git --no-optional-locks status --porcelain; exit 1; fi
-- clean tree:
[clean exit=0]
-- dirty tree (untracked scratch.txt):
ARCH-P2-001: source tree /home/user/falcon-edge-build is dirty; refusing to start. Commit or stash local edits (or deploy a pinned clean tree).
?? scratch.txt
[dirty exit=1]

-- systemd-analyze verify deploy/edge-control-plane.service:
[systemd-analyze exit=0]

########## REGEN / FROZEN-ARTIFACT GUARD MUTATION CHECK (HYG-P2-002 / INV-P3-001) ##########
-- mutate Grafana dashboard (append a byte):
FAIL derived artifact drifted: config/grafana/edge-fleet-dashboard.json
     expected dbc25604e8a5eb974ea231e0cca3ae7f5d8125de10e3a06107eec3615716d0e4
     actual   3c6196af8b15f98a083a1804fb8468926629a11d6a7458c96a240500968b382e
PASS docs/audits/repo-deep-dive/20261002-0630-edge-f6f1610 frozen at f5811d1c32a3
derived-artifact guard: 1 failure(s); update closeout/derived_artifacts.json only when the artifact is intentionally regenerated
[dashboard-mutated check_derived exit=1]
-- mutate gate ledger source (flip first PASS to FAIL):
FAIL closeout/FINAL_RESPONSE.json out of sync with ledgers/gate_ledger.csv: gate_counts, phase_gate_counts
  gate_counts: committed={'PASS': 86, 'FAIL': 0, 'BLOCKED': 2, 'INSUFFICIENT_EVIDENCE': 0, 'NOT_RUN': 0, 'NOT_APPLICABLE': 0} computed={'PASS': 85, 'FAIL': 1, 'BLOCKED': 2, 'INSUFFICIENT_EVIDENCE': 0, 'NOT_RUN': 0, 'NOT_APPLICABLE': 0}
  phase_gate_counts: committed={'0': {'PASS': 8}, '1': {'PASS': 8}, '2': {'PASS': 8}, '3': {'PASS': 8}, '4': {'PASS': 8}, '5': {'PASS': 8}, '6': {'PASS': 7, 'BLOCKED': 1}, '7': {'PASS': 8}, '8': {'PASS': 8}, '9': {'PASS': 7, 'BLOCKED': 1}, '10': {'PASS': 8}} computed={'0': {'PASS': 7, 'FAIL': 1}, '1': {'PASS': 8}, '2': {'PASS': 8}, '3': {'PASS': 8}, '4': {'PASS': 8}, '5': {'PASS': 8}, '6': {'PASS': 7, 'BLOCKED': 1}, '7': {'PASS': 8}, '8': {'PASS': 8}, '9': {'PASS': 7, 'BLOCKED': 1}, '10': {'PASS': 8}}
[ledger-mutated generate_final_response --check exit=1]
-- mutate frozen audit mirror (append a byte to INDEX.md):
PASS config/grafana/edge-fleet-dashboard.json frozen at f5811d1c32a3
FAIL derived directory drifted: docs/audits/repo-deep-dive/20261002-0630-edge-f6f1610
     expected tree c18a1444e94c0bbbb3bc4a3863bb47b7cfe8469ea63542ef5d3a876bf8080e15
     actual   tree 8493467681b2dd0207e3d55356a4eef30508f5ab509191eef62654e9e74899be
derived-artifact guard: 1 failure(s); update closeout/derived_artifacts.json only when the artifact is intentionally regenerated
[mirror-mutated check_derived exit=1]
-- restored tree:
PASS config/grafana/edge-fleet-dashboard.json frozen at f5811d1c32a3
PASS docs/audits/repo-deep-dive/20261002-0630-edge-f6f1610 frozen at f5811d1c32a3
derived-artifact guard: all pinned artifacts match
[restored check_derived exit=0]
PASS closeout/FINAL_RESPONSE.json derived fields in sync with ledgers/gate_ledger.csv
[restored generate_final_response --check exit=0]

########## SECRET GATE ##########

===== COMMAND: gitleaks detect --no-git --redact --source . -v =====

    ○
    │╲
    │ ○
    ○ ░
    ░    gitleaks

[90m8:25AM[0m [32mINF[0m [1mscanned ~6734460 bytes (6.73 MB) in 46.3s[0m
[90m8:25AM[0m [32mINF[0m [1mno leaks found[0m
[exit=0]

PS-011 verification complete.
