# PATCH-08 verification log

- repo: C:\temp\chat (lab copy: /srv/work/chat)
- base: origin/develop a72b8cc43590848b052bd5e8954dbbc726b3d7fd
- local commit at verification: 9feae529cc04e0f53e87abb1539b7307dbf62dbf
- generated: 2026-10-03T09:48:00Z
- runner: Proxmox ci-runner via lab-run.ps1 (172.23.128.51)
- note: working tree (fix + tests) synced to the lab before running; raw captures kept alongside as raw-api.txt / raw-checks.txt / gitleaks.log

## Command 1 (profile): corepack pnpm install --frozen-lockfile && corepack pnpm --filter api test

exit: 0

```
 Γ£ô apps/api/src/middleware/__tests__/metrics-auth.test.ts (6 tests) 14ms
 Γ£ô apps/worker/src/__tests__/metrics-auth.test.ts (5 tests) 6ms
 Γ£ô apps/api/src/lib/__tests__/metrics.test.ts (1 test) 11ms
 Test Files  65 passed (65)
      Tests  497 passed (497)
   Start at  09:46:36
   Duration  35.53s (transform 5.37s, setup 29.00s, collect 17.40s, tests 11.64s, environment 17.37s, prepare 10.29s)
```

## Command 2 (gates): config/db/sdk build && api+worker typecheck && api+worker lint

exit: 0

```

> @chat/config@0.0.0 build /srv/work/chat/packages/config
> tsc


> @chat/db@0.0.0 build /srv/work/chat/packages/db
> tsc


> @chat/sdk@0.0.0 build /srv/work/chat/packages/sdk
> tsc


> @chat/api@0.0.0 typecheck /srv/work/chat/apps/api
> tsc --noEmit


> @chat/worker@0.0.0 typecheck /srv/work/chat/apps/worker
> tsc --noEmit


> @chat/api@0.0.0 lint /srv/work/chat/apps/api
> eslint .


> @chat/worker@0.0.0 lint /srv/work/chat/apps/worker
> eslint .

```

## Command 3 (secret gate): gitleaks protect --staged --redact --exit-code 1

exit: 0 (no leaks found in staged diff)

```
    Γùï Γûæ
    Γûæ    gitleaks

[90m9:46AM[0m [32mINF[0m [1m0 commits scanned.[0m
[90m9:46AM[0m [32mINF[0m [1mscanned ~9906 bytes (9.91 KB) in 233ms[0m
[90m9:46AM[0m [32mINF[0m [1mno leaks found[0m
```
