# PS-U13 verification - unassigned TEST findings (TEST-P2-001/002, TEST-P3-001/002; TEST-P2-003 xref PS-U04)
commit: a7fb4a6270774ad588f68184fa4a21cd5d61565c
branch: remediation/ps-u13-20261003-0018-main-59e12b9
node:   v20.20.2
npm:    10.8.2
gitleaks: 8.30.1
actionlint: 1.7.12
core.autocrlf: false

## changed files (branch vs base 59e12b9)
M	.github/workflows/ci-foundation.yml
M	AGENTS.md
M	README.md
M	apps/web/e2e/shopPanel.a11y.spec.ts
M	package-lock.json
M	package.json
M	playwright.config.ts
M	scripts/verify-all.sh
M	vitest.config.ts

## file(1) on changed text files (LF check)
.github/workflows/ci-foundation.yml: Unicode text, UTF-8 text
AGENTS.md: Unicode text, UTF-8 text
README.md: Unicode text, UTF-8 text
apps/web/e2e/shopPanel.a11y.spec.ts: JavaScript source, Unicode text, UTF-8 text
package-lock.json: JSON text data
package.json: JSON text data
playwright.config.ts: JavaScript source, Unicode text, UTF-8 text
scripts/verify-all.sh: Bourne-Again shell script, ASCII text executable
vitest.config.ts: JavaScript source, ASCII text

## actionlint .github/workflows/ci-foundation.yml
actionlint_exit=0

## bash -n scripts/verify-all.sh
bashn_exit=0

## npm ci
npm warn EBADENGINE Unsupported engine {
npm warn EBADENGINE   package: '@puppeteer/browsers@3.2.2',
npm warn EBADENGINE   required: { node: '>=22.12.0' },
npm warn EBADENGINE   current: { node: 'v20.20.2', npm: '10.8.2' }
npm warn EBADENGINE }
npm warn EBADENGINE Unsupported engine {
npm warn EBADENGINE   package: '@supabase/auth-js@2.116.0',
npm warn EBADENGINE   required: { node: '>=22.0.0' },
npm warn EBADENGINE   current: { node: 'v20.20.2', npm: '10.8.2' }
npm warn EBADENGINE }
npm warn EBADENGINE Unsupported engine {
npm warn EBADENGINE   package: '@supabase/functions-js@2.116.0',
npm warn EBADENGINE   required: { node: '>=22.0.0' },
npm warn EBADENGINE   current: { node: 'v20.20.2', npm: '10.8.2' }
npm warn EBADENGINE }
npm warn EBADENGINE Unsupported engine {
npm warn EBADENGINE   package: '@supabase/postgrest-js@2.116.0',
npm warn EBADENGINE   required: { node: '>=22.0.0' },
npm warn EBADENGINE   current: { node: 'v20.20.2', npm: '10.8.2' }
npm warn EBADENGINE }
npm warn EBADENGINE Unsupported engine {
npm warn EBADENGINE   package: '@supabase/realtime-js@2.116.0',
npm warn EBADENGINE   required: { node: '>=22.0.0' },
npm warn EBADENGINE   current: { node: 'v20.20.2', npm: '10.8.2' }
npm warn EBADENGINE }
npm warn EBADENGINE Unsupported engine {
npm warn EBADENGINE   package: '@supabase/storage-js@2.116.0',
npm warn EBADENGINE   required: { node: '>=22.0.0' },
npm warn EBADENGINE   current: { node: 'v20.20.2', npm: '10.8.2' }
npm warn EBADENGINE }
npm warn EBADENGINE Unsupported engine {
npm warn EBADENGINE   package: '@supabase/supabase-js@2.116.0',
npm warn EBADENGINE   required: { node: '>=22.0.0' },
npm warn EBADENGINE   current: { node: 'v20.20.2', npm: '10.8.2' }
npm warn EBADENGINE }
npm warn EBADENGINE Unsupported engine {
npm warn EBADENGINE   package: '@vitest/istanbul-lib-coverage@1.0.2',
npm warn EBADENGINE   required: { node: '>=22' },
npm warn EBADENGINE   current: { node: 'v20.20.2', npm: '10.8.2' }
npm warn EBADENGINE }
npm warn EBADENGINE Unsupported engine {
npm warn EBADENGINE   package: '@vitest/istanbul-lib-report@1.0.2',
npm warn EBADENGINE   required: { node: '>=22' },
npm warn EBADENGINE   current: { node: 'v20.20.2', npm: '10.8.2' }
npm warn EBADENGINE }
npm warn EBADENGINE Unsupported engine {
npm warn EBADENGINE   package: 'puppeteer@25.10.0',
npm warn EBADENGINE   required: { node: '>=22.12.0' },
npm warn EBADENGINE   current: { node: 'v20.20.2', npm: '10.8.2' }
npm warn EBADENGINE }
npm warn EBADENGINE Unsupported engine {
npm warn EBADENGINE   package: 'puppeteer-core@25.10.0',
npm warn EBADENGINE   required: { node: '>=22.12.0' },
npm warn EBADENGINE   current: { node: 'v20.20.2', npm: '10.8.2' }
npm warn EBADENGINE }
npm warn EBADENGINE Unsupported engine {
npm warn EBADENGINE   package: 'vitest@5.0.0',
npm warn EBADENGINE   required: { node: '^22.12.0 || ^24.0.0 || >=26.0.0' },
npm warn EBADENGINE   current: { node: 'v20.20.2', npm: '10.8.2' }
npm warn EBADENGINE }
npm warn deprecated prebuild-install@7.1.3: No longer maintained. Please contact the author of the relevant native addon; alternatives are available.
npm warn deprecated glob@10.5.0: Old versions of glob are not supported, and contain widely publicized security vulnerabilities, which have been fixed in the current version. Please update. Support for old versions may be purchased (at exorbitant rates) by contacting i@izs.me

added 640 packages, and audited 646 packages in 27s

179 packages are looking for funding
  run `npm fund` for details

17 vulnerabilities (2 moderate, 15 high)

To address issues that do not require attention, run:
  npm audit fix

To address all issues (including breaking changes), run:
  npm audit fix --force

Run `npm audit` for details.
npm_ci_exit=0

## npm run lint

> snowride@0.1.0 lint
> npm run lint --workspaces --if-present


> @snowride/web@0.1.0 lint
> eslint .


/srv/work/snowride-ps-u13/apps/web/components/game/Home.tsx
  844:6  warning  React Hook useEffect has a missing dependency: 'gameReady'. Either include it or remove the dependency array  react-hooks/exhaustive-deps

✖ 1 problem (0 errors, 1 warning)

lint_exit=0

## npm run test:coverage

> snowride@0.1.0 test:coverage
> npm run build:packages && npm run build:realtime && vitest run --coverage --exclude '**/server.integration.test.ts'


> snowride@0.1.0 build:packages
> npm run build -w @snowride/contracts && npm run build -w @snowride/game-core


> @snowride/contracts@0.1.0 build
> tsc -p tsconfig.json


> @snowride/game-core@0.1.0 build
> tsc -p tsconfig.json


> snowride@0.1.0 build:realtime
> npm run build -w apps/realtime


> @snowride/realtime@0.1.0 build
> tsc -p tsconfig.json


[1m[30m[46m RUN [49m[39m[22m [36mv5.0.0 [39m[90m/srv/work/snowride-ps-u13[39m
      [2mCoverage enabled with [22m[33mv8[39m

[90mstderr[2m | apps/realtime/src/__tests__/replayStore.test.ts
[22m[39m⚠️  Node.js 20 and below are deprecated and will no longer be supported in future versions of @supabase/supabase-js. Please upgrade to Node.js 22 or later. For more information, visit: https://github.com/orgs/supabase/discussions/45715

 [32m✓[39m packages/game-core/src/__tests__/tricks.test.ts [2m([22m[2m38 tests[22m[2m)[22m[32m 23[2mms[22m[39m
 [32m✓[39m apps/realtime/src/__tests__/replayStore.test.ts [2m([22m[2m27 tests[22m[2m)[22m[32m 21[2mms[22m[39m
 [32m✓[39m packages/game-core/src/__tests__/scoring.test.ts [2m([22m[2m29 tests[22m[2m)[22m[32m 86[2mms[22m[39m
 [32m✓[39m packages/contracts/src/__tests__/economySimulation.test.ts [2m([22m[2m6 tests[22m[2m)[22m[32m 11[2mms[22m[39m
 [32m✓[39m apps/web/lib/__tests__/prediction.test.ts [2m([22m[2m12 tests[22m[2m)[22m[32m 45[2mms[22m[39m
 [32m✓[39m apps/realtime/src/__tests__/authoritative-room.test.ts [2m([22m[2m23 tests[22m[2m)[22m[32m 148[2mms[22m[39m
[90mstderr[2m | apps/realtime/src/__tests__/networklab.test.ts
[22m[39m⚠️  Node.js 20 and below are deprecated and will no longer be supported in future versions of @supabase/supabase-js. Please upgrade to Node.js 22 or later. For more information, visit: https://github.com/orgs/supabase/discussions/45715

 [32m✓[39m packages/game-core/src/__tests__/avalanche.test.ts [2m([22m[2m12 tests[22m[2m)[22m[32m 29[2mms[22m[39m
[90mstderr[2m | apps/realtime/src/__tests__/metrics.test.ts
[22m[39m⚠️  Node.js 20 and below are deprecated and will no longer be supported in future versions of @supabase/supabase-js. Please upgrade to Node.js 22 or later. For more information, visit: https://github.com/orgs/supabase/discussions/45715

 [32m✓[39m packages/game-core/src/__tests__/ghostV2.test.ts [2m([22m[2m15 tests[22m[2m)[22m[32m 71[2mms[22m[39m
 [32m✓[39m apps/realtime/src/__tests__/metrics.test.ts [2m([22m[2m6 tests[22m[2m)[22m[33m 386[2mms[22m[39m
 [32m✓[39m packages/game-core/src/__tests__/creatorCourse.test.ts [2m([22m[2m16 tests[22m[2m)[22m[32m 85[2mms[22m[39m
 [32m✓[39m packages/game-core/src/__tests__/ghostTerminal.test.ts [2m([22m[2m11 tests[22m[2m)[22m[32m 84[2mms[22m[39m
 [32m✓[39m packages/game-core/src/__tests__/authoritative.test.ts [2m([22m[2m12 tests[22m[2m)[22m[32m 43[2mms[22m[39m
 [32m✓[39m packages/game-core/src/__tests__/rating.test.ts [2m([22m[2m14 tests[22m[2m)[22m[32m 26[2mms[22m[39m
[90mstderr[2m | apps/realtime/src/__tests__/social.test.ts
[22m[39m⚠️  Node.js 20 and below are deprecated and will no longer be supported in future versions of @supabase/supabase-js. Please upgrade to Node.js 22 or later. For more information, visit: https://github.com/orgs/supabase/discussions/45715

 [32m✓[39m apps/realtime/src/__tests__/social.test.ts [2m([22m[2m14 tests[22m[2m)[22m[32m 14[2mms[22m[39m
 [32m✓[39m apps/web/lib/__tests__/multiplayerAdapter.test.ts [2m([22m[2m7 tests[22m[2m)[22m[32m 9[2mms[22m[39m
 [32m✓[39m apps/web/lib/__tests__/authService.test.ts [2m([22m[2m11 tests[22m[2m)[22m[32m 9[2mms[22m[39m
 [32m✓[39m packages/game-core/src/__tests__/content.test.ts [2m([22m[2m16 tests[22m[2m)[22m[32m 124[2mms[22m[39m
 [32m✓[39m packages/game-core/src/__tests__/replayBoundaryCorpus.test.ts [2m([22m[2m43 tests[22m[2m)[22m[32m 22[2mms[22m[39m
 [32m✓[39m packages/game-core/src/__tests__/inputMappingGamepad.test.ts [2m([22m[2m15 tests[22m[2m)[22m[32m 11[2mms[22m[39m
 [32m✓[39m packages/game-core/src/__tests__/inputPrecedence.test.ts [2m([22m[2m13 tests[22m[2m)[22m[32m 9[2mms[22m[39m
 [32m✓[39m apps/realtime/src/__tests__/submissions.test.ts [2m([22m[2m16 tests[22m[2m)[22m[32m 69[2mms[22m[39m
 [32m✓[39m apps/realtime/src/__tests__/networklab.test.ts [2m([22m[2m4 tests[22m[2m)[22m[33m 2743[2mms[22m[39m
   [32m✓[39m P8 network lab: duplicate / stale / reorder / loss / teleport [2m(4)[22m
     [33m[2m✓[22m[39m denies duplicate and stale frames with sequence_gap and keeps the stream consistent[33m 660[2mms[22m[39m
     [33m[2m✓[22m[39m denies out-of-bounds, teleport and spawn-anchor jumps; anchor uses server-known spawn[33m 736[2mms[22m[39m
     [33m[2m✓[22m[39m channel-level loss permanently desyncs the strict stream (documented duplicate semantics)[33m 459[2mms[22m[39m
     [33m[2m✓[22m[39m reconnect after loss reconciles the stream (P21-G04 convergence)[33m 623[2mms[22m[39m
[90mstderr[2m | apps/realtime/src/__tests__/backpressure.test.ts
[22m[39m⚠️  Node.js 20 and below are deprecated and will no longer be supported in future versions of @supabase/supabase-js. Please upgrade to Node.js 22 or later. For more information, visit: https://github.com/orgs/supabase/discussions/45715

 [32m✓[39m apps/realtime/src/__tests__/backpressure.test.ts [2m([22m[2m6 tests[22m[2m)[22m[32m 48[2mms[22m[39m
 [32m✓[39m packages/game-core/src/__tests__/world.test.ts [2m([22m[2m10 tests[22m[2m)[22m[32m 81[2mms[22m[39m
 [32m✓[39m packages/game-core/src/__tests__/ghostCodec.test.ts [2m([22m[2m13 tests[22m[2m)[22m[32m 136[2mms[22m[39m
 [32m✓[39m packages/game-core/src/__tests__/controlStream.test.ts [2m([22m[2m12 tests[22m[2m)[22m[32m 32[2mms[22m[39m
 [32m✓[39m packages/game-core/src/__tests__/events.test.ts [2m([22m[2m12 tests[22m[2m)[22m[32m 16[2mms[22m[39m
 [32m✓[39m apps/web/lib/__tests__/adminConnection.test.ts [2m([22m[2m7 tests[22m[2m)[22m[32m 10[2mms[22m[39m
 [32m✓[39m packages/game-core/src/__tests__/sessionAuthority.test.ts [2m([22m[2m9 tests[22m[2m)[22m[32m 124[2mms[22m[39m
 [32m✓[39m packages/game-core/src/__tests__/eventLedger.test.ts [2m([22m[2m10 tests[22m[2m)[22m[32m 10[2mms[22m[39m
 [32m✓[39m packages/game-core/src/__tests__/combos.test.ts [2m([22m[2m12 tests[22m[2m)[22m[32m 12[2mms[22m[39m
 [32m✓[39m packages/game-core/src/__tests__/creatorEditor.test.ts [2m([22m[2m10 tests[22m[2m)[22m[32m 38[2mms[22m[39m
 [32m✓[39m apps/web/lib/__tests__/inputSettingsStore.test.ts [2m([22m[2m10 tests[22m[2m)[22m[32m 12[2mms[22m[39m
 [32m✓[39m apps/web/lib/__tests__/socialService.test.ts [2m([22m[2m7 tests[22m[2m)[22m[32m 9[2mms[22m[39m
 [32m✓[39m packages/game-core/src/__tests__/ghostPlayer.test.ts [2m([22m[2m4 tests[22m[2m)[22m[32m 6[2mms[22m[39m
 [32m✓[39m packages/game-core/src/__tests__/contentSecurity.test.ts [2m([22m[2m10 tests[22m[2m)[22m[32m 54[2mms[22m[39m
 [32m✓[39m packages/game-core/src/__tests__/eventCapParity.test.ts [2m([22m[2m4 tests[22m[2m)[22m[32m 48[2mms[22m[39m
 [32m✓[39m apps/realtime/src/__tests__/raceLifecycle.test.ts [2m([22m[2m8 tests[22m[2m)[22m[32m 8[2mms[22m[39m
 [32m✓[39m apps/web/lib/__tests__/shopService.test.ts [2m([22m[2m7 tests[22m[2m)[22m[32m 10[2mms[22m[39m
 [32m✓[39m apps/web/lib/__tests__/partyService.test.ts [2m([22m[2m6 tests[22m[2m)[22m[32m 15[2mms[22m[39m
 [32m✓[39m packages/game-core/src/__tests__/betaRelease.test.ts [2m([22m[2m7 tests[22m[2m)[22m[32m 7[2mms[22m[39m
 [32m✓[39m apps/web/lib/__tests__/buildWiring.test.ts [2m([22m[2m8 tests[22m[2m)[22m[32m 10[2mms[22m[39m
 [32m✓[39m packages/game-core/src/__tests__/biomeVelocityBound.test.ts [2m([22m[2m5 tests[22m[2m)[22m[32m 7[2mms[22m[39m
 [32m✓[39m packages/game-core/src/__tests__/hazards.test.ts [2m([22m[2m6 tests[22m[2m)[22m[32m 44[2mms[22m[39m
 [32m✓[39m packages/contracts/src/__tests__/schemas.test.ts [2m([22m[2m10 tests[22m[2m)[22m[32m 16[2mms[22m[39m
⚠️  Node.js 20 and below are deprecated and will no longer be supported in future versions of @supabase/supabase-js. Please upgrade to Node.js 22 or later. For more information, visit: https://github.com/orgs/supabase/discussions/45715
 [32m✓[39m apps/realtime/src/__tests__/entrypoint.test.ts [2m([22m[2m2 tests[22m[2m)[22m[33m 550[2mms[22m[39m
 [32m✓[39m apps/web/lib/__tests__/browserCapabilities.test.ts [2m([22m[2m5 tests[22m[2m)[22m[32m 9[2mms[22m[39m
 [32m✓[39m packages/game-core/src/__tests__/rideFeel.test.ts [2m([22m[2m6 tests[22m[2m)[22m[32m 39[2mms[22m[39m
 [32m✓[39m packages/game-core/src/__tests__/goldenRun.test.ts [2m([22m[2m3 tests[22m[2m)[22m[32m 9[2mms[22m[39m
 [32m✓[39m apps/web/lib/__tests__/accountData.test.ts [2m([22m[2m6 tests[22m[2m)[22m[32m 11[2mms[22m[39m
 [32m✓[39m packages/contracts/src/__tests__/noAudioOutput.test.ts [2m([22m[2m3 tests[22m[2m)[22m[32m 13[2mms[22m[39m
 [32m✓[39m apps/realtime/src/__tests__/telemetryMatrix.test.ts [2m([22m[2m3 tests[22m[2m)[22m[32m 14[2mms[22m[39m
 [32m✓[39m packages/game-core/src/__tests__/launchReadiness.test.ts [2m([22m[2m5 tests[22m[2m)[22m[32m 8[2mms[22m[39m
 [32m✓[39m packages/game-core/src/__tests__/headingContract.test.ts [2m([22m[2m6 tests[22m[2m)[22m[32m 45[2mms[22m[39m
 [32m✓[39m apps/web/lib/__tests__/authenticatedSocket.test.ts [2m([22m[2m7 tests[22m[2m)[22m[32m 12[2mms[22m[39m
 [32m✓[39m packages/game-core/src/__tests__/bootLifecycle.test.ts [2m([22m[2m7 tests[22m[2m)[22m[32m 9[2mms[22m[39m
 [32m✓[39m packages/game-core/src/__tests__/runBiomeContract.test.ts [2m([22m[2m4 tests[22m[2m)[22m[32m 10[2mms[22m[39m
 [32m✓[39m packages/game-core/src/__tests__/mechanics.test.ts [2m([22m[2m5 tests[22m[2m)[22m[32m 53[2mms[22m[39m
 [32m✓[39m packages/game-core/src/__tests__/economyConcurrency.test.ts [2m([22m[2m4 tests[22m[2m)[22m[32m 7[2mms[22m[39m
 [32m✓[39m apps/realtime/src/__tests__/liveops.test.ts [2m([22m[2m5 tests[22m[2m)[22m[32m 7[2mms[22m[39m
 [32m✓[39m packages/game-core/src/__tests__/spinGhostValidity.test.ts [2m([22m[2m4 tests[22m[2m)[22m[32m 24[2mms[22m[39m
 [32m✓[39m apps/web/components/shop/__tests__/ShopPanel.test.tsx [2m([22m[2m8 tests[22m[2m)[22m[32m 44[2mms[22m[39m
 [32m✓[39m packages/game-core/src/__tests__/scoring.crossRuntime.test.ts [2m([22m[2m1 test[22m[2m)[22m[32m 132[2mms[22m[39m
 [32m✓[39m packages/game-core/src/__tests__/challengeScheduler.test.ts [2m([22m[2m4 tests[22m[2m)[22m[32m 7[2mms[22m[39m
 [32m✓[39m packages/game-core/src/__tests__/equipment.test.ts [2m([22m[2m3 tests[22m[2m)[22m[32m 10[2mms[22m[39m
 [32m✓[39m apps/web/components/settings/__tests__/SettingsPanel.test.tsx [2m([22m[2m7 tests[22m[2m)[22m[32m 8[2mms[22m[39m
 [32m✓[39m packages/game-core/src/__tests__/sceneTextures.test.ts [2m([22m[2m3 tests[22m[2m)[22m[32m 8[2mms[22m[39m
 [32m✓[39m tests/ledger-format.test.ts [2m([22m[2m5 tests[22m[2m)[22m[32m 7[2mms[22m[39m
 [32m✓[39m apps/web/lib/__tests__/achievements.test.ts [2m([22m[2m4 tests[22m[2m)[22m[32m 10[2mms[22m[39m
 [32m✓[39m apps/web/components/game/__tests__/HUD.test.tsx [2m([22m[2m5 tests[22m[2m)[22m[32m 17[2mms[22m[39m
 [32m✓[39m apps/web/lib/__tests__/perfReporter.test.ts [2m([22m[2m3 tests[22m[2m)[22m[32m 37[2mms[22m[39m
 [32m✓[39m apps/web/lib/__tests__/supabaseBindingGuard.test.ts [2m([22m[2m1 test[22m[2m)[22m[32m 15[2mms[22m[39m
 [32m✓[39m packages/game-core/src/__tests__/creatorDiscovery.test.ts [2m([22m[2m4 tests[22m[2m)[22m[32m 7[2mms[22m[39m
 [32m✓[39m apps/realtime/src/__tests__/rateLimit.test.ts [2m([22m[2m6 tests[22m[2m)[22m[32m 6[2mms[22m[39m
 [32m✓[39m apps/web/lib/__tests__/ariaLiveAnnouncer.test.ts [2m([22m[2m4 tests[22m[2m)[22m[32m 18[2mms[22m[39m
 [32m✓[39m packages/game-core/src/__tests__/input.test.ts [2m([22m[2m5 tests[22m[2m)[22m[32m 7[2mms[22m[39m
 [32m✓[39m apps/web/lib/__tests__/submissionQueue.test.ts [2m([22m[2m5 tests[22m[2m)[22m[32m 9[2mms[22m[39m
[90mstderr[2m | apps/realtime/src/__tests__/otel.test.ts
[22m[39m⚠️  Node.js 20 and below are deprecated and will no longer be supported in future versions of @supabase/supabase-js. Please upgrade to Node.js 22 or later. For more information, visit: https://github.com/orgs/supabase/discussions/45715

 [32m✓[39m packages/game-core/src/__tests__/browserGate.test.ts [2m([22m[2m5 tests[22m[2m)[22m[32m 8[2mms[22m[39m
 [32m✓[39m apps/realtime/src/__tests__/otel.test.ts [2m([22m[2m2 tests[22m[2m)[22m[32m 11[2mms[22m[39m
 [32m✓[39m apps/web/components/system/__tests__/BrowserGate.test.tsx [2m([22m[2m4 tests[22m[2m)[22m[32m 15[2mms[22m[39m
 [32m✓[39m apps/web/lib/__tests__/passService.test.ts [2m([22m[2m4 tests[22m[2m)[22m[32m 8[2mms[22m[39m
 [32m✓[39m apps/web/lib/__tests__/loadoutService.test.ts [2m([22m[2m4 tests[22m[2m)[22m[32m 8[2mms[22m[39m
 [32m✓[39m apps/realtime/src/__tests__/rooms.test.ts [2m([22m[2m5 tests[22m[2m)[22m[32m 8[2mms[22m[39m
 [32m✓[39m apps/web/lib/__tests__/rivalService.test.ts [2m([22m[2m4 tests[22m[2m)[22m[32m 7[2mms[22m[39m
 [32m✓[39m apps/web/lib/__tests__/purchaseA11y.test.ts [2m([22m[2m3 tests[22m[2m)[22m[32m 6[2mms[22m[39m
 [32m✓[39m apps/web/lib/__tests__/challengeService.test.ts [2m([22m[2m4 tests[22m[2m)[22m[32m 8[2mms[22m[39m
 [32m✓[39m apps/web/lib/__tests__/useFocusTrap.test.tsx [2m([22m[2m3 tests[22m[2m)[22m[32m 69[2mms[22m[39m
 [32m✓[39m apps/web/lib/__tests__/notificationAnnouncer.test.ts [2m([22m[2m5 tests[22m[2m)[22m[32m 7[2mms[22m[39m
 [32m✓[39m packages/game-core/src/__tests__/runIntegrityFinish.test.ts [2m([22m[2m3 tests[22m[2m)[22m[32m 6[2mms[22m[39m
 [32m✓[39m packages/game-core/src/__tests__/disciplines.test.ts [2m([22m[2m12 tests[22m[2m)[22m[32m 21[2mms[22m[39m
 [32m✓[39m packages/game-core/src/__tests__/economySimulation.test.ts [2m([22m[2m4 tests[22m[2m)[22m[32m 8[2mms[22m[39m
 [32m✓[39m packages/game-core/src/__tests__/difficultyBands.test.ts [2m([22m[2m4 tests[22m[2m)[22m[32m 5[2mms[22m[39m
 [32m✓[39m apps/web/lib/__tests__/progressionService.test.ts [2m([22m[2m3 tests[22m[2m)[22m[32m 8[2mms[22m[39m
 [32m✓[39m packages/game-core/src/__tests__/ramps.test.ts [2m([22m[2m5 tests[22m[2m)[22m[32m 8[2mms[22m[39m
 [32m✓[39m packages/game-core/src/__tests__/pass.test.ts [2m([22m[2m3 tests[22m[2m)[22m[32m 7[2mms[22m[39m
 [32m✓[39m packages/game-core/src/__tests__/contentActivation.test.ts [2m([22m[2m3 tests[22m[2m)[22m[32m 9[2mms[22m[39m
 [32m✓[39m apps/realtime/src/__tests__/perfAggregator.test.ts [2m([22m[2m2 tests[22m[2m)[22m[32m 37[2mms[22m[39m
 [32m✓[39m apps/web/components/admin/__tests__/AdminPage.test.tsx [2m([22m[2m3 tests[22m[2m)[22m[32m 5[2mms[22m[39m
 [32m✓[39m packages/contracts/src/__tests__/noUserText.test.ts [2m([22m[2m2 tests[22m[2m)[22m[32m 9[2mms[22m[39m
 [32m✓[39m apps/web/lib/__tests__/uiSystem.test.ts [2m([22m[2m4 tests[22m[2m)[22m[32m 12[2mms[22m[39m
 [32m✓[39m packages/game-core/src/__tests__/perfBudgets.test.ts [2m([22m[2m3 tests[22m[2m)[22m[32m 27[2mms[22m[39m
 [32m✓[39m apps/web/lib/__tests__/stylePreference.test.ts [2m([22m[2m5 tests[22m[2m)[22m[32m 10[2mms[22m[39m
 [32m✓[39m packages/game-core/src/__tests__/dataExport.test.ts [2m([22m[2m3 tests[22m[2m)[22m[32m 7[2mms[22m[39m
 [32m✓[39m packages/game-core/src/__tests__/contentA11y.test.ts [2m([22m[2m3 tests[22m[2m)[22m[32m 11[2mms[22m[39m
 [32m✓[39m apps/web/lib/__tests__/motionPreference.test.ts [2m([22m[2m4 tests[22m[2m)[22m[32m 11[2mms[22m[39m
 [32m✓[39m apps/web/lib/__tests__/optimisticShop.test.ts [2m([22m[2m3 tests[22m[2m)[22m[32m 7[2mms[22m[39m
 [32m✓[39m packages/game-core/src/__tests__/deviceMatrix.test.ts [2m([22m[2m4 tests[22m[2m)[22m[32m 7[2mms[22m[39m
 [32m✓[39m apps/web/lib/__tests__/supabaseBindingAstGuard.test.ts [2m([22m[2m2 tests[22m[2m)[22m[33m 1916[2mms[22m[39m
   [32m✓[39m no detached supabase.rpc (AST guard, supplements regex guard) [2m(2)[22m
     [33m[2m✓[22m[39m flags no detached supabase.rpc in production service code[33m 1166[2mms[22m[39m
     [33m[2m✓[22m[39m self-test still catches a detached supabase.rpc[33m 747[2mms[22m[39m
 [32m✓[39m apps/realtime/src/__tests__/notificationService.test.ts [2m([22m[2m4 tests[22m[2m)[22m[32m 6[2mms[22m[39m
 [32m✓[39m packages/game-core/src/__tests__/perfAggregate.test.ts [2m([22m[2m3 tests[22m[2m)[22m[32m 7[2mms[22m[39m
 [32m✓[39m packages/game-core/src/__tests__/perfMeasure.test.ts [2m([22m[2m4 tests[22m[2m)[22m[32m 125[2mms[22m[39m
 [32m✓[39m packages/game-core/src/__tests__/inputRemap.test.ts [2m([22m[2m4 tests[22m[2m)[22m[32m 6[2mms[22m[39m
 [32m✓[39m apps/realtime/src/__tests__/auth.test.ts [2m([22m[2m4 tests[22m[2m)[22m[32m 12[2mms[22m[39m
 [32m✓[39m apps/web/lib/__tests__/sfx.test.ts [2m([22m[2m3 tests[22m[2m)[22m[32m 10[2mms[22m[39m
 [32m✓[39m apps/web/lib/__tests__/sparkline.test.ts [2m([22m[2m3 tests[22m[2m)[22m[32m 13[2mms[22m[39m
 [32m✓[39m apps/web/components/account/__tests__/AccountPanel.test.tsx [2m([22m[2m4 tests[22m[2m)[22m[32m 7[2mms[22m[39m
 [32m✓[39m apps/web/lib/__tests__/qualityPreference.test.ts [2m([22m[2m3 tests[22m[2m)[22m[32m 11[2mms[22m[39m
 [32m✓[39m packages/game-core/src/__tests__/progression.test.ts [2m([22m[2m3 tests[22m[2m)[22m[32m 10[2mms[22m[39m
 [32m✓[39m packages/game-core/src/__tests__/gamepadInput.test.ts [2m([22m[2m3 tests[22m[2m)[22m[32m 5[2mms[22m[39m
 [32m✓[39m apps/web/components/creator/__tests__/CourseEditor.test.tsx [2m([22m[2m3 tests[22m[2m)[22m[32m 6[2mms[22m[39m
 [32m✓[39m apps/web/components/game/__tests__/CourseMinimap.test.tsx [2m([22m[2m2 tests[22m[2m)[22m[32m 15[2mms[22m[39m
 [32m✓[39m apps/web/lib/__tests__/i18n.test.ts [2m([22m[2m3 tests[22m[2m)[22m[32m 11[2mms[22m[39m
 [32m✓[39m apps/web/components/privacy/__tests__/PrivacyPanel.test.tsx [2m([22m[2m3 tests[22m[2m)[22m[32m 5[2mms[22m[39m
 [32m✓[39m apps/web/components/game/__tests__/LeaderboardPanel.test.tsx [2m([22m[2m2 tests[22m[2m)[22m[32m 6[2mms[22m[39m
 [32m✓[39m apps/web/components/game/__tests__/GameLobby.test.tsx [2m([22m[2m2 tests[22m[2m)[22m[32m 5[2mms[22m[39m
 [32m✓[39m apps/web/components/pass/__tests__/PassPanel.test.tsx [2m([22m[2m1 test[22m[2m)[22m[32m 13[2mms[22m[39m
 [32m✓[39m apps/web/components/progress/__tests__/ProgressionPanel.test.tsx [2m([22m[2m1 test[22m[2m)[22m[32m 21[2mms[22m[39m
 [32m✓[39m apps/web/components/social/__tests__/SocialPanel.test.tsx [2m([22m[2m1 test[22m[2m)[22m[32m 14[2mms[22m[39m
 [32m✓[39m apps/web/components/challenges/__tests__/ChallengePanel.test.tsx [2m([22m[2m1 test[22m[2m)[22m[32m 13[2mms[22m[39m
 [32m✓[39m apps/web/lib/__tests__/music.test.ts [2m([22m[2m1 test[22m[2m)[22m[32m 6[2mms[22m[39m
 [32m✓[39m apps/web/components/party/__tests__/PartyPanel.test.tsx [2m([22m[2m1 test[22m[2m)[22m[32m 13[2mms[22m[39m

[2m Test Files [22m [1m[32m131 passed[39m[22m[90m (131)[39m
[2m      Tests [22m [1m[32m873 passed[39m[22m[90m (873)[39m
[2m   Start at [22m 10:19:58
[2m   Duration [22m 23.26s[2m (environment 36%, tests 19%, import 15%, transform 13%, setup 11%, worker 7%)[22m

[2m    Isolate [22m [33m131 workers spawned[39m[2m · ~258ms startup each (spawn + environment, per file)[22m
[2m            [22m [2mat least ~11.01s faster with [22m[33misolate: false[39m[2m — reuses workers across files instead of one per file[22m

[34m % [39m[2mCoverage report from [22m[33mv8[39m
-------------------|---------|----------|---------|---------|-------------------
File               | % Stmts | % Branch | % Funcs | % Lines | Uncovered Line #s 
-------------------|---------|----------|---------|---------|-------------------
All files          |      44 |     39.9 |   46.75 |   44.46 |                   
 apps/realtime/src |   36.71 |    31.21 |   44.58 |   36.77 |                   
  auth.ts          |   68.42 |    85.18 |   66.66 |   66.66 | 37-49             
  ...ative-room.ts |   93.66 |     78.2 |   89.47 |    96.8 | 206,213,245,386   
  backpressure.ts  |      96 |       90 |     100 |   95.65 | 35                
  config.ts        |   23.07 |     9.09 |   14.28 |   23.07 | 22,104-337        
  liveops.ts       |   94.73 |       92 |     100 |   94.73 | 56                
  ...ionService.ts |     100 |      100 |     100 |     100 |                   
  ...Aggregator.ts |   86.48 |    61.53 |   81.81 |     100 | 31-43,57          
  ...uctSurface.ts |   17.07 |       10 |    5.55 |   17.94 | ...97,331-377,398 
  raceLifecycle.ts |   93.75 |     90.9 |     100 |     100 | 37-38             
  rateLimit.ts     |     100 |    85.71 |     100 |     100 | 13                
  replayStore.ts   |   71.55 |    63.63 |      75 |   71.96 | ...12,415,440-485 
  rooms.ts         |   77.02 |    65.45 |   83.33 |   76.47 | ...16,145,183-200 
  server.ts        |   24.85 |    18.21 |   27.04 |   25.11 | ...5771,5817-5867 
  social-guards.ts |     100 |      100 |     100 |     100 |                   
  social.ts        |   79.01 |    60.56 |   71.87 |   79.45 | ...77,290,313,319 
  submissions.ts   |   76.19 |    69.23 |    62.5 |   76.19 | 121,218-227       
  ...etryMatrix.ts |     100 |      100 |     100 |     100 |                   
 ...e/src/services |    1.83 |        0 |    2.81 |     2.2 |                   
  supabase.ts      |    1.83 |        0 |    2.81 |     2.2 | 9,39-1623         
 ...onents/account |   21.87 |     15.9 |    4.76 |   22.58 |                   
  AccountPanel.tsx |   21.87 |     15.9 |    4.76 |   22.58 | ...13-115,155-201 
 ...mponents/admin |   15.68 |     5.78 |    1.86 |   17.16 |                   
  AdminPage.tsx    |   15.68 |     5.78 |    1.86 |   17.16 | ...1803,1818-2264 
 ...nts/challenges |   32.25 |       16 |   11.11 |   35.71 |                   
  ...engePanel.tsx |   32.25 |       16 |   11.11 |   35.71 | ...6,61-65,92-121 
 ...onents/creator |   28.07 |    21.31 |   12.82 |    29.8 |                   
  CourseEditor.tsx |   28.07 |    21.31 |   12.82 |    29.8 | ...04-234,260-472 
 ...omponents/game |   36.29 |    35.91 |   20.58 |   38.18 |                   
  ...seMinimap.tsx |     100 |      100 |     100 |     100 |                   
  GameLobby.tsx    |      20 |    16.66 |      10 |   23.07 | 31-66             
  HUD.tsx          |     100 |       80 |     100 |     100 | ...71,77-83,92-98 
  ...oardPanel.tsx |   24.65 |    10.29 |      10 |   27.27 | ...48,164,179-290 
 ...mponents/party |   31.25 |    19.04 |    8.33 |   37.03 |                   
  PartyPanel.tsx   |   31.25 |    19.04 |    8.33 |   37.03 | ...7,64-69,88-146 
 ...omponents/pass |   33.33 |    15.38 |   14.28 |   34.61 |                   
  PassPanel.tsx    |   33.33 |    15.38 |   14.28 |   34.61 | ...3,57-69,95-130 
 ...onents/privacy |   14.63 |     8.33 |   16.66 |   14.63 |                   
  PrivacyPanel.tsx |   14.63 |     8.33 |   16.66 |   14.63 | 30-42,50-64,73-92 
 ...nents/progress |      35 |    41.17 |   16.66 |   38.88 |                   
  ...sionPanel.tsx |      35 |    41.17 |   16.66 |   38.88 | 33-42,78-79       
 ...nents/settings |    17.3 |    24.07 |   16.66 |   15.95 |                   
  ...ingsPanel.tsx |    17.3 |    24.07 |   16.66 |   15.95 | 107-387           
 ...omponents/shop |      35 |    23.94 |      25 |   36.84 |                   
  ShopPanel.tsx    |      35 |    23.94 |      25 |   36.84 | ...45-159,182-248 
 ...ponents/social |    27.5 |       28 |    6.25 |   30.55 |                   
  SocialPanel.tsx  |    27.5 |       28 |    6.25 |   30.55 | ...,79-84,103-202 
 ...ponents/system |   35.29 |     64.7 |   42.85 |   35.29 |                   
  BrowserGate.tsx  |   33.33 |    73.33 |      40 |   33.33 | 77-96             
  CloseButton.tsx  |     100 |      100 |     100 |     100 |                   
  RetryButton.tsx  |       0 |        0 |       0 |       0 | 15-17             
 apps/web/lib      |   74.59 |       66 |   76.86 |   76.97 |                   
  accountData.ts   |   86.66 |    85.71 |     100 |   85.71 | 74,100-101,137    
  achievements.ts  |      80 |    86.66 |      50 |   73.07 | 88-99             
  ...Connection.ts |   93.93 |    66.66 |      90 |   93.75 | 48-49             
  ...eAnnouncer.ts |     100 |    85.71 |     100 |     100 | 46                
  authService.ts   |    75.9 |       75 |   53.84 |      80 | ...66-173,212-242 
  ...atedSocket.ts |     100 |      100 |     100 |     100 |                   
  ...pabilities.ts |   96.55 |    88.23 |     100 |   96.29 | 85                
  ...ngeService.ts |   77.77 |    72.22 |      50 |   93.33 | 57                
  i18n.ts          |   65.62 |    53.33 |      60 |   66.66 | 158,181,193-204   
  ...tingsStore.ts |   83.72 |    66.66 |     100 |   86.11 | 34,58,68,75-76    
  ...outService.ts |     100 |     90.9 |     100 |     100 | 27                
  ...Preference.ts |     100 |      100 |     100 |     100 |                   
  ...yerAdapter.ts |   88.57 |       82 |   78.57 |    90.9 | ...27,234,247-249 
  music.ts         |   35.89 |    28.57 |   45.45 |   37.31 | ...23-126,131-140 
  ...nAnnouncer.ts |    87.5 |    81.81 |   91.66 |    92.3 | 82-83             
  ...misticShop.ts |     100 |       75 |     100 |     100 | 35,44             
  partyService.ts  |   83.33 |    67.74 |     100 |   91.48 | 94,127,141,155    
  passService.ts   |   83.33 |    68.96 |   66.66 |   88.23 | 45,87             
  perfReporter.ts  |   54.31 |    42.85 |   52.63 |   58.82 | ...72-173,288-332 
  prediction.ts    |   91.76 |     87.5 |     100 |   95.71 | 105,126,149       
  ...ionService.ts |      90 |    81.81 |      50 |     100 | 24,30,36-37       
  purchaseA11y.ts  |   85.71 |    66.66 |     100 |   85.71 | 37                
  ...Preference.ts |     100 |      100 |     100 |     100 |                   
  rivalService.ts  |     100 |      100 |     100 |     100 |                   
  sfx.ts           |   47.16 |    55.55 |     100 |   46.93 | ...44,62-72,78-93 
  shopService.ts   |      40 |    37.66 |      60 |      40 | ...99,315-321,328 
  socialService.ts |   68.42 |    58.73 |      75 |   74.24 | ...51,176,192,199 
  sparkline.ts     |     100 |      100 |     100 |     100 |                   
  ...Preference.ts |     100 |      100 |     100 |     100 |                   
  ...ssionQueue.ts |   81.57 |    72.72 |   78.57 |   79.41 | 83,92-103         
  ...baseClient.ts |       0 |      100 |       0 |       0 | 8                 
  uiSystem.ts      |     100 |      100 |     100 |     100 |                   
  useFocusTrap.ts  |   88.88 |       75 |     100 |     100 | 18-32,39          
 .../contracts/src |   90.62 |       30 |      75 |   90.62 |                   
  constants.ts     |     100 |      100 |     100 |     100 |                   
  ghost.ts         |   80.76 |     37.5 |     100 |   80.76 | 144-150,154-158   
  schemas.ts       |   94.11 |        0 |       0 |   94.11 | 191               
 .../game-core/src |   93.85 |    87.67 |   95.56 |   95.22 |                   
  authoritative.ts |   88.37 |    86.36 |   78.26 |   89.16 | ...54,259,346-373 
  avalanche.ts     |   98.36 |    88.46 |     100 |     100 | 193,223-230       
  betaRelease.ts   |     100 |    97.56 |     100 |     100 | 19                
  biomeDecor.ts    |     100 |      100 |     100 |     100 |                   
  browserGate.ts   |     100 |       90 |     100 |     100 | 109               
  ...eScheduler.ts |     100 |    93.75 |     100 |     100 | 71                
  combos.ts        |     100 |      100 |     100 |     100 |                   
  content.ts       |   96.64 |    95.08 |   88.23 |   96.89 | 170,378,418,488   
  contentA11y.ts   |     100 |      100 |     100 |     100 |                   
  ...Activation.ts |     100 |      100 |     100 |     100 |                   
  controlStream.ts |   98.38 |    94.54 |     100 |   98.21 | 64                
  creatorCourse.ts |     100 |      100 |     100 |     100 |                   
  ...rDiscovery.ts |   96.66 |    83.33 |     100 |     100 | 47,80             
  creatorEditor.ts |    86.9 |    69.44 |   96.15 |   93.42 | 261,265,296-302   
  dataExport.ts    |     100 |      100 |     100 |     100 |                   
  deviceMatrix.ts  |   81.81 |    84.61 |     100 |      75 | 25,33             
  ...cultyBands.ts |      90 |       75 |     100 |     100 | 29,36             
  ...oncurrency.ts |   96.22 |    68.18 |     100 |     100 | 66-95,109         
  ...Simulation.ts |     100 |      100 |     100 |     100 |                   
  equipment.ts     |   91.42 |     90.9 |   81.81 |   93.75 | 239-244           
  eventLedger.ts   |    97.4 |    89.58 |     100 |   97.05 | 80,138            
  events.ts        |     100 |      100 |     100 |     100 |                   
  gamepad.ts       |   72.22 |       45 |      80 |      75 | 76-83             
  gamepadInput.ts  |     100 |      100 |     100 |     100 |                   
  ghostCodec.ts    |   84.96 |     85.6 |     100 |    87.5 | ...93,335,339,342 
  hazards.ts       |   96.15 |    69.23 |     100 |   97.95 | 179               
  input.ts         |   93.87 |    92.85 |     100 |   94.04 | 97-99,104,117,127 
  inputRemap.ts    |   89.47 |    93.75 |      80 |    87.5 | 28,55             
  ...hReadiness.ts |   83.33 |    80.76 |     100 |     100 | 78-82             
  mechanics.ts     |     100 |       50 |     100 |     100 | 40                
  pass.ts          |     100 |      100 |     100 |     100 |                   
  perfAggregate.ts |   93.75 |       75 |     100 |     100 | 20,42             
  perfBudgets.ts   |     100 |      100 |     100 |     100 |                   
  perfMeasure.ts   |     100 |      100 |     100 |     100 |                   
  progression.ts   |     100 |      100 |     100 |     100 |                   
  ramps.ts         |     100 |      100 |     100 |     100 |                   
  rating.ts        |     100 |      100 |     100 |     100 |                   
  rideFeel.ts      |   94.87 |     62.5 |     100 |   96.96 | 41                
  runIntegrity.ts  |   84.31 |    71.05 |     100 |   85.41 | ...82,185,203,209 
  scoring.ts       |   96.66 |    93.75 |     100 |   96.55 | 132,150           
  ...nAuthority.ts |   91.07 |    81.81 |     100 |   90.56 | ...85,192,198,216 
  tricks.ts        |   95.27 |    90.82 |     100 |   96.72 | ...49-350,383-384 
  world.ts         |   92.59 |      100 |    92.3 |   93.33 | 215-219           
 ...sts__/fixtures |       0 |        0 |       0 |       0 |                   
  ...fixtures.json |       0 |        0 |       0 |       0 |                   
 ...e/src/entities |    87.5 |       50 |      80 |    90.9 |                   
  GhostPlayer.ts   |    87.5 |       50 |      80 |    90.9 | 44-45             
 ...ore/src/scenes |    5.91 |     1.63 |    5.17 |    6.32 |                   
  BootScene.ts     |     100 |      100 |     100 |     100 |                   
  ...boardScene.ts |    5.34 |        0 |     0.9 |    5.75 | ...1032,1054-4399 
 scripts/assurance |    44.7 |    47.16 |   77.77 |    42.3 |                   
  ...er-format.mjs |    44.7 |    47.16 |   77.77 |    42.3 | 49,124-222        
-------------------|---------|----------|---------|---------|-------------------
test_coverage_exit=0

## npm test

> snowride@0.1.0 test
> npm run build:packages && npm run build:realtime && vitest run --exclude '**/server.integration.test.ts'


> snowride@0.1.0 build:packages
> npm run build -w @snowride/contracts && npm run build -w @snowride/game-core


> @snowride/contracts@0.1.0 build
> tsc -p tsconfig.json


> @snowride/game-core@0.1.0 build
> tsc -p tsconfig.json


> snowride@0.1.0 build:realtime
> npm run build -w apps/realtime


> @snowride/realtime@0.1.0 build
> tsc -p tsconfig.json


[1m[30m[46m RUN [49m[39m[22m [36mv5.0.0 [39m[90m/srv/work/snowride-ps-u13[39m

⚠️  Node.js 20 and below are deprecated and will no longer be supported in future versions of @supabase/supabase-js. Please upgrade to Node.js 22 or later. For more information, visit: https://github.com/orgs/supabase/discussions/45715
 [32m✓[39m apps/realtime/src/__tests__/entrypoint.test.ts [2m([22m[2m2 tests[22m[2m)[22m[33m 529[2mms[22m[39m
[90mstderr[2m | apps/realtime/src/__tests__/networklab.test.ts
[22m[39m⚠️  Node.js 20 and below are deprecated and will no longer be supported in future versions of @supabase/supabase-js. Please upgrade to Node.js 22 or later. For more information, visit: https://github.com/orgs/supabase/discussions/45715

[90mstderr[2m | apps/realtime/src/__tests__/metrics.test.ts
[22m[39m⚠️  Node.js 20 and below are deprecated and will no longer be supported in future versions of @supabase/supabase-js. Please upgrade to Node.js 22 or later. For more information, visit: https://github.com/orgs/supabase/discussions/45715

 [32m✓[39m apps/web/lib/__tests__/supabaseBindingAstGuard.test.ts [2m([22m[2m2 tests[22m[2m)[22m[33m 1691[2mms[22m[39m
   [32m✓[39m no detached supabase.rpc (AST guard, supplements regex guard) [2m(2)[22m
     [33m[2m✓[22m[39m flags no detached supabase.rpc in production service code[33m 981[2mms[22m[39m
     [33m[2m✓[22m[39m self-test still catches a detached supabase.rpc[33m 707[2mms[22m[39m
 [32m✓[39m apps/realtime/src/__tests__/metrics.test.ts [2m([22m[2m6 tests[22m[2m)[22m[33m 355[2mms[22m[39m
 [32m✓[39m apps/realtime/src/__tests__/authoritative-room.test.ts [2m([22m[2m23 tests[22m[2m)[22m[32m 108[2mms[22m[39m
 [32m✓[39m packages/game-core/src/__tests__/ghostCodec.test.ts [2m([22m[2m13 tests[22m[2m)[22m[32m 146[2mms[22m[39m
 [32m✓[39m packages/game-core/src/__tests__/perfMeasure.test.ts [2m([22m[2m4 tests[22m[2m)[22m[32m 119[2mms[22m[39m
 [32m✓[39m packages/game-core/src/__tests__/scoring.crossRuntime.test.ts [2m([22m[2m1 test[22m[2m)[22m[32m 85[2mms[22m[39m
 [32m✓[39m packages/game-core/src/__tests__/sessionAuthority.test.ts [2m([22m[2m9 tests[22m[2m)[22m[32m 90[2mms[22m[39m
 [32m✓[39m packages/game-core/src/__tests__/content.test.ts [2m([22m[2m16 tests[22m[2m)[22m[32m 143[2mms[22m[39m
 [32m✓[39m packages/game-core/src/__tests__/scoring.test.ts [2m([22m[2m29 tests[22m[2m)[22m[32m 60[2mms[22m[39m
 [32m✓[39m packages/game-core/src/__tests__/creatorCourse.test.ts [2m([22m[2m16 tests[22m[2m)[22m[32m 77[2mms[22m[39m
 [32m✓[39m packages/game-core/src/__tests__/ghostTerminal.test.ts [2m([22m[2m11 tests[22m[2m)[22m[32m 107[2mms[22m[39m
 [32m✓[39m packages/game-core/src/__tests__/world.test.ts [2m([22m[2m10 tests[22m[2m)[22m[32m 89[2mms[22m[39m
 [32m✓[39m packages/game-core/src/__tests__/ghostV2.test.ts [2m([22m[2m15 tests[22m[2m)[22m[32m 62[2mms[22m[39m
 [32m✓[39m apps/realtime/src/__tests__/networklab.test.ts [2m([22m[2m4 tests[22m[2m)[22m[33m 2762[2mms[22m[39m
   [32m✓[39m P8 network lab: duplicate / stale / reorder / loss / teleport [2m(4)[22m
     [33m[2m✓[22m[39m denies duplicate and stale frames with sequence_gap and keeps the stream consistent[33m 658[2mms[22m[39m
     [33m[2m✓[22m[39m denies out-of-bounds, teleport and spawn-anchor jumps; anchor uses server-known spawn[33m 742[2mms[22m[39m
     [33m[2m✓[22m[39m channel-level loss permanently desyncs the strict stream (documented duplicate semantics)[33m 467[2mms[22m[39m
     [33m[2m✓[22m[39m reconnect after loss reconciles the stream (P21-G04 convergence)[33m 634[2mms[22m[39m
 [32m✓[39m apps/realtime/src/__tests__/submissions.test.ts [2m([22m[2m16 tests[22m[2m)[22m[32m 71[2mms[22m[39m
 [32m✓[39m packages/game-core/src/__tests__/contentSecurity.test.ts [2m([22m[2m10 tests[22m[2m)[22m[32m 59[2mms[22m[39m
 [32m✓[39m apps/web/lib/__tests__/useFocusTrap.test.tsx [2m([22m[2m3 tests[22m[2m)[22m[32m 49[2mms[22m[39m
 [32m✓[39m packages/game-core/src/__tests__/mechanics.test.ts [2m([22m[2m5 tests[22m[2m)[22m[32m 27[2mms[22m[39m
[90mstderr[2m | apps/realtime/src/__tests__/backpressure.test.ts
[22m[39m⚠️  Node.js 20 and below are deprecated and will no longer be supported in future versions of @supabase/supabase-js. Please upgrade to Node.js 22 or later. For more information, visit: https://github.com/orgs/supabase/discussions/45715

 [32m✓[39m packages/game-core/src/__tests__/eventCapParity.test.ts [2m([22m[2m4 tests[22m[2m)[22m[32m 52[2mms[22m[39m
 [32m✓[39m apps/realtime/src/__tests__/backpressure.test.ts [2m([22m[2m6 tests[22m[2m)[22m[32m 47[2mms[22m[39m
 [32m✓[39m packages/game-core/src/__tests__/headingContract.test.ts [2m([22m[2m6 tests[22m[2m)[22m[32m 29[2mms[22m[39m
 [32m✓[39m packages/game-core/src/__tests__/hazards.test.ts [2m([22m[2m6 tests[22m[2m)[22m[32m 36[2mms[22m[39m
 [32m✓[39m apps/web/lib/__tests__/prediction.test.ts [2m([22m[2m12 tests[22m[2m)[22m[32m 25[2mms[22m[39m
 [32m✓[39m packages/game-core/src/__tests__/authoritative.test.ts [2m([22m[2m12 tests[22m[2m)[22m[32m 61[2mms[22m[39m
 [32m✓[39m packages/game-core/src/__tests__/rideFeel.test.ts [2m([22m[2m6 tests[22m[2m)[22m[32m 51[2mms[22m[39m
 [32m✓[39m apps/web/components/shop/__tests__/ShopPanel.test.tsx [2m([22m[2m8 tests[22m[2m)[22m[32m 41[2mms[22m[39m
 [32m✓[39m apps/realtime/src/__tests__/perfAggregator.test.ts [2m([22m[2m2 tests[22m[2m)[22m[32m 23[2mms[22m[39m
 [32m✓[39m packages/game-core/src/__tests__/controlStream.test.ts [2m([22m[2m12 tests[22m[2m)[22m[32m 20[2mms[22m[39m
 [32m✓[39m packages/game-core/src/__tests__/creatorEditor.test.ts [2m([22m[2m10 tests[22m[2m)[22m[32m 46[2mms[22m[39m
 [32m✓[39m packages/game-core/src/__tests__/avalanche.test.ts [2m([22m[2m12 tests[22m[2m)[22m[32m 36[2mms[22m[39m
 [32m✓[39m packages/game-core/src/__tests__/perfBudgets.test.ts [2m([22m[2m3 tests[22m[2m)[22m[32m 6[2mms[22m[39m
 [32m✓[39m apps/web/lib/__tests__/perfReporter.test.ts [2m([22m[2m3 tests[22m[2m)[22m[32m 36[2mms[22m[39m
 [32m✓[39m packages/game-core/src/__tests__/rating.test.ts [2m([22m[2m14 tests[22m[2m)[22m[32m 32[2mms[22m[39m
 [32m✓[39m packages/game-core/src/__tests__/spinGhostValidity.test.ts [2m([22m[2m4 tests[22m[2m)[22m[32m 16[2mms[22m[39m
 [32m✓[39m packages/game-core/src/__tests__/tricks.test.ts [2m([22m[2m38 tests[22m[2m)[22m[32m 32[2mms[22m[39m
[90mstderr[2m | apps/realtime/src/__tests__/replayStore.test.ts
[22m[39m⚠️  Node.js 20 and below are deprecated and will no longer be supported in future versions of @supabase/supabase-js. Please upgrade to Node.js 22 or later. For more information, visit: https://github.com/orgs/supabase/discussions/45715

 [32m✓[39m packages/game-core/src/__tests__/replayBoundaryCorpus.test.ts [2m([22m[2m43 tests[22m[2m)[22m[32m 171[2mms[22m[39m
 [32m✓[39m apps/realtime/src/__tests__/replayStore.test.ts [2m([22m[2m27 tests[22m[2m)[22m[32m 105[2mms[22m[39m
 [32m✓[39m packages/game-core/src/__tests__/disciplines.test.ts [2m([22m[2m12 tests[22m[2m)[22m[32m 45[2mms[22m[39m
 [32m✓[39m apps/web/components/progress/__tests__/ProgressionPanel.test.tsx [2m([22m[2m1 test[22m[2m)[22m[32m 12[2mms[22m[39m
 [32m✓[39m apps/web/lib/__tests__/ariaLiveAnnouncer.test.ts [2m([22m[2m4 tests[22m[2m)[22m[32m 19[2mms[22m[39m
 [32m✓[39m packages/contracts/src/__tests__/schemas.test.ts [2m([22m[2m10 tests[22m[2m)[22m[32m 15[2mms[22m[39m
 [32m✓[39m packages/game-core/src/__tests__/events.test.ts [2m([22m[2m12 tests[22m[2m)[22m[32m 19[2mms[22m[39m
 [32m✓[39m apps/web/components/game/__tests__/HUD.test.tsx [2m([22m[2m5 tests[22m[2m)[22m[32m 17[2mms[22m[39m
 [32m✓[39m apps/web/lib/__tests__/supabaseBindingGuard.test.ts [2m([22m[2m1 test[22m[2m)[22m[32m 7[2mms[22m[39m
 [32m✓[39m apps/web/lib/__tests__/partyService.test.ts [2m([22m[2m6 tests[22m[2m)[22m[32m 12[2mms[22m[39m
 [32m✓[39m apps/web/components/system/__tests__/BrowserGate.test.tsx [2m([22m[2m4 tests[22m[2m)[22m[32m 22[2mms[22m[39m
 [32m✓[39m apps/realtime/src/__tests__/telemetryMatrix.test.ts [2m([22m[2m3 tests[22m[2m)[22m[32m 20[2mms[22m[39m
 [32m✓[39m apps/web/components/game/__tests__/CourseMinimap.test.tsx [2m([22m[2m2 tests[22m[2m)[22m[32m 13[2mms[22m[39m
 [32m✓[39m apps/web/components/social/__tests__/SocialPanel.test.tsx [2m([22m[2m1 test[22m[2m)[22m[32m 14[2mms[22m[39m
[90mstderr[2m | apps/realtime/src/__tests__/social.test.ts
[22m[39m⚠️  Node.js 20 and below are deprecated and will no longer be supported in future versions of @supabase/supabase-js. Please upgrade to Node.js 22 or later. For more information, visit: https://github.com/orgs/supabase/discussions/45715

 [32m✓[39m apps/web/lib/__tests__/sparkline.test.ts [2m([22m[2m3 tests[22m[2m)[22m[32m 6[2mms[22m[39m
 [32m✓[39m apps/realtime/src/__tests__/social.test.ts [2m([22m[2m14 tests[22m[2m)[22m[32m 28[2mms[22m[39m
 [32m✓[39m packages/contracts/src/__tests__/noAudioOutput.test.ts [2m([22m[2m3 tests[22m[2m)[22m[32m 13[2mms[22m[39m
 [32m✓[39m apps/web/components/pass/__tests__/PassPanel.test.tsx [2m([22m[2m1 test[22m[2m)[22m[32m 10[2mms[22m[39m
 [32m✓[39m apps/web/components/challenges/__tests__/ChallengePanel.test.tsx [2m([22m[2m1 test[22m[2m)[22m[32m 11[2mms[22m[39m
 [32m✓[39m apps/web/lib/__tests__/uiSystem.test.ts [2m([22m[2m4 tests[22m[2m)[22m[32m 8[2mms[22m[39m
 [32m✓[39m apps/web/components/party/__tests__/PartyPanel.test.tsx [2m([22m[2m1 test[22m[2m)[22m[32m 14[2mms[22m[39m
 [32m✓[39m apps/realtime/src/__tests__/auth.test.ts [2m([22m[2m4 tests[22m[2m)[22m[32m 6[2mms[22m[39m
 [32m✓[39m apps/web/lib/__tests__/authenticatedSocket.test.ts [2m([22m[2m7 tests[22m[2m)[22m[32m 9[2mms[22m[39m
 [32m✓[39m packages/game-core/src/__tests__/combos.test.ts [2m([22m[2m12 tests[22m[2m)[22m[32m 10[2mms[22m[39m
[90mstderr[2m | apps/realtime/src/__tests__/otel.test.ts
[22m[39m⚠️  Node.js 20 and below are deprecated and will no longer be supported in future versions of @supabase/supabase-js. Please upgrade to Node.js 22 or later. For more information, visit: https://github.com/orgs/supabase/discussions/45715

 [32m✓[39m apps/realtime/src/__tests__/otel.test.ts [2m([22m[2m2 tests[22m[2m)[22m[32m 13[2mms[22m[39m
 [32m✓[39m apps/web/lib/__tests__/inputSettingsStore.test.ts [2m([22m[2m10 tests[22m[2m)[22m[32m 14[2mms[22m[39m
 [32m✓[39m apps/web/lib/__tests__/i18n.test.ts [2m([22m[2m3 tests[22m[2m)[22m[32m 7[2mms[22m[39m
 [32m✓[39m apps/web/lib/__tests__/accountData.test.ts [2m([22m[2m6 tests[22m[2m)[22m[32m 7[2mms[22m[39m
 [32m✓[39m apps/web/lib/__tests__/qualityPreference.test.ts [2m([22m[2m3 tests[22m[2m)[22m[32m 12[2mms[22m[39m
 [32m✓[39m packages/game-core/src/__tests__/contentA11y.test.ts [2m([22m[2m3 tests[22m[2m)[22m[32m 7[2mms[22m[39m
 [32m✓[39m packages/game-core/src/__tests__/inputMappingGamepad.test.ts [2m([22m[2m15 tests[22m[2m)[22m[32m 11[2mms[22m[39m
 [32m✓[39m packages/contracts/src/__tests__/economySimulation.test.ts [2m([22m[2m6 tests[22m[2m)[22m[32m 7[2mms[22m[39m
 [32m✓[39m apps/web/lib/__tests__/motionPreference.test.ts [2m([22m[2m4 tests[22m[2m)[22m[32m 8[2mms[22m[39m
 [32m✓[39m packages/game-core/src/__tests__/runBiomeContract.test.ts [2m([22m[2m4 tests[22m[2m)[22m[32m 12[2mms[22m[39m
 [32m✓[39m apps/web/lib/__tests__/buildWiring.test.ts [2m([22m[2m8 tests[22m[2m)[22m[32m 14[2mms[22m[39m
 [32m✓[39m apps/web/lib/__tests__/sfx.test.ts [2m([22m[2m3 tests[22m[2m)[22m[32m 11[2mms[22m[39m
 [32m✓[39m apps/web/lib/__tests__/shopService.test.ts [2m([22m[2m7 tests[22m[2m)[22m[32m 11[2mms[22m[39m
 [32m✓[39m packages/game-core/src/__tests__/equipment.test.ts [2m([22m[2m3 tests[22m[2m)[22m[32m 8[2mms[22m[39m
 [32m✓[39m apps/web/lib/__tests__/achievements.test.ts [2m([22m[2m4 tests[22m[2m)[22m[32m 10[2mms[22m[39m
 [32m✓[39m apps/web/lib/__tests__/adminConnection.test.ts [2m([22m[2m7 tests[22m[2m)[22m[32m 12[2mms[22m[39m
 [32m✓[39m packages/game-core/src/__tests__/progression.test.ts [2m([22m[2m3 tests[22m[2m)[22m[32m 7[2mms[22m[39m
 [32m✓[39m packages/game-core/src/__tests__/eventLedger.test.ts [2m([22m[2m10 tests[22m[2m)[22m[32m 9[2mms[22m[39m
 [32m✓[39m packages/contracts/src/__tests__/noUserText.test.ts [2m([22m[2m2 tests[22m[2m)[22m[32m 6[2mms[22m[39m
 [32m✓[39m apps/web/lib/__tests__/stylePreference.test.ts [2m([22m[2m5 tests[22m[2m)[22m[32m 8[2mms[22m[39m
 [32m✓[39m packages/game-core/src/__tests__/goldenRun.test.ts [2m([22m[2m3 tests[22m[2m)[22m[32m 7[2mms[22m[39m
 [32m✓[39m apps/web/lib/__tests__/socialService.test.ts [2m([22m[2m7 tests[22m[2m)[22m[32m 12[2mms[22m[39m
 [32m✓[39m packages/game-core/src/__tests__/inputPrecedence.test.ts [2m([22m[2m13 tests[22m[2m)[22m[32m 19[2mms[22m[39m
 [32m✓[39m apps/web/lib/__tests__/authService.test.ts [2m([22m[2m11 tests[22m[2m)[22m[32m 16[2mms[22m[39m
 [32m✓[39m apps/web/lib/__tests__/submissionQueue.test.ts [2m([22m[2m5 tests[22m[2m)[22m[32m 9[2mms[22m[39m
 [32m✓[39m packages/game-core/src/__tests__/contentActivation.test.ts [2m([22m[2m3 tests[22m[2m)[22m[32m 5[2mms[22m[39m
 [32m✓[39m apps/web/lib/__tests__/multiplayerAdapter.test.ts [2m([22m[2m7 tests[22m[2m)[22m[32m 14[2mms[22m[39m
 [32m✓[39m apps/web/lib/__tests__/browserCapabilities.test.ts [2m([22m[2m5 tests[22m[2m)[22m[32m 11[2mms[22m[39m
 [32m✓[39m packages/game-core/src/__tests__/ramps.test.ts [2m([22m[2m5 tests[22m[2m)[22m[32m 8[2mms[22m[39m
 [32m✓[39m apps/web/lib/__tests__/progressionService.test.ts [2m([22m[2m3 tests[22m[2m)[22m[32m 7[2mms[22m[39m
 [32m✓[39m apps/realtime/src/__tests__/raceLifecycle.test.ts [2m([22m[2m8 tests[22m[2m)[22m[32m 8[2mms[22m[39m
 [32m✓[39m apps/web/lib/__tests__/passService.test.ts [2m([22m[2m4 tests[22m[2m)[22m[32m 7[2mms[22m[39m
 [32m✓[39m packages/game-core/src/__tests__/launchReadiness.test.ts [2m([22m[2m5 tests[22m[2m)[22m[32m 9[2mms[22m[39m
 [32m✓[39m packages/game-core/src/__tests__/sceneTextures.test.ts [2m([22m[2m3 tests[22m[2m)[22m[32m 7[2mms[22m[39m
 [32m✓[39m packages/game-core/src/__tests__/economySimulation.test.ts [2m([22m[2m4 tests[22m[2m)[22m[32m 8[2mms[22m[39m
 [32m✓[39m apps/realtime/src/__tests__/rooms.test.ts [2m([22m[2m5 tests[22m[2m)[22m[32m 11[2mms[22m[39m
 [32m✓[39m apps/web/lib/__tests__/challengeService.test.ts [2m([22m[2m4 tests[22m[2m)[22m[32m 10[2mms[22m[39m
 [32m✓[39m packages/game-core/src/__tests__/browserGate.test.ts [2m([22m[2m5 tests[22m[2m)[22m[32m 8[2mms[22m[39m
 [32m✓[39m packages/game-core/src/__tests__/bootLifecycle.test.ts [2m([22m[2m7 tests[22m[2m)[22m[32m 9[2mms[22m[39m
 [32m✓[39m apps/web/lib/__tests__/loadoutService.test.ts [2m([22m[2m4 tests[22m[2m)[22m[32m 10[2mms[22m[39m
 [32m✓[39m packages/game-core/src/__tests__/dataExport.test.ts [2m([22m[2m3 tests[22m[2m)[22m[32m 8[2mms[22m[39m
 [32m✓[39m packages/game-core/src/__tests__/pass.test.ts [2m([22m[2m3 tests[22m[2m)[22m[32m 9[2mms[22m[39m
 [32m✓[39m tests/ledger-format.test.ts [2m([22m[2m5 tests[22m[2m)[22m[32m 7[2mms[22m[39m
 [32m✓[39m packages/game-core/src/__tests__/challengeScheduler.test.ts [2m([22m[2m4 tests[22m[2m)[22m[32m 5[2mms[22m[39m
 [32m✓[39m packages/game-core/src/__tests__/deviceMatrix.test.ts [2m([22m[2m4 tests[22m[2m)[22m[32m 6[2mms[22m[39m
 [32m✓[39m apps/web/components/settings/__tests__/SettingsPanel.test.tsx [2m([22m[2m7 tests[22m[2m)[22m[32m 12[2mms[22m[39m
 [32m✓[39m apps/web/lib/__tests__/notificationAnnouncer.test.ts [2m([22m[2m5 tests[22m[2m)[22m[32m 9[2mms[22m[39m
 [32m✓[39m packages/game-core/src/__tests__/economyConcurrency.test.ts [2m([22m[2m4 tests[22m[2m)[22m[32m 9[2mms[22m[39m
 [32m✓[39m packages/game-core/src/__tests__/input.test.ts [2m([22m[2m5 tests[22m[2m)[22m[32m 7[2mms[22m[39m
 [32m✓[39m packages/game-core/src/__tests__/betaRelease.test.ts [2m([22m[2m7 tests[22m[2m)[22m[32m 13[2mms[22m[39m
 [32m✓[39m apps/web/lib/__tests__/rivalService.test.ts [2m([22m[2m4 tests[22m[2m)[22m[32m 9[2mms[22m[39m
 [32m✓[39m packages/game-core/src/__tests__/biomeVelocityBound.test.ts [2m([22m[2m5 tests[22m[2m)[22m[32m 8[2mms[22m[39m
 [32m✓[39m apps/realtime/src/__tests__/liveops.test.ts [2m([22m[2m5 tests[22m[2m)[22m[32m 6[2mms[22m[39m
 [32m✓[39m packages/game-core/src/__tests__/creatorDiscovery.test.ts [2m([22m[2m4 tests[22m[2m)[22m[32m 11[2mms[22m[39m
 [32m✓[39m apps/web/lib/__tests__/optimisticShop.test.ts [2m([22m[2m3 tests[22m[2m)[22m[32m 6[2mms[22m[39m
 [32m✓[39m packages/game-core/src/__tests__/perfAggregate.test.ts [2m([22m[2m3 tests[22m[2m)[22m[32m 5[2mms[22m[39m
 [32m✓[39m apps/realtime/src/__tests__/rateLimit.test.ts [2m([22m[2m6 tests[22m[2m)[22m[32m 10[2mms[22m[39m
 [32m✓[39m apps/realtime/src/__tests__/notificationService.test.ts [2m([22m[2m4 tests[22m[2m)[22m[32m 7[2mms[22m[39m
 [32m✓[39m apps/web/components/account/__tests__/AccountPanel.test.tsx [2m([22m[2m4 tests[22m[2m)[22m[32m 10[2mms[22m[39m
 [32m✓[39m packages/game-core/src/__tests__/inputRemap.test.ts [2m([22m[2m4 tests[22m[2m)[22m[32m 7[2mms[22m[39m
 [32m✓[39m packages/game-core/src/__tests__/ghostPlayer.test.ts [2m([22m[2m4 tests[22m[2m)[22m[32m 12[2mms[22m[39m
 [32m✓[39m apps/web/lib/__tests__/music.test.ts [2m([22m[2m1 test[22m[2m)[22m[32m 8[2mms[22m[39m
 [32m✓[39m packages/game-core/src/__tests__/runIntegrityFinish.test.ts [2m([22m[2m3 tests[22m[2m)[22m[32m 10[2mms[22m[39m
 [32m✓[39m apps/web/components/game/__tests__/LeaderboardPanel.test.tsx [2m([22m[2m2 tests[22m[2m)[22m[32m 6[2mms[22m[39m
 [32m✓[39m apps/web/components/creator/__tests__/CourseEditor.test.tsx [2m([22m[2m3 tests[22m[2m)[22m[32m 5[2mms[22m[39m
 [32m✓[39m apps/web/lib/__tests__/purchaseA11y.test.ts [2m([22m[2m3 tests[22m[2m)[22m[32m 5[2mms[22m[39m
 [32m✓[39m packages/game-core/src/__tests__/difficultyBands.test.ts [2m([22m[2m4 tests[22m[2m)[22m[32m 4[2mms[22m[39m
 [32m✓[39m apps/web/components/admin/__tests__/AdminPage.test.tsx [2m([22m[2m3 tests[22m[2m)[22m[32m 7[2mms[22m[39m
 [32m✓[39m apps/web/components/game/__tests__/GameLobby.test.tsx [2m([22m[2m2 tests[22m[2m)[22m[32m 4[2mms[22m[39m
 [32m✓[39m packages/game-core/src/__tests__/gamepadInput.test.ts [2m([22m[2m3 tests[22m[2m)[22m[32m 4[2mms[22m[39m
 [32m✓[39m apps/web/components/privacy/__tests__/PrivacyPanel.test.tsx [2m([22m[2m3 tests[22m[2m)[22m[32m 4[2mms[22m[39m

[2m Test Files [22m [1m[32m131 passed[39m[22m[90m (131)[39m
[2m      Tests [22m [1m[32m873 passed[39m[22m[90m (873)[39m
[2m   Start at [22m 10:20:34
[2m   Duration [22m 21.84s[2m (environment 39%, tests 19%, import 15%, transform 12%, setup 12%, worker 2%)[22m

[2m    Isolate [22m [33m131 workers spawned[39m[2m · ~279ms startup each (spawn + environment, per file)[22m
[2m            [22m [2mat least ~11.90s faster with [22m[33misolate: false[39m[2m — reuses workers across files instead of one per file[22m

test_exit=0

## npx playwright test --list
Listing tests:
  [chromium] › menu.mobile.spec.ts:10:5 › the menu is fully reachable on a phone viewport
  [chromium] › menu.mobile.spec.ts:32:5 › the mobile menu closes from its Close control
  [chromium] › menu.mobile.spec.ts:58:5 › every menu panel fits the phone viewport without horizontal overflow
  [chromium] › menu.mobile.spec.ts:109:9 › landscape phone › the game canvas fits 844x390 after starting
  [chromium] › menu.mobile.spec.ts:109:9 › landscape phone › the game canvas fits 667x375 after starting
  [chromium] › shopPanel.a11y.spec.ts:223:5 › P14-G16 ShopPanel: status focus transfer, busy, pending->success/failure, retry, single status-node update, unmount+focus restore
  [chromium] › spriteTextures.spec.ts:40:5 › player sprites render real textures, not the missing-texture placeholder
  [firefox] › menu.mobile.spec.ts:10:5 › the menu is fully reachable on a phone viewport
  [firefox] › menu.mobile.spec.ts:32:5 › the mobile menu closes from its Close control
  [firefox] › menu.mobile.spec.ts:58:5 › every menu panel fits the phone viewport without horizontal overflow
  [firefox] › menu.mobile.spec.ts:109:9 › landscape phone › the game canvas fits 844x390 after starting
  [firefox] › menu.mobile.spec.ts:109:9 › landscape phone › the game canvas fits 667x375 after starting
  [firefox] › shopPanel.a11y.spec.ts:223:5 › P14-G16 ShopPanel: status focus transfer, busy, pending->success/failure, retry, single status-node update, unmount+focus restore
  [webkit] › menu.mobile.spec.ts:10:5 › the menu is fully reachable on a phone viewport
  [webkit] › menu.mobile.spec.ts:32:5 › the mobile menu closes from its Close control
  [webkit] › menu.mobile.spec.ts:58:5 › every menu panel fits the phone viewport without horizontal overflow
  [webkit] › menu.mobile.spec.ts:109:9 › landscape phone › the game canvas fits 844x390 after starting
  [webkit] › menu.mobile.spec.ts:109:9 › landscape phone › the game canvas fits 667x375 after starting
  [webkit] › shopPanel.a11y.spec.ts:223:5 › P14-G16 ShopPanel: status focus transfer, busy, pending->success/failure, retry, single status-node update, unmount+focus restore
Total: 19 tests in 3 files
pw_list_exit=0

## coverage artifact
total 48
drwxr-xr-x  2 root root  4096 Oct  3 10:20 .
drwxr-xr-x 14 root root  4096 Oct  3 10:19 ..
-rw-r--r--  1 root root 36873 Oct  3 10:20 coverage-summary.json
coverage_ls_exit=0

## gitleaks changed files (no allowlist; block on any finding)
gitleaks .github/workflows/ci-foundation.yml exit=0
gitleaks AGENTS.md exit=0
gitleaks README.md exit=0
gitleaks apps/web/e2e/shopPanel.a11y.spec.ts exit=0
gitleaks package-lock.json exit=0
gitleaks package.json exit=0
gitleaks playwright.config.ts exit=0
gitleaks scripts/verify-all.sh exit=0
gitleaks vitest.config.ts exit=0

## gitleaks full worktree (documenting pre-existing fixture hits)
full_worktree_exit=1
0

## gitleaks full worktree - hits in changed files
none

## git status --short
git_status_exit=0
ALL_DONE
