ssh.exe : npm warn deprecated inflight@1.0.6: This module is not supported, and leaks memory. Do not use it. Check out 
lru-cache if you want a good and tested way to coalesce async requests by a key value, which is much more 
comprehensive and powerful.
At C:\temp\proxmox-vm\scripts\lab-run.ps1:8 char:1
+ & ssh -i $KeyFile -o StrictHostKeyChecking=no "root@${Target}" "cd $R ...
+ ~~~~~~~~~~~~~~~~~~~~~~~~~~~~~~~~~~~~~~~~~~~~~~~~~~~~~~~~~~~~~~~~~~~~~
    + CategoryInfo          : NotSpecified: (npm warn deprec...e and powerful.:String) [], RemoteException
    + FullyQualifiedErrorId : NativeCommandError
 
npm warn deprecated whatwg-encoding@3.1.1: Use @exodus/bytes instead for a more spec-conformant and faster 
implementation
npm warn deprecated @humanwhocodes/config-array@0.13.0: Use @eslint/config-array instead
npm warn deprecated rimraf@3.0.2: Rimraf versions prior to v4 are no longer supported
npm warn deprecated @humanwhocodes/object-schema@2.0.3: Use @eslint/object-schema instead
npm warn deprecated glob@7.2.3: Old versions of glob are not supported, and contain widely publicized security 
vulnerabilities, which have been fixed in the current version. Please update. Support for old versions may be 
purchased (at exorbitant rates) by contacting i@izs.me
npm warn deprecated glob@10.3.10: Old versions of glob are not supported, and contain widely publicized security 
vulnerabilities, which have been fixed in the current version. Please update. Support for old versions may be 
purchased (at exorbitant rates) by contacting i@izs.me
npm warn deprecated eslint@8.57.1: This version is no longer supported. Please see https://eslint.org/version-support 
for other options.

added 520 packages, and audited 521 packages in 12s

188 packages are looking for funding
  run `npm fund` for details

19 vulnerabilities (3 moderate, 14 high, 2 critical)

To address issues that do not require attention, run:
  npm audit fix

To address all issues (including breaking changes), run:
  npm audit fix --force

Run `npm audit` for details.

> buddy@0.1.0 lint
> next lint

Γ£ö No ESLint warnings or errors

> buddy@0.1.0 typecheck
> tsc --noEmit


> buddy@0.1.0 test
> vitest run

[33mThe CJS build of Vite's Node API is deprecated. See 
https://vite.dev/guide/troubleshooting.html#vite-cjs-node-api-deprecated for more details.[39m

 RUN  v1.6.1 /srv/work/buddy

 Γ£ô lib/actions/care.test.ts  (25 tests) 19ms
 Γ£ô lib/locations/adventure.test.ts  (14 tests) 17ms
 Γ£ô lib/generation/generation.test.ts  (38 tests) 187ms
 Γ£ô lib/progression/lifecycle.test.ts  (17 tests) 8ms
 Γ£ô data/items.test.ts  (15 tests) 11ms

 Test Files  5 passed (5)
      Tests  109 passed (109)
   Start at  07:59:44
   Duration  2.83s (transform 498ms, setup 1ms, collect 992ms, tests 242ms, environment 3.39s, prepare 1.23s)

