=== PS-U10 lab verification 2026-10-03T07:32:23.2411630-04:00 ===
Command: corepack pnpm install --frozen-lockfile && corepack pnpm --filter @chat/api test
Runner: lab-run.ps1 -Repo chat (172.23.128.51)

Scope: all 8 workspace projects
Lockfile is up to date, resolution step is skipped
Packages: +883
++++++++++++++++++++++++++++++++++++++++++++++++++++++++++++++++++++++++++++++++
Progress: resolved 0, reused 1, downloaded 0, added 0
Progress: resolved 0, reused 861, downloaded 0, added 474
Progress: resolved 0, reused 861, downloaded 0, added 883, done

. prepare$ husky
. prepare: Done
Done in 2.6s

> @chat/api@0.0.0 test /srv/work/chat/apps/api
> vitest run


 RUN  v3.2.6 /srv/work/chat

 Γ£ô apps/api/src/modules/user-groups/__tests__/user-groups.test.ts (23 tests) 61ms
 Γ£ô apps/api/src/modules/feature-flags/__tests__/feature-flags.test.ts (17 tests) 45ms
 Γ£ô apps/api/src/modules/admin/__tests__/admin.test.ts (13 tests) 53ms
 Γ£ô apps/api/src/modules/audit/__tests__/audit.test.ts (13 tests) 27ms
 Γ£ô apps/api/src/modules/sidebar/__tests__/sidebar.test.ts (10 tests) 27ms
 Γ£ô apps/api/src/modules/emoji/__tests__/emoji.test.ts (9 tests) 22ms
 Γ£ô apps/api/src/modules/groups/__tests__/groups.test.ts (11 tests) 27ms
 Γ£ô apps/api/src/middleware/__tests__/csrf.test.ts (20 tests) 22ms
 Γ£ô apps/api/src/modules/announcements/__tests__/announcements.test.ts (9 tests) 31ms
 Γ£ô apps/api/src/modules/scheduled-posts/__tests__/scheduled-posts.test.ts (7 tests) 17ms
 Γ£ô apps/api/src/modules/auth/__tests__/auth.service.test.ts (10 tests) 14ms
 Γ£ô apps/api/src/middleware/__tests__/error-handler.test.ts (12 tests) 34ms
 Γ£ô apps/api/src/modules/status/__tests__/status.test.ts (7 tests) 16ms
 Γ£ô apps/api/src/modules/workspaces/__tests__/workspace.service.test.ts (10 tests) 13ms
 Γ£ô apps/api/src/modules/webhooks/__tests__/webhook.service.test.ts (12 tests) 60ms
 Γ£ô apps/api/src/middleware/__tests__/require-membership.test.ts (11 tests) 15ms
 Γ£ô apps/api/src/modules/export/__tests__/export.test.ts (4 tests) 12ms
 Γ£ô apps/api/src/modules/consent/__tests__/consent.test.ts (6 tests) 14ms
 Γ£ô apps/api/src/modules/livekit/__tests__/livekit.test.ts (6 tests) 9ms
 Γ£ô apps/api/src/modules/read-receipts/__tests__/read-receipts.test.ts (6 tests) 10ms
 Γ£ô apps/api/src/middleware/__tests__/require-admin.test.ts (4 tests) 14ms
 Γ£ô apps/api/src/modules/messages/__tests__/message.service.test.ts (6 tests) 13ms
 Γ£ô apps/api/src/middleware/__tests__/rate-limit.test.ts (11 tests) 19ms
 Γ£ô apps/api/src/middleware/__tests__/security-headers.test.ts (11 tests) 11ms
 Γ£ô apps/api/src/modules/threads/__tests__/threads.test.ts (8 tests) 14ms
 Γ£ô apps/api/src/lib/__tests__/app-error.test.ts (17 tests) 12ms
 Γ£ô packages/config/__tests__/errors.test.ts (15 tests) 10ms
 Γ£ô apps/api/src/modules/import/__tests__/import.test.ts (5 tests) 10ms
 Γ£ô apps/worker/src/__tests__/notification.test.ts (3 tests) 26ms
 Γ£ô apps/api/src/modules/channels/__tests__/channel.service.test.ts (5 tests) 10ms
 Γ£ô apps/api/src/modules/notifications/__tests__/notification.service.test.ts (6 tests) 7ms
 Γ£ô apps/api/src/middleware/__tests__/require-permission.test.ts (5 tests) 12ms
 Γ£ô apps/api/src/middleware/__tests__/authenticate.test.ts (4 tests) 9ms
 Γ£ô apps/worker/src/__tests__/cleanup.test.ts (3 tests) 33ms
 Γ£ô apps/api/src/lib/__tests__/trace-context.test.ts (16 tests) 8ms
 Γ£ô apps/api/src/middleware/__tests__/request-id.test.ts (6 tests) 10ms
 Γ£ô apps/api/src/modules/reactions/__tests__/reaction.service.test.ts (5 tests) 7ms
 Γ£ô apps/api/src/modules/ai/__tests__/ai.test.ts (3 tests) 16ms
 Γ£ô apps/api/src/modules/openapi/__tests__/openapi.test.ts (2 tests) 110ms
 Γ£ô packages/db/__tests__/stores.test.ts (4 tests) 4ms
 Γ£ô apps/api/src/modules/health/__tests__/health.service.test.ts (5 tests) 8ms
[2026-10-03 11:32:13.290 +0000] [31mERROR[39m: [36mFailed to get preferences[39m
    [35mservice[39m: "@chat/api"
    [35mversion[39m: "0.0.0"
    [35menv[39m: "test"
    [35muserId[39m: "u1"
    error: "Error: DB error"
 Γ£ô apps/api/src/modules/preferences/__tests__/preferences.service.test.ts (3 tests) 10ms
 Γ£ô packages/sdk/__tests__/client.test.ts (5 tests) 4ms
powershell : stderr | apps/web/components/notifications/__tests__/notification-bell.test.tsx > NotificationBell > 
opens dropdown on click and shows empty state
At line:1 char:114
+ ... og'; $out = powershell -ExecutionPolicy Bypass -File C:\temp\proxmox- ...
+                 ~~~~~~~~~~~~~~~~~~~~~~~~~~~~~~~~~~~~~~~~~~~~~~~~~~~~~~~~~
    + CategoryInfo          : NotSpecified: (stderr | apps/w...ows empty state:String) [], RemoteException
    + FullyQualifiedErrorId : NativeCommandError
 
The current testing environment is not configured to support act(...)
The current testing environment is not configured to support act(...)

stderr | apps/web/components/notifications/__tests__/notification-bell.test.tsx > NotificationBell > opens dropdown 
and renders notifications
The current testing environment is not configured to support act(...)

stderr | apps/web/components/notifications/__tests__/notification-bell.test.tsx > NotificationBell > opens dropdown 
and renders notifications
The current testing environment is not configured to support act(...)
The current testing environment is not configured to support act(...)

stderr | apps/web/components/notifications/__tests__/notification-bell.test.tsx > NotificationBell > closes dropdown 
on click outside
The current testing environment is not configured to support act(...)
The current testing environment is not configured to support act(...)

stderr | apps/web/components/notifications/__tests__/notification-bell.test.tsx > NotificationBell > marks 
notification as read on click
The current testing environment is not configured to support act(...)

stderr | apps/web/components/notifications/__tests__/notification-bell.test.tsx > NotificationBell > marks 
notification as read on click
The current testing environment is not configured to support act(...)
The current testing environment is not configured to support act(...)

stderr | apps/web/components/notifications/__tests__/notification-bell.test.tsx > NotificationBell > marks 
notification as read on click
The current testing environment is not configured to support act(...)
The current testing environment is not configured to support act(...)

stderr | apps/web/components/notifications/__tests__/notification-bell.test.tsx > NotificationBell > closes on Escape 
key
The current testing environment is not configured to support act(...)
The current testing environment is not configured to support act(...)

 Γ£ô apps/web/components/notifications/__tests__/notification-bell.test.tsx (8 tests) 420ms
 Γ£ô apps/web/components/chat/__tests__/chat-view.test.tsx (25 tests) 1032ms
 Γ£ô apps/web/components/chat/__tests__/message-list.test.tsx (7 tests) 237ms
 Γ£ô apps/web/components/channel/__tests__/channel-list.test.tsx (7 tests) 186ms
 Γ£ô apps/web/components/pwa/__tests__/install-prompt.test.tsx (7 tests) 227ms
 Γ£ô apps/web/components/workspace/__tests__/create-workspace-dialog.test.tsx (5 tests) 528ms
 Γ£ô apps/web/components/workspace/__tests__/workspace-list.test.tsx (6 tests) 248ms
 Γ£ô apps/web/components/chat/__tests__/message-input.test.tsx (3 tests) 80ms
 Γ£ô apps/web/components/media/__tests__/media-room.test.tsx (6 tests) 108ms
stderr | apps/web/components/auth/__tests__/login-form.test.tsx > LoginForm > shows sent state after successful magic 
link submission
The current testing environment is not configured to support act(...)
The current testing environment is not configured to support act(...)

 Γ£ô packages/ui/src/components/__tests__/dialog.test.tsx (9 tests) 167ms
stderr | apps/web/components/auth/__tests__/login-form.test.tsx > LoginForm > shows error message on failed submission
The current testing environment is not configured to support act(...)
The current testing environment is not configured to support act(...)

 Γ£ô apps/web/components/auth/__tests__/login-form.test.tsx (5 tests) 629ms
 Γ£ô apps/web/components/shared/__tests__/error-boundary.test.tsx (5 tests) 120ms
 Γ£ô packages/ui/src/components/__tests__/skeleton.test.tsx (7 tests) 44ms
stderr | apps/web/components/chat/__tests__/emoji-picker.test.tsx > EmojiPicker > renders the emoji picker popup
Encountered two children with the same key, `brown_mushroom`. Keys should be unique so that components maintain their 
identity across updates. Non-unique keys may cause children to be duplicated and/or omitted ΓÇö the behavior is 
unsupported and could change in a future version.
Encountered two children with the same key, `ladder_extra`. Keys should be unique so that components maintain their 
identity across updates. Non-unique keys may cause children to be duplicated and/or omitted ΓÇö the behavior is 
unsupported and could change in a future version.
Encountered two children with the same key, `bison_extra`. Keys should be unique so that components maintain their 
identity across updates. Non-unique keys may cause children to be duplicated and/or omitted ΓÇö the behavior is 
unsupported and could change in a future version.
Encountered two children with the same key, `tamale_extra`. Keys should be unique so that components maintain their 
identity across updates. Non-unique keys may cause children to be duplicated and/or omitted ΓÇö the behavior is 
unsupported and could change in a future version.
Encountered two children with the same key, `ginger_extra`. Keys should be unique so that components maintain their 
identity across updates. Non-unique keys may cause children to be duplicated and/or omitted ΓÇö the behavior is 
unsupported and could change in a future version.
Encountered two children with the same key, `pea_pod_extra`. Keys should be unique so that components maintain their 
identity across updates. Non-unique keys may cause children to be duplicated and/or omitted ΓÇö the behavior is 
unsupported and could change in a future version.
Encountered two children with the same key, `hamsa_extra`. Keys should be unique so that components maintain their 
identity across updates. Non-unique keys may cause children to be duplicated and/or omitted ΓÇö the behavior is 
unsupported and could change in a future version.
Encountered two children with the same key, `plunger_extra`. Keys should be unique so that components maintain their 
identity across updates. Non-unique keys may cause children to be duplicated and/or omitted ΓÇö the behavior is 
unsupported and could change in a future version.
Encountered two children with the same key, `mouse_trap_extra`. Keys should be unique so that components maintain 
their identity across updates. Non-unique keys may cause children to be duplicated and/or omitted ΓÇö the behavior is 
unsupported and could change in a future version.
Encountered two children with the same key, `bucket_extra`. Keys should be unique so that components maintain their 
identity across updates. Non-unique keys may cause children to be duplicated and/or omitted ΓÇö the behavior is 
unsupported and could change in a future version.
Encountered two children with the same key, `ladder_extra`. Keys should be unique so that components maintain their 
identity across updates. Non-unique keys may cause children to be duplicated and/or omitted ΓÇö the behavior is 
unsupported and could change in a future version.
Encountered two children with the same key, `carpentry_saw_extra`. Keys should be unique so that components maintain 
their identity across updates. Non-unique keys may cause children to be duplicated and/or omitted ΓÇö the behavior is 
unsupported and could change in a future version.
Encountered two children with the same key, `screwdriver_extra`. Keys should be unique so that components maintain 
their identity across updates. Non-unique keys may cause children to be duplicated and/or omitted ΓÇö the behavior is 
unsupported and could change in a future version.
Encountered two children with the same key, `hook_extra`. Keys should be unique so that components maintain their 
identity across updates. Non-unique keys may cause children to be duplicated and/or omitted ΓÇö the behavior is 
unsupported and could change in a future version.
Encountered two children with the same key, `magnet_extra`. Keys should be unique so that components maintain their 
identity across updates. Non-unique keys may cause children to be duplicated and/or omitted ΓÇö the behavior is 
unsupported and could change in a future version.
Encountered two children with the same key, `knot_extra`. Keys should be unique so that components maintain their 
identity across updates. Non-unique keys may cause children to be duplicated and/or omitted ΓÇö the behavior is 
unsupported and could change in a future version.
Encountered two children with the same key, `potted_plant_extra`. Keys should be unique so that components maintain 
their identity across updates. Non-unique keys may cause children to be duplicated and/or omitted ΓÇö the behavior is 
unsupported and could change in a future version.
Encountered two children with the same key, `mirror_extra`. Keys should be unique so that components maintain their 
identity across updates. Non-unique keys may cause children to be duplicated and/or omitted ΓÇö the behavior is 
unsupported and could change in a future version.
Encountered two children with the same key, `window_extra`. Keys should be unique so that components maintain their 
identity across updates. Non-unique keys may cause children to be duplicated and/or omitted ΓÇö the behavior is 
unsupported and could change in a future version.
Encountered two children with the same key, `wheel_extra`. Keys should be unique so that components maintain their 
identity across updates. Non-unique keys may cause children to be duplicated and/or omitted ΓÇö the behavior is 
unsupported and could change in a future version.

stderr | apps/web/components/chat/__tests__/emoji-picker.test.tsx > EmojiPicker > shows search input
Encountered two children with the same key, `brown_mushroom`. Keys should be unique so that components maintain their 
identity across updates. Non-unique keys may cause children to be duplicated and/or omitted ΓÇö the behavior is 
unsupported and could change in a future version.
Encountered two children with the same key, `ladder_extra`. Keys should be unique so that components maintain their 
identity across updates. Non-unique keys may cause children to be duplicated and/or omitted ΓÇö the behavior is 
unsupported and could change in a future version.
Encountered two children with the same key, `bison_extra`. Keys should be unique so that components maintain their 
identity across updates. Non-unique keys may cause children to be duplicated and/or omitted ΓÇö the behavior is 
unsupported and could change in a future version.
Encountered two children with the same key, `tamale_extra`. Keys should be unique so that components maintain their 
identity across updates. Non-unique keys may cause children to be duplicated and/or omitted ΓÇö the behavior is 
unsupported and could change in a future version.
Encountered two children with the same key, `ginger_extra`. Keys should be unique so that components maintain their 
identity across updates. Non-unique keys may cause children to be duplicated and/or omitted ΓÇö the behavior is 
unsupported and could change in a future version.
Encountered two children with the same key, `pea_pod_extra`. Keys should be unique so that components maintain their 
identity across updates. Non-unique keys may cause children to be duplicated and/or omitted ΓÇö the behavior is 
unsupported and could change in a future version.
Encountered two children with the same key, `hamsa_extra`. Keys should be unique so that components maintain their 
identity across updates. Non-unique keys may cause children to be duplicated and/or omitted ΓÇö the behavior is 
unsupported and could change in a future version.
Encountered two children with the same key, `plunger_extra`. Keys should be unique so that components maintain their 
identity across updates. Non-unique keys may cause children to be duplicated and/or omitted ΓÇö the behavior is 
unsupported and could change in a future version.
Encountered two children with the same key, `mouse_trap_extra`. Keys should be unique so that components maintain 
their identity across updates. Non-unique keys may cause children to be duplicated and/or omitted ΓÇö the behavior is 
unsupported and could change in a future version.
Encountered two children with the same key, `bucket_extra`. Keys should be unique so that components maintain their 
identity across updates. Non-unique keys may cause children to be duplicated and/or omitted ΓÇö the behavior is 
unsupported and could change in a future version.
Encountered two children with the same key, `ladder_extra`. Keys should be unique so that components maintain their 
identity across updates. Non-unique keys may cause children to be duplicated and/or omitted ΓÇö the behavior is 
unsupported and could change in a future version.
Encountered two children with the same key, `carpentry_saw_extra`. Keys should be unique so that components maintain 
their identity across updates. Non-unique keys may cause children to be duplicated and/or omitted ΓÇö the behavior is 
unsupported and could change in a future version.
Encountered two children with the same key, `screwdriver_extra`. Keys should be unique so that components maintain 
their identity across updates. Non-unique keys may cause children to be duplicated and/or omitted ΓÇö the behavior is 
unsupported and could change in a future version.
Encountered two children with the same key, `hook_extra`. Keys should be unique so that components maintain their 
identity across updates. Non-unique keys may cause children to be duplicated and/or omitted ΓÇö the behavior is 
unsupported and could change in a future version.
Encountered two children with the same key, `magnet_extra`. Keys should be unique so that components maintain their 
identity across updates. Non-unique keys may cause children to be duplicated and/or omitted ΓÇö the behavior is 
unsupported and could change in a future version.
Encountered two children with the same key, `knot_extra`. Keys should be unique so that components maintain their 
identity across updates. Non-unique keys may cause children to be duplicated and/or omitted ΓÇö the behavior is 
unsupported and could change in a future version.
Encountered two children with the same key, `potted_plant_extra`. Keys should be unique so that components maintain 
their identity across updates. Non-unique keys may cause children to be duplicated and/or omitted ΓÇö the behavior is 
unsupported and could change in a future version.
Encountered two children with the same key, `mirror_extra`. Keys should be unique so that components maintain their 
identity across updates. Non-unique keys may cause children to be duplicated and/or omitted ΓÇö the behavior is 
unsupported and could change in a future version.
Encountered two children with the same key, `window_extra`. Keys should be unique so that components maintain their 
identity across updates. Non-unique keys may cause children to be duplicated and/or omitted ΓÇö the behavior is 
unsupported and could change in a future version.
Encountered two children with the same key, `wheel_extra`. Keys should be unique so that components maintain their 
identity across updates. Non-unique keys may cause children to be duplicated and/or omitted ΓÇö the behavior is 
unsupported and could change in a future version.

stderr | apps/web/components/chat/__tests__/emoji-picker.test.tsx > EmojiPicker > renders category tabs
Encountered two children with the same key, `brown_mushroom`. Keys should be unique so that components maintain their 
identity across updates. Non-unique keys may cause children to be duplicated and/or omitted ΓÇö the behavior is 
unsupported and could change in a future version.
Encountered two children with the same key, `ladder_extra`. Keys should be unique so that components maintain their 
identity across updates. Non-unique keys may cause children to be duplicated and/or omitted ΓÇö the behavior is 
unsupported and could change in a future version.
Encountered two children with the same key, `bison_extra`. Keys should be unique so that components maintain their 
identity across updates. Non-unique keys may cause children to be duplicated and/or omitted ΓÇö the behavior is 
unsupported and could change in a future version.
Encountered two children with the same key, `tamale_extra`. Keys should be unique so that components maintain their 
identity across updates. Non-unique keys may cause children to be duplicated and/or omitted ΓÇö the behavior is 
unsupported and could change in a future version.
Encountered two children with the same key, `ginger_extra`. Keys should be unique so that components maintain their 
identity across updates. Non-unique keys may cause children to be duplicated and/or omitted ΓÇö the behavior is 
unsupported and could change in a future version.
Encountered two children with the same key, `pea_pod_extra`. Keys should be unique so that components maintain their 
identity across updates. Non-unique keys may cause children to be duplicated and/or omitted ΓÇö the behavior is 
unsupported and could change in a future version.
Encountered two children with the same key, `hamsa_extra`. Keys should be unique so that components maintain their 
identity across updates. Non-unique keys may cause children to be duplicated and/or omitted ΓÇö the behavior is 
unsupported and could change in a future version.
Encountered two children with the same key, `plunger_extra`. Keys should be unique so that components maintain their 
identity across updates. Non-unique keys may cause children to be duplicated and/or omitted ΓÇö the behavior is 
unsupported and could change in a future version.
Encountered two children with the same key, `mouse_trap_extra`. Keys should be unique so that components maintain 
their identity across updates. Non-unique keys may cause children to be duplicated and/or omitted ΓÇö the behavior is 
unsupported and could change in a future version.
Encountered two children with the same key, `bucket_extra`. Keys should be unique so that components maintain their 
identity across updates. Non-unique keys may cause children to be duplicated and/or omitted ΓÇö the behavior is 
unsupported and could change in a future version.
Encountered two children with the same key, `ladder_extra`. Keys should be unique so that components maintain their 
identity across updates. Non-unique keys may cause children to be duplicated and/or omitted ΓÇö the behavior is 
unsupported and could change in a future version.
Encountered two children with the same key, `carpentry_saw_extra`. Keys should be unique so that components maintain 
their identity across updates. Non-unique keys may cause children to be duplicated and/or omitted ΓÇö the behavior is 
unsupported and could change in a future version.
Encountered two children with the same key, `screwdriver_extra`. Keys should be unique so that components maintain 
their identity across updates. Non-unique keys may cause children to be duplicated and/or omitted ΓÇö the behavior is 
unsupported and could change in a future version.
Encountered two children with the same key, `hook_extra`. Keys should be unique so that components maintain their 
identity across updates. Non-unique keys may cause children to be duplicated and/or omitted ΓÇö the behavior is 
unsupported and could change in a future version.
Encountered two children with the same key, `magnet_extra`. Keys should be unique so that components maintain their 
identity across updates. Non-unique keys may cause children to be duplicated and/or omitted ΓÇö the behavior is 
unsupported and could change in a future version.
Encountered two children with the same key, `knot_extra`. Keys should be unique so that components maintain their 
identity across updates. Non-unique keys may cause children to be duplicated and/or omitted ΓÇö the behavior is 
unsupported and could change in a future version.
Encountered two children with the same key, `potted_plant_extra`. Keys should be unique so that components maintain 
their identity across updates. Non-unique keys may cause children to be duplicated and/or omitted ΓÇö the behavior is 
unsupported and could change in a future version.
Encountered two children with the same key, `mirror_extra`. Keys should be unique so that components maintain their 
identity across updates. Non-unique keys may cause children to be duplicated and/or omitted ΓÇö the behavior is 
unsupported and could change in a future version.
Encountered two children with the same key, `window_extra`. Keys should be unique so that components maintain their 
identity across updates. Non-unique keys may cause children to be duplicated and/or omitted ΓÇö the behavior is 
unsupported and could change in a future version.
Encountered two children with the same key, `wheel_extra`. Keys should be unique so that components maintain their 
identity across updates. Non-unique keys may cause children to be duplicated and/or omitted ΓÇö the behavior is 
unsupported and could change in a future version.

stderr | apps/web/components/chat/__tests__/emoji-picker.test.tsx > EmojiPicker > shows no results message when search 
yields no matches
Encountered two children with the same key, `brown_mushroom`. Keys should be unique so that components maintain their 
identity across updates. Non-unique keys may cause children to be duplicated and/or omitted ΓÇö the behavior is 
unsupported and could change in a future version.
Encountered two children with the same key, `ladder_extra`. Keys should be unique so that components maintain their 
identity across updates. Non-unique keys may cause children to be duplicated and/or omitted ΓÇö the behavior is 
unsupported and could change in a future version.
Encountered two children with the same key, `bison_extra`. Keys should be unique so that components maintain their 
identity across updates. Non-unique keys may cause children to be duplicated and/or omitted ΓÇö the behavior is 
unsupported and could change in a future version.
Encountered two children with the same key, `tamale_extra`. Keys should be unique so that components maintain their 
identity across updates. Non-unique keys may cause children to be duplicated and/or omitted ΓÇö the behavior is 
unsupported and could change in a future version.
Encountered two children with the same key, `ginger_extra`. Keys should be unique so that components maintain their 
identity across updates. Non-unique keys may cause children to be duplicated and/or omitted ΓÇö the behavior is 
unsupported and could change in a future version.
Encountered two children with the same key, `pea_pod_extra`. Keys should be unique so that components maintain their 
identity across updates. Non-unique keys may cause children to be duplicated and/or omitted ΓÇö the behavior is 
unsupported and could change in a future version.
Encountered two children with the same key, `hamsa_extra`. Keys should be unique so that components maintain their 
identity across updates. Non-unique keys may cause children to be duplicated and/or omitted ΓÇö the behavior is 
unsupported and could change in a future version.
Encountered two children with the same key, `plunger_extra`. Keys should be unique so that components maintain their 
identity across updates. Non-unique keys may cause children to be duplicated and/or omitted ΓÇö the behavior is 
unsupported and could change in a future version.
Encountered two children with the same key, `mouse_trap_extra`. Keys should be unique so that components maintain 
their identity across updates. Non-unique keys may cause children to be duplicated and/or omitted ΓÇö the behavior is 
unsupported and could change in a future version.
Encountered two children with the same key, `bucket_extra`. Keys should be unique so that components maintain their 
identity across updates. Non-unique keys may cause children to be duplicated and/or omitted ΓÇö the behavior is 
unsupported and could change in a future version.
Encountered two children with the same key, `ladder_extra`. Keys should be unique so that components maintain their 
identity across updates. Non-unique keys may cause children to be duplicated and/or omitted ΓÇö the behavior is 
unsupported and could change in a future version.
Encountered two children with the same key, `carpentry_saw_extra`. Keys should be unique so that components maintain 
their identity across updates. Non-unique keys may cause children to be duplicated and/or omitted ΓÇö the behavior is 
unsupported and could change in a future version.
Encountered two children with the same key, `screwdriver_extra`. Keys should be unique so that components maintain 
their identity across updates. Non-unique keys may cause children to be duplicated and/or omitted ΓÇö the behavior is 
unsupported and could change in a future version.
Encountered two children with the same key, `hook_extra`. Keys should be unique so that components maintain their 
identity across updates. Non-unique keys may cause children to be duplicated and/or omitted ΓÇö the behavior is 
unsupported and could change in a future version.
Encountered two children with the same key, `magnet_extra`. Keys should be unique so that components maintain their 
identity across updates. Non-unique keys may cause children to be duplicated and/or omitted ΓÇö the behavior is 
unsupported and could change in a future version.
Encountered two children with the same key, `knot_extra`. Keys should be unique so that components maintain their 
identity across updates. Non-unique keys may cause children to be duplicated and/or omitted ΓÇö the behavior is 
unsupported and could change in a future version.
Encountered two children with the same key, `potted_plant_extra`. Keys should be unique so that components maintain 
their identity across updates. Non-unique keys may cause children to be duplicated and/or omitted ΓÇö the behavior is 
unsupported and could change in a future version.
Encountered two children with the same key, `mirror_extra`. Keys should be unique so that components maintain their 
identity across updates. Non-unique keys may cause children to be duplicated and/or omitted ΓÇö the behavior is 
unsupported and could change in a future version.
Encountered two children with the same key, `window_extra`. Keys should be unique so that components maintain their 
identity across updates. Non-unique keys may cause children to be duplicated and/or omitted ΓÇö the behavior is 
unsupported and could change in a future version.
Encountered two children with the same key, `wheel_extra`. Keys should be unique so that components maintain their 
identity across updates. Non-unique keys may cause children to be duplicated and/or omitted ΓÇö the behavior is 
unsupported and could change in a future version.

stderr | apps/web/components/chat/__tests__/emoji-picker.test.tsx > EmojiPicker > shows no results message when search 
yields no matches
Encountered two children with the same key, `ladder_extra`. Keys should be unique so that components maintain their 
identity across updates. Non-unique keys may cause children to be duplicated and/or omitted ΓÇö the behavior is 
unsupported and could change in a future version.
Encountered two children with the same key, `bison_extra`. Keys should be unique so that components maintain their 
identity across updates. Non-unique keys may cause children to be duplicated and/or omitted ΓÇö the behavior is 
unsupported and could change in a future version.
Encountered two children with the same key, `tamale_extra`. Keys should be unique so that components maintain their 
identity across updates. Non-unique keys may cause children to be duplicated and/or omitted ΓÇö the behavior is 
unsupported and could change in a future version.
Encountered two children with the same key, `ginger_extra`. Keys should be unique so that components maintain their 
identity across updates. Non-unique keys may cause children to be duplicated and/or omitted ΓÇö the behavior is 
unsupported and could change in a future version.
Encountered two children with the same key, `pea_pod_extra`. Keys should be unique so that components maintain their 
identity across updates. Non-unique keys may cause children to be duplicated and/or omitted ΓÇö the behavior is 
unsupported and could change in a future version.
Encountered two children with the same key, `hamsa_extra`. Keys should be unique so that components maintain their 
identity across updates. Non-unique keys may cause children to be duplicated and/or omitted ΓÇö the behavior is 
unsupported and could change in a future version.
Encountered two children with the same key, `plunger_extra`. Keys should be unique so that components maintain their 
identity across updates. Non-unique keys may cause children to be duplicated and/or omitted ΓÇö the behavior is 
unsupported and could change in a future version.
Encountered two children with the same key, `mouse_trap_extra`. Keys should be unique so that components maintain 
their identity across updates. Non-unique keys may cause children to be duplicated and/or omitted ΓÇö the behavior is 
unsupported and could change in a future version.
Encountered two children with the same key, `bucket_extra`. Keys should be unique so that components maintain their 
identity across updates. Non-unique keys may cause children to be duplicated and/or omitted ΓÇö the behavior is 
unsupported and could change in a future version.
Encountered two children with the same key, `ladder_extra`. Keys should be unique so that components maintain their 
identity across updates. Non-unique keys may cause children to be duplicated and/or omitted ΓÇö the behavior is 
unsupported and could change in a future version.
Encountered two children with the same key, `carpentry_saw_extra`. Keys should be unique so that components maintain 
their identity across updates. Non-unique keys may cause children to be duplicated and/or omitted ΓÇö the behavior is 
unsupported and could change in a future version.
Encountered two children with the same key, `screwdriver_extra`. Keys should be unique so that components maintain 
their identity across updates. Non-unique keys may cause children to be duplicated and/or omitted ΓÇö the behavior is 
unsupported and could change in a future version.
Encountered two children with the same key, `hook_extra`. Keys should be unique so that components maintain their 
identity across updates. Non-unique keys may cause children to be duplicated and/or omitted ΓÇö the behavior is 
unsupported and could change in a future version.
Encountered two children with the same key, `magnet_extra`. Keys should be unique so that components maintain their 
identity across updates. Non-unique keys may cause children to be duplicated and/or omitted ΓÇö the behavior is 
unsupported and could change in a future version.
Encountered two children with the same key, `knot_extra`. Keys should be unique so that components maintain their 
identity across updates. Non-unique keys may cause children to be duplicated and/or omitted ΓÇö the behavior is 
unsupported and could change in a future version.
Encountered two children with the same key, `potted_plant_extra`. Keys should be unique so that components maintain 
their identity across updates. Non-unique keys may cause children to be duplicated and/or omitted ΓÇö the behavior is 
unsupported and could change in a future version.
Encountered two children with the same key, `mirror_extra`. Keys should be unique so that components maintain their 
identity across updates. Non-unique keys may cause children to be duplicated and/or omitted ΓÇö the behavior is 
unsupported and could change in a future version.
Encountered two children with the same key, `window_extra`. Keys should be unique so that components maintain their 
identity across updates. Non-unique keys may cause children to be duplicated and/or omitted ΓÇö the behavior is 
unsupported and could change in a future version.
Encountered two children with the same key, `wheel_extra`. Keys should be unique so that components maintain their 
identity across updates. Non-unique keys may cause children to be duplicated and/or omitted ΓÇö the behavior is 
unsupported and could change in a future version.
Encountered two children with the same key, `skateboard_extra`. Keys should be unique so that components maintain 
their identity across updates. Non-unique keys may cause children to be duplicated and/or omitted ΓÇö the behavior is 
unsupported and could change in a future version.
Encountered two children with the same key, `crayon_extra`. Keys should be unique so that components maintain their 
identity across updates. Non-unique keys may cause children to be duplicated and/or omitted ΓÇö the behavior is 
unsupported and could change in a future version.
Encountered two children with the same key, `paintbrush_extra`. Keys should be unique so that components maintain 
their identity across updates. Non-unique keys may cause children to be duplicated and/or omitted ΓÇö the behavior is 
unsupported and could change in a future version.

 Γ£ô packages/ui/src/components/__tests__/sidebar-group.test.tsx (5 tests) 134ms
 Γ£ô packages/ui/src/components/__tests__/button.test.tsx (7 tests) 66ms
stderr | apps/web/components/chat/__tests__/emoji-picker.test.tsx > EmojiPicker > calls onSelect when an emoji is 
clicked
Encountered two children with the same key, `brown_mushroom`. Keys should be unique so that components maintain their 
identity across updates. Non-unique keys may cause children to be duplicated and/or omitted ΓÇö the behavior is 
unsupported and could change in a future version.
Encountered two children with the same key, `ladder_extra`. Keys should be unique so that components maintain their 
identity across updates. Non-unique keys may cause children to be duplicated and/or omitted ΓÇö the behavior is 
unsupported and could change in a future version.
Encountered two children with the same key, `bison_extra`. Keys should be unique so that components maintain their 
identity across updates. Non-unique keys may cause children to be duplicated and/or omitted ΓÇö the behavior is 
unsupported and could change in a future version.
Encountered two children with the same key, `tamale_extra`. Keys should be unique so that components maintain their 
identity across updates. Non-unique keys may cause children to be duplicated and/or omitted ΓÇö the behavior is 
unsupported and could change in a future version.
Encountered two children with the same key, `ginger_extra`. Keys should be unique so that components maintain their 
identity across updates. Non-unique keys may cause children to be duplicated and/or omitted ΓÇö the behavior is 
unsupported and could change in a future version.
Encountered two children with the same key, `pea_pod_extra`. Keys should be unique so that components maintain their 
identity across updates. Non-unique keys may cause children to be duplicated and/or omitted ΓÇö the behavior is 
unsupported and could change in a future version.
Encountered two children with the same key, `hamsa_extra`. Keys should be unique so that components maintain their 
identity across updates. Non-unique keys may cause children to be duplicated and/or omitted ΓÇö the behavior is 
unsupported and could change in a future version.
Encountered two children with the same key, `plunger_extra`. Keys should be unique so that components maintain their 
identity across updates. Non-unique keys may cause children to be duplicated and/or omitted ΓÇö the behavior is 
unsupported and could change in a future version.
Encountered two children with the same key, `mouse_trap_extra`. Keys should be unique so that components maintain 
their identity across updates. Non-unique keys may cause children to be duplicated and/or omitted ΓÇö the behavior is 
unsupported and could change in a future version.
Encountered two children with the same key, `bucket_extra`. Keys should be unique so that components maintain their 
identity across updates. Non-unique keys may cause children to be duplicated and/or omitted ΓÇö the behavior is 
unsupported and could change in a future version.
Encountered two children with the same key, `ladder_extra`. Keys should be unique so that components maintain their 
identity across updates. Non-unique keys may cause children to be duplicated and/or omitted ΓÇö the behavior is 
unsupported and could change in a future version.
Encountered two children with the same key, `carpentry_saw_extra`. Keys should be unique so that components maintain 
their identity across updates. Non-unique keys may cause children to be duplicated and/or omitted ΓÇö the behavior is 
unsupported and could change in a future version.
Encountered two children with the same key, `screwdriver_extra`. Keys should be unique so that components maintain 
their identity across updates. Non-unique keys may cause children to be duplicated and/or omitted ΓÇö the behavior is 
unsupported and could change in a future version.
Encountered two children with the same key, `hook_extra`. Keys should be unique so that components maintain their 
identity across updates. Non-unique keys may cause children to be duplicated and/or omitted ΓÇö the behavior is 
unsupported and could change in a future version.
Encountered two children with the same key, `magnet_extra`. Keys should be unique so that components maintain their 
identity across updates. Non-unique keys may cause children to be duplicated and/or omitted ΓÇö the behavior is 
unsupported and could change in a future version.
Encountered two children with the same key, `knot_extra`. Keys should be unique so that components maintain their 
identity across updates. Non-unique keys may cause children to be duplicated and/or omitted ΓÇö the behavior is 
unsupported and could change in a future version.
Encountered two children with the same key, `potted_plant_extra`. Keys should be unique so that components maintain 
their identity across updates. Non-unique keys may cause children to be duplicated and/or omitted ΓÇö the behavior is 
unsupported and could change in a future version.
Encountered two children with the same key, `mirror_extra`. Keys should be unique so that components maintain their 
identity across updates. Non-unique keys may cause children to be duplicated and/or omitted ΓÇö the behavior is 
unsupported and could change in a future version.
Encountered two children with the same key, `window_extra`. Keys should be unique so that components maintain their 
identity across updates. Non-unique keys may cause children to be duplicated and/or omitted ΓÇö the behavior is 
unsupported and could change in a future version.
Encountered two children with the same key, `wheel_extra`. Keys should be unique so that components maintain their 
identity across updates. Non-unique keys may cause children to be duplicated and/or omitted ΓÇö the behavior is 
unsupported and could change in a future version.

stderr | apps/web/components/chat/__tests__/emoji-picker.test.tsx > EmojiPicker > calls onSelect when an emoji is 
clicked
Encountered two children with the same key, `brown_mushroom`. Keys should be unique so that components maintain their 
identity across updates. Non-unique keys may cause children to be duplicated and/or omitted ΓÇö the behavior is 
unsupported and could change in a future version.
Encountered two children with the same key, `ladder_extra`. Keys should be unique so that components maintain their 
identity across updates. Non-unique keys may cause children to be duplicated and/or omitted ΓÇö the behavior is 
unsupported and could change in a future version.
Encountered two children with the same key, `bison_extra`. Keys should be unique so that components maintain their 
identity across updates. Non-unique keys may cause children to be duplicated and/or omitted ΓÇö the behavior is 
unsupported and could change in a future version.
Encountered two children with the same key, `tamale_extra`. Keys should be unique so that components maintain their 
identity across updates. Non-unique keys may cause children to be duplicated and/or omitted ΓÇö the behavior is 
unsupported and could change in a future version.
Encountered two children with the same key, `ginger_extra`. Keys should be unique so that components maintain their 
identity across updates. Non-unique keys may cause children to be duplicated and/or omitted ΓÇö the behavior is 
unsupported and could change in a future version.
Encountered two children with the same key, `pea_pod_extra`. Keys should be unique so that components maintain their 
identity across updates. Non-unique keys may cause children to be duplicated and/or omitted ΓÇö the behavior is 
unsupported and could change in a future version.
Encountered two children with the same key, `hamsa_extra`. Keys should be unique so that components maintain their 
identity across updates. Non-unique keys may cause children to be duplicated and/or omitted ΓÇö the behavior is 
unsupported and could change in a future version.
Encountered two children with the same key, `plunger_extra`. Keys should be unique so that components maintain their 
identity across updates. Non-unique keys may cause children to be duplicated and/or omitted ΓÇö the behavior is 
unsupported and could change in a future version.
Encountered two children with the same key, `mouse_trap_extra`. Keys should be unique so that components maintain 
their identity across updates. Non-unique keys may cause children to be duplicated and/or omitted ΓÇö the behavior is 
unsupported and could change in a future version.
Encountered two children with the same key, `bucket_extra`. Keys should be unique so that components maintain their 
identity across updates. Non-unique keys may cause children to be duplicated and/or omitted ΓÇö the behavior is 
unsupported and could change in a future version.
Encountered two children with the same key, `ladder_extra`. Keys should be unique so that components maintain their 
identity across updates. Non-unique keys may cause children to be duplicated and/or omitted ΓÇö the behavior is 
unsupported and could change in a future version.
Encountered two children with the same key, `carpentry_saw_extra`. Keys should be unique so that components maintain 
their identity across updates. Non-unique keys may cause children to be duplicated and/or omitted ΓÇö the behavior is 
unsupported and could change in a future version.
Encountered two children with the same key, `screwdriver_extra`. Keys should be unique so that components maintain 
their identity across updates. Non-unique keys may cause children to be duplicated and/or omitted ΓÇö the behavior is 
unsupported and could change in a future version.
Encountered two children with the same key, `hook_extra`. Keys should be unique so that components maintain their 
identity across updates. Non-unique keys may cause children to be duplicated and/or omitted ΓÇö the behavior is 
unsupported and could change in a future version.
Encountered two children with the same key, `magnet_extra`. Keys should be unique so that components maintain their 
identity across updates. Non-unique keys may cause children to be duplicated and/or omitted ΓÇö the behavior is 
unsupported and could change in a future version.
Encountered two children with the same key, `knot_extra`. Keys should be unique so that components maintain their 
identity across updates. Non-unique keys may cause children to be duplicated and/or omitted ΓÇö the behavior is 
unsupported and could change in a future version.
Encountered two children with the same key, `potted_plant_extra`. Keys should be unique so that components maintain 
their identity across updates. Non-unique keys may cause children to be duplicated and/or omitted ΓÇö the behavior is 
unsupported and could change in a future version.
Encountered two children with the same key, `mirror_extra`. Keys should be unique so that components maintain their 
identity across updates. Non-unique keys may cause children to be duplicated and/or omitted ΓÇö the behavior is 
unsupported and could change in a future version.
Encountered two children with the same key, `window_extra`. Keys should be unique so that components maintain their 
identity across updates. Non-unique keys may cause children to be duplicated and/or omitted ΓÇö the behavior is 
unsupported and could change in a future version.
Encountered two children with the same key, `wheel_extra`. Keys should be unique so that components maintain their 
identity across updates. Non-unique keys may cause children to be duplicated and/or omitted ΓÇö the behavior is 
unsupported and could change in a future version.

stderr | apps/web/components/chat/__tests__/emoji-picker.test.tsx > EmojiPicker > calls onSelect when an emoji is 
clicked
Encountered two children with the same key, `brown_mushroom`. Keys should be unique so that components maintain their 
identity across updates. Non-unique keys may cause children to be duplicated and/or omitted ΓÇö the behavior is 
unsupported and could change in a future version.
Encountered two children with the same key, `ladder_extra`. Keys should be unique so that components maintain their 
identity across updates. Non-unique keys may cause children to be duplicated and/or omitted ΓÇö the behavior is 
unsupported and could change in a future version.
Encountered two children with the same key, `bison_extra`. Keys should be unique so that components maintain their 
identity across updates. Non-unique keys may cause children to be duplicated and/or omitted ΓÇö the behavior is 
unsupported and could change in a future version.
Encountered two children with the same key, `tamale_extra`. Keys should be unique so that components maintain their 
identity across updates. Non-unique keys may cause children to be duplicated and/or omitted ΓÇö the behavior is 
unsupported and could change in a future version.
Encountered two children with the same key, `ginger_extra`. Keys should be unique so that components maintain their 
identity across updates. Non-unique keys may cause children to be duplicated and/or omitted ΓÇö the behavior is 
unsupported and could change in a future version.
Encountered two children with the same key, `pea_pod_extra`. Keys should be unique so that components maintain their 
identity across updates. Non-unique keys may cause children to be duplicated and/or omitted ΓÇö the behavior is 
unsupported and could change in a future version.
Encountered two children with the same key, `hamsa_extra`. Keys should be unique so that components maintain their 
identity across updates. Non-unique keys may cause children to be duplicated and/or omitted ΓÇö the behavior is 
unsupported and could change in a future version.
Encountered two children with the same key, `plunger_extra`. Keys should be unique so that components maintain their 
identity across updates. Non-unique keys may cause children to be duplicated and/or omitted ΓÇö the behavior is 
unsupported and could change in a future version.
Encountered two children with the same key, `mouse_trap_extra`. Keys should be unique so that components maintain 
their identity across updates. Non-unique keys may cause children to be duplicated and/or omitted ΓÇö the behavior is 
unsupported and could change in a future version.
Encountered two children with the same key, `bucket_extra`. Keys should be unique so that components maintain their 
identity across updates. Non-unique keys may cause children to be duplicated and/or omitted ΓÇö the behavior is 
unsupported and could change in a future version.
Encountered two children with the same key, `ladder_extra`. Keys should be unique so that components maintain their 
identity across updates. Non-unique keys may cause children to be duplicated and/or omitted ΓÇö the behavior is 
unsupported and could change in a future version.
Encountered two children with the same key, `carpentry_saw_extra`. Keys should be unique so that components maintain 
their identity across updates. Non-unique keys may cause children to be duplicated and/or omitted ΓÇö the behavior is 
unsupported and could change in a future version.
Encountered two children with the same key, `screwdriver_extra`. Keys should be unique so that components maintain 
their identity across updates. Non-unique keys may cause children to be duplicated and/or omitted ΓÇö the behavior is 
unsupported and could change in a future version.
Encountered two children with the same key, `hook_extra`. Keys should be unique so that components maintain their 
identity across updates. Non-unique keys may cause children to be duplicated and/or omitted ΓÇö the behavior is 
unsupported and could change in a future version.
Encountered two children with the same key, `magnet_extra`. Keys should be unique so that components maintain their 
identity across updates. Non-unique keys may cause children to be duplicated and/or omitted ΓÇö the behavior is 
unsupported and could change in a future version.
Encountered two children with the same key, `knot_extra`. Keys should be unique so that components maintain their 
identity across updates. Non-unique keys may cause children to be duplicated and/or omitted ΓÇö the behavior is 
unsupported and could change in a future version.
Encountered two children with the same key, `potted_plant_extra`. Keys should be unique so that components maintain 
their identity across updates. Non-unique keys may cause children to be duplicated and/or omitted ΓÇö the behavior is 
unsupported and could change in a future version.
Encountered two children with the same key, `mirror_extra`. Keys should be unique so that components maintain their 
identity across updates. Non-unique keys may cause children to be duplicated and/or omitted ΓÇö the behavior is 
unsupported and could change in a future version.
Encountered two children with the same key, `window_extra`. Keys should be unique so that components maintain their 
identity across updates. Non-unique keys may cause children to be duplicated and/or omitted ΓÇö the behavior is 
unsupported and could change in a future version.
Encountered two children with the same key, `wheel_extra`. Keys should be unique so that components maintain their 
identity across updates. Non-unique keys may cause children to be duplicated and/or omitted ΓÇö the behavior is 
unsupported and could change in a future version.

stderr | apps/web/components/chat/__tests__/emoji-picker.test.tsx > EmojiPicker > calls onClose when clicking outside
Encountered two children with the same key, `brown_mushroom`. Keys should be unique so that components maintain their 
identity across updates. Non-unique keys may cause children to be duplicated and/or omitted ΓÇö the behavior is 
unsupported and could change in a future version.
Encountered two children with the same key, `ladder_extra`. Keys should be unique so that components maintain their 
identity across updates. Non-unique keys may cause children to be duplicated and/or omitted ΓÇö the behavior is 
unsupported and could change in a future version.
Encountered two children with the same key, `bison_extra`. Keys should be unique so that components maintain their 
identity across updates. Non-unique keys may cause children to be duplicated and/or omitted ΓÇö the behavior is 
unsupported and could change in a future version.
Encountered two children with the same key, `tamale_extra`. Keys should be unique so that components maintain their 
identity across updates. Non-unique keys may cause children to be duplicated and/or omitted ΓÇö the behavior is 
unsupported and could change in a future version.
Encountered two children with the same key, `ginger_extra`. Keys should be unique so that components maintain their 
identity across updates. Non-unique keys may cause children to be duplicated and/or omitted ΓÇö the behavior is 
unsupported and could change in a future version.
Encountered two children with the same key, `pea_pod_extra`. Keys should be unique so that components maintain their 
identity across updates. Non-unique keys may cause children to be duplicated and/or omitted ΓÇö the behavior is 
unsupported and could change in a future version.
Encountered two children with the same key, `hamsa_extra`. Keys should be unique so that components maintain their 
identity across updates. Non-unique keys may cause children to be duplicated and/or omitted ΓÇö the behavior is 
unsupported and could change in a future version.
Encountered two children with the same key, `plunger_extra`. Keys should be unique so that components maintain their 
identity across updates. Non-unique keys may cause children to be duplicated and/or omitted ΓÇö the behavior is 
unsupported and could change in a future version.
Encountered two children with the same key, `mouse_trap_extra`. Keys should be unique so that components maintain 
their identity across updates. Non-unique keys may cause children to be duplicated and/or omitted ΓÇö the behavior is 
unsupported and could change in a future version.
Encountered two children with the same key, `bucket_extra`. Keys should be unique so that components maintain their 
identity across updates. Non-unique keys may cause children to be duplicated and/or omitted ΓÇö the behavior is 
unsupported and could change in a future version.
Encountered two children with the same key, `ladder_extra`. Keys should be unique so that components maintain their 
identity across updates. Non-unique keys may cause children to be duplicated and/or omitted ΓÇö the behavior is 
unsupported and could change in a future version.
Encountered two children with the same key, `carpentry_saw_extra`. Keys should be unique so that components maintain 
their identity across updates. Non-unique keys may cause children to be duplicated and/or omitted ΓÇö the behavior is 
unsupported and could change in a future version.
Encountered two children with the same key, `screwdriver_extra`. Keys should be unique so that components maintain 
their identity across updates. Non-unique keys may cause children to be duplicated and/or omitted ΓÇö the behavior is 
unsupported and could change in a future version.
Encountered two children with the same key, `hook_extra`. Keys should be unique so that components maintain their 
identity across updates. Non-unique keys may cause children to be duplicated and/or omitted ΓÇö the behavior is 
unsupported and could change in a future version.
Encountered two children with the same key, `magnet_extra`. Keys should be unique so that components maintain their 
identity across updates. Non-unique keys may cause children to be duplicated and/or omitted ΓÇö the behavior is 
unsupported and could change in a future version.
Encountered two children with the same key, `knot_extra`. Keys should be unique so that components maintain their 
identity across updates. Non-unique keys may cause children to be duplicated and/or omitted ΓÇö the behavior is 
unsupported and could change in a future version.
Encountered two children with the same key, `potted_plant_extra`. Keys should be unique so that components maintain 
their identity across updates. Non-unique keys may cause children to be duplicated and/or omitted ΓÇö the behavior is 
unsupported and could change in a future version.
Encountered two children with the same key, `mirror_extra`. Keys should be unique so that components maintain their 
identity across updates. Non-unique keys may cause children to be duplicated and/or omitted ΓÇö the behavior is 
unsupported and could change in a future version.
Encountered two children with the same key, `window_extra`. Keys should be unique so that components maintain their 
identity across updates. Non-unique keys may cause children to be duplicated and/or omitted ΓÇö the behavior is 
unsupported and could change in a future version.
Encountered two children with the same key, `wheel_extra`. Keys should be unique so that components maintain their 
identity across updates. Non-unique keys may cause children to be duplicated and/or omitted ΓÇö the behavior is 
unsupported and could change in a future version.

stderr | apps/web/components/chat/__tests__/emoji-picker.test.tsx > EmojiPicker > calls onClose on Escape key
Encountered two children with the same key, `brown_mushroom`. Keys should be unique so that components maintain their 
identity across updates. Non-unique keys may cause children to be duplicated and/or omitted ΓÇö the behavior is 
unsupported and could change in a future version.
Encountered two children with the same key, `ladder_extra`. Keys should be unique so that components maintain their 
identity across updates. Non-unique keys may cause children to be duplicated and/or omitted ΓÇö the behavior is 
unsupported and could change in a future version.
Encountered two children with the same key, `bison_extra`. Keys should be unique so that components maintain their 
identity across updates. Non-unique keys may cause children to be duplicated and/or omitted ΓÇö the behavior is 
unsupported and could change in a future version.
Encountered two children with the same key, `tamale_extra`. Keys should be unique so that components maintain their 
identity across updates. Non-unique keys may cause children to be duplicated and/or omitted ΓÇö the behavior is 
unsupported and could change in a future version.
Encountered two children with the same key, `ginger_extra`. Keys should be unique so that components maintain their 
identity across updates. Non-unique keys may cause children to be duplicated and/or omitted ΓÇö the behavior is 
unsupported and could change in a future version.
Encountered two children with the same key, `pea_pod_extra`. Keys should be unique so that components maintain their 
identity across updates. Non-unique keys may cause children to be duplicated and/or omitted ΓÇö the behavior is 
unsupported and could change in a future version.
Encountered two children with the same key, `hamsa_extra`. Keys should be unique so that components maintain their 
identity across updates. Non-unique keys may cause children to be duplicated and/or omitted ΓÇö the behavior is 
unsupported and could change in a future version.
Encountered two children with the same key, `plunger_extra`. Keys should be unique so that components maintain their 
identity across updates. Non-unique keys may cause children to be duplicated and/or omitted ΓÇö the behavior is 
unsupported and could change in a future version.
Encountered two children with the same key, `mouse_trap_extra`. Keys should be unique so that components maintain 
their identity across updates. Non-unique keys may cause children to be duplicated and/or omitted ΓÇö the behavior is 
unsupported and could change in a future version.
Encountered two children with the same key, `bucket_extra`. Keys should be unique so that components maintain their 
identity across updates. Non-unique keys may cause children to be duplicated and/or omitted ΓÇö the behavior is 
unsupported and could change in a future version.
Encountered two children with the same key, `ladder_extra`. Keys should be unique so that components maintain their 
identity across updates. Non-unique keys may cause children to be duplicated and/or omitted ΓÇö the behavior is 
unsupported and could change in a future version.
Encountered two children with the same key, `carpentry_saw_extra`. Keys should be unique so that components maintain 
their identity across updates. Non-unique keys may cause children to be duplicated and/or omitted ΓÇö the behavior is 
unsupported and could change in a future version.
Encountered two children with the same key, `screwdriver_extra`. Keys should be unique so that components maintain 
their identity across updates. Non-unique keys may cause children to be duplicated and/or omitted ΓÇö the behavior is 
unsupported and could change in a future version.
Encountered two children with the same key, `hook_extra`. Keys should be unique so that components maintain their 
identity across updates. Non-unique keys may cause children to be duplicated and/or omitted ΓÇö the behavior is 
unsupported and could change in a future version.
Encountered two children with the same key, `magnet_extra`. Keys should be unique so that components maintain their 
identity across updates. Non-unique keys may cause children to be duplicated and/or omitted ΓÇö the behavior is 
unsupported and could change in a future version.
Encountered two children with the same key, `knot_extra`. Keys should be unique so that components maintain their 
identity across updates. Non-unique keys may cause children to be duplicated and/or omitted ΓÇö the behavior is 
unsupported and could change in a future version.
Encountered two children with the same key, `potted_plant_extra`. Keys should be unique so that components maintain 
their identity across updates. Non-unique keys may cause children to be duplicated and/or omitted ΓÇö the behavior is 
unsupported and could change in a future version.
Encountered two children with the same key, `mirror_extra`. Keys should be unique so that components maintain their 
identity across updates. Non-unique keys may cause children to be duplicated and/or omitted ΓÇö the behavior is 
unsupported and could change in a future version.
Encountered two children with the same key, `window_extra`. Keys should be unique so that components maintain their 
identity across updates. Non-unique keys may cause children to be duplicated and/or omitted ΓÇö the behavior is 
unsupported and could change in a future version.
Encountered two children with the same key, `wheel_extra`. Keys should be unique so that components maintain their 
identity across updates. Non-unique keys may cause children to be duplicated and/or omitted ΓÇö the behavior is 
unsupported and could change in a future version.

 Γ£ô apps/web/components/chat/__tests__/emoji-picker.test.tsx (7 tests) 1407ms
   Γ£ô EmojiPicker > shows no results message when search yields no matches  310ms
   Γ£ô EmojiPicker > calls onSelect when an emoji is clicked  510ms
 Γ£ô packages/ui/src/components/__tests__/avatar.test.tsx (4 tests) 43ms
 Γ£ô apps/web/components/home/__tests__/landing-shell.test.tsx (5 tests) 107ms
 Γ£ô packages/ui/src/components/__tests__/input.test.tsx (4 tests) 130ms
 Γ£ô packages/ui/src/components/__tests__/badge.test.tsx (3 tests) 31ms

 Test Files  63 passed (63)
      Tests  503 passed (503)
   Start at  11:32:04
   Duration  18.66s (transform 2.59s, setup 14.36s, collect 8.38s, tests 6.85s, environment 9.90s, prepare 5.35s)


EXIT_CODE=0
