# Remediation verification - PS-005 (falcon-edge)
# Findings: TEST-P2-001 (stale/inconsistent test counts), HYG-P2-001 (summary doc drift),
#           CI-P3-001 (documented Dependabot cadence vs workflow cron)
# Branch:   remediation/ps-005-20261003-0018-fix-trust-root-87532ec
# Base:     origin/main (af6f83a)
# Commit:   f2dbd1dc5aaa90a88096c404be163d54ea7df8fc
# Runner:   edge-builder VM (172.23.128.52), Ubuntu 24.04, Python 3.12.3, pytest 7.4.4, gitleaks 8.30.1
# Method:   git archive of the committed branch -> scp -> remote script. The edge-builder job API
#           returns 404 for /sync and /repos and has no workspace, so the documented SSH fallback
#           was used (runner prompt step 5 permits local/SSH fallback when the job API cannot sync).
# Captured: 2026-10-03T07:06:30Z
# Scope:    docs-only change; tests/phase2 is a regression check, tests/phase10 is the docs drift guard.

PWD=/home/ubuntu/ps005-falcon-edge

## python3 -m pytest -q tests/phase2
........................................................................ [ 98%]
.                                                                        [100%]
73 passed in 42.65s
EXIT=0

## python3 -m pytest -q tests/phase10/test_ci_doc_drift.py
...                                                                      [100%]
3 passed in 0.02s
EXIT=0

## bash ci/validate.sh
== json/yaml parse ==
PASS json/yaml parse
== openapi lint ==
PASS  openapi lint: 19 paths, 19 operations, 30 schemas
== generated models ==
  [remote stderr, pre-existing/unrelated] api/generate_models.py:26: SyntaxWarning: invalid escape sequence '\S'
  HEADER = '''"""Generated by api/generate_models.py from api/openapi/falcon-edge-v1.yaml.
PASS  generated models in sync with the contract
== exported schemas ==
PASS  exported schemas in sync (30 files)
== decision register ==
NOTE  additional areas present: active_discovery, monitoring_scope_details
PASS  decision register valid: 21 decisions, all required areas covered
== gate ledger ==
PASS  gate ledger (88 gates, semantics + round-trip)
== evidence integrity ==
WARN  raw artifact without metadata (possibly an in-progress capture): evidence/raw/P7-G05/qemu-drill-20261001T063831Z/results.txt
PASS  evidence integrity: 472 captures verified, 1 in-progress/orphan artifact(s) warned
== evidence index sync ==
evidence_index: 472 entries; integrity_failures=0
evidence index check: OK (472 entries; tracked index matches rebuild)
== evidence manifest sync ==
manifest check: OK (945 entries verified)
== evidence size budget ==
PASS  evidence size: 946 files, 2.5 MiB (budget 2500 files / 50 MiB)
== license gate ==
WARN   bcc 0.29.1: no license metadata
NOTE   certifi 2023.11.17: MPL-2.0 (weak copyleft; keep attribution)
OS     chardet 5.2.0: LGPL (apt-managed base OS)
OS     cloud-init 26.1: GPL (apt-managed base OS)
WARN   command-not-found 0.3: no license metadata
WARN   distro-info 1.7+build1: no license metadata
OS     launchpadlib 1.11.0: LGPL (apt-managed base OS)
OS     lazr.restfulclient 0.14.6: LGPL (apt-managed base OS)
OS     lazr.uri 1.0.6: LGPL (apt-managed base OS)
OS     PyGObject 3.48.2: LGPL (apt-managed base OS)
OS     python-apt 2.7.7+ubuntu5.3: GPL (apt-managed base OS)
OS     python-debian 0.1.49+ubuntu2: GPL (apt-managed base OS)
OS     sos 4.11.2: GPL (apt-managed base OS)
OS     ssh-import-id 5.11: GPL (apt-managed base OS)
OS     systemd-python 235: LGPL (apt-managed base OS)
OS     ubuntu-pro-client 8001: GPL (apt-managed base OS)
OS     ufw 0.36.2: GPL (apt-managed base OS)
WARN   unattended-upgrades 0.1: no license metadata
OS     wadllib 1.3.6: LGPL (apt-managed base OS)
WARN   zope.interface 6.1: unrecognised license: ZPL 2.1
license gate: scanned=79 allow=59 allow-note=1 warn=5 deny=0 os-baseline=14
== secret scan ==
PASS  secret scan: 1335 files, no findings

validation: ALL PASS
EXIT=0

## gitleaks detect --no-git --redact --source . -v
  [gitleaks 8.30.1]

7:05AM INF scanned ~6429382 bytes (6.43 MB) in 38.4s
7:05AM INF no leaks found
EXIT=0
