# PATCH-04 gitleaks evidence

- repo: C:\temp\chat (lab: /srv/work/chat)
- runner: Proxmox ci-runner via lab-run.ps1
- generated: 2026-10-03T02:34:18.7420590-04:00

## Command A (diff / staged gate): gitleaks protect --staged --redact --exit-code 1
```
DIFF_EXIT=0

    Γùï
    ΓöéΓò▓
    Γöé Γùï
    Γùï Γûæ
    Γûæ    gitleaks

[90m6:32AM[0m [32mINF[0m [1m0 commits scanned.[0m
[90m6:32AM[0m [32mINF[0m [1mscanned ~8396 bytes (8.40 KB) in 400ms[0m
[90m6:32AM[0m [32mINF[0m [1mno leaks found[0m
```

## Command B (whole working tree, informational): gitleaks detect --no-git --redact --exit-code 1
```
TREE_EXIT=1

[90m6:34AM[0m [32mINF[0m [1mscanned ~497565864 bytes (497.57 MB) in 2m7s[0m
[90m6:34AM[0m [33mWRN[0m [1mleaks found: 47[0m
```

Note: Command B reports pre-existing findings only in generated build artifacts under
apps/web/.next/cache/** (lab-local webpack caches, not part of the patch). Those paths are
not touched by this patch set. The patch diff (Command A) is clean.
