# PATCH-04 verification log

- repo: C:\temp\chat (lab copy: /srv/work/chat)
- base: origin/develop
- local commit at verification: a72b8cc43590848b052bd5e8954dbbc726b3d7fd
- generated: 2026-10-03T02:29:51.4788218-04:00
- runner: Proxmox ci-runner via lab-run.ps1 (172.23.128.51)
- note: working tree (uncommitted fix + tests) was synced to the lab before running

## Command 1 (profile): corepack pnpm install --frozen-lockfile && corepack pnpm --filter api test

```
Scope: all 8 workspace projects
Lockfile is up to date, resolution step is skipped
Progress: resolved 0, reused 1, downloaded 0, added 0
Progress: resolved 0, reused 65, downloaded 0, added 0
Packages: -138
--------------------------------------------------------------------------------
Progress: resolved 0, reused 138, downloaded 0, added 0, done

. prepare$ husky
. prepare: Done
Done in 3.1s

> @chat/api@0.0.0 test /srv/work/chat/apps/api
> vitest run


 RUN  v3.2.6 /srv/work/chat

stderr | apps/web/components/chat/__tests__/emoji-picker.test.tsx > EmojiPicker > renders the emoji picker popup
Encountered two children with the same key, `brown_mushroom`. Keys should be unique so that components maintain their identity across updates. Non-unique keys may cause children to be duplicated and/or omitted ΓÇö the behavior is unsupported and could change in a future version.
Encountered two children with the same key, `ladder_extra`. Keys should be unique so that components maintain their identity across updates. Non-unique keys may cause children to be duplicated and/or omitted ΓÇö the behavior is unsupported and could change in a future version.
Encountered two children with the same key, `bison_extra`. Keys should be unique so that components maintain their identity across updates. Non-unique keys may cause children to be duplicated and/or omitted ΓÇö the behavior is unsupported and could change in a future version.
Encountered two children with the same key, `tamale_extra`. Keys should be unique so that components maintain their identity across updates. Non-unique keys may cause children to be duplicated and/or omitted ΓÇö the behavior is unsupported and could change in a future version.
Encountered two children with the same key, `ginger_extra`. Keys should be unique so that components maintain their identity across updates. Non-unique keys may cause children to be duplicated and/or omitted ΓÇö the behavior is unsupported and could change in a future version.
Encountered two children with the same key, `pea_pod_extra`. Keys should be unique so that components maintain their identity across updates. Non-unique keys may cause children to be duplicated and/or omitted ΓÇö the behavior is unsupported and could change in a future version.
Encountered two children with the same key, `hamsa_extra`. Keys should be unique so that components maintain their identity across updates. Non-unique keys may cause children to be duplicated and/or omitted ΓÇö the behavior is unsupported and could change in a future version.
Encountered two children with the same key, `plunger_extra`. Keys should be unique so that components maintain their identity across updates. Non-unique keys may cause children to be duplicated and/or omitted ΓÇö the behavior is unsupported and could change in a future version.
Encountered two children with the same key, `mouse_trap_extra`. Keys should be unique so that components maintain their identity across updates. Non-unique keys may cause children to be duplicated and/or omitted ΓÇö the behavior is unsupported and could change in a future version.
Encountered two children with the same key, `bucket_extra`. Keys should be unique so that components maintain their identity across updates. Non-unique keys may cause children to be duplicated and/or omitted ΓÇö the behavior is unsupported and could change in a future version.
Encountered two children with the same key, `ladder_extra`. Keys should be unique so that components maintain their identity across updates. Non-unique keys may cause children to be duplicated and/or omitted ΓÇö the behavior is unsupported and could change in a future version.
Encountered two children with the same key, `carpentry_saw_extra`. Keys should be unique so that components maintain their identity across updates. Non-unique keys may cause children to be duplicated and/or omitted ΓÇö the behavior is unsupported and could change in a future version.
Encountered two children with the same key, `screwdriver_extra`. Keys should be unique so that components maintain their identity across updates. Non-unique keys may cause children to be duplicated and/or omitted ΓÇö the behavior is unsupported and could change in a future version.
Encountered two children with the same key, `hook_extra`. Keys should be unique so that components maintain their identity across updates. Non-unique keys may cause children to be duplicated and/or omitted ΓÇö the behavior is unsupported and could change in a future version.
Encountered two children with the same key, `magnet_extra`. Keys should be unique so that components maintain their identity across updates. Non-unique keys may cause children to be duplicated and/or omitted ΓÇö the behavior is unsupported and could change in a future version.
Encountered two children with the same key, `knot_extra`. Keys should be unique so that components maintain their identity across updates. Non-unique keys may cause children to be duplicated and/or omitted ΓÇö the behavior is unsupported and could change in a future version.
Encountered two children with the same key, `potted_plant_extra`. Keys should be unique so that components maintain their identity across updates. Non-unique keys may cause children to be duplicated and/or omitted ΓÇö the behavior is unsupported and could change in a future version.
Encountered two children with the same key, `mirror_extra`. Keys should be unique so that components maintain their identity across updates. Non-unique keys may cause children to be duplicated and/or omitted ΓÇö the behavior is unsupported and could change in a future version.
Encountered two children with the same key, `window_extra`. Keys should be unique so that components maintain their identity across updates. Non-unique keys may cause children to be duplicated and/or omitted ΓÇö the behavior is unsupported and could change in a future version.
Encountered two children with the same key, `wheel_extra`. Keys should be unique so that components maintain their identity across updates. Non-unique keys may cause children to be duplicated and/or omitted ΓÇö the behavior is unsupported and could change in a future version.
System.Management.Automation.RemoteException
stderr | apps/web/components/chat/__tests__/emoji-picker.test.tsx > EmojiPicker > shows search input
Encountered two children with the same key, `brown_mushroom`. Keys should be unique so that components maintain their identity across updates. Non-unique keys may cause children to be duplicated and/or omitted ΓÇö the behavior is unsupported and could change in a future version.
Encountered two children with the same key, `ladder_extra`. Keys should be unique so that components maintain their identity across updates. Non-unique keys may cause children to be duplicated and/or omitted ΓÇö the behavior is unsupported and could change in a future version.
Encountered two children with the same key, `bison_extra`. Keys should be unique so that components maintain their identity across updates. Non-unique keys may cause children to be duplicated and/or omitted ΓÇö the behavior is unsupported and could change in a future version.
Encountered two children with the same key, `tamale_extra`. Keys should be unique so that components maintain their identity across updates. Non-unique keys may cause children to be duplicated and/or omitted ΓÇö the behavior is unsupported and could change in a future version.
Encountered two children with the same key, `ginger_extra`. Keys should be unique so that components maintain their identity across updates. Non-unique keys may cause children to be duplicated and/or omitted ΓÇö the behavior is unsupported and could change in a future version.
Encountered two children with the same key, `pea_pod_extra`. Keys should be unique so that components maintain their identity across updates. Non-unique keys may cause children to be duplicated and/or omitted ΓÇö the behavior is unsupported and could change in a future version.
Encountered two children with the same key, `hamsa_extra`. Keys should be unique so that components maintain their identity across updates. Non-unique keys may cause children to be duplicated and/or omitted ΓÇö the behavior is unsupported and could change in a future version.
Encountered two children with the same key, `plunger_extra`. Keys should be unique so that components maintain their identity across updates. Non-unique keys may cause children to be duplicated and/or omitted ΓÇö the behavior is unsupported and could change in a future version.
Encountered two children with the same key, `mouse_trap_extra`. Keys should be unique so that components maintain their identity across updates. Non-unique keys may cause children to be duplicated and/or omitted ΓÇö the behavior is unsupported and could change in a future version.
Encountered two children with the same key, `bucket_extra`. Keys should be unique so that components maintain their identity across updates. Non-unique keys may cause children to be duplicated and/or omitted ΓÇö the behavior is unsupported and could change in a future version.
Encountered two children with the same key, `ladder_extra`. Keys should be unique so that components maintain their identity across updates. Non-unique keys may cause children to be duplicated and/or omitted ΓÇö the behavior is unsupported and could change in a future version.
Encountered two children with the same key, `carpentry_saw_extra`. Keys should be unique so that components maintain their identity across updates. Non-unique keys may cause children to be duplicated and/or omitted ΓÇö the behavior is unsupported and could change in a future version.
Encountered two children with the same key, `screwdriver_extra`. Keys should be unique so that components maintain their identity across updates. Non-unique keys may cause children to be duplicated and/or omitted ΓÇö the behavior is unsupported and could change in a future version.
Encountered two children with the same key, `hook_extra`. Keys should be unique so that components maintain their identity across updates. Non-unique keys may cause children to be duplicated and/or omitted ΓÇö the behavior is unsupported and could change in a future version.
Encountered two children with the same key, `magnet_extra`. Keys should be unique so that components maintain their identity across updates. Non-unique keys may cause children to be duplicated and/or omitted ΓÇö the behavior is unsupported and could change in a future version.
Encountered two children with the same key, `knot_extra`. Keys should be unique so that components maintain their identity across updates. Non-unique keys may cause children to be duplicated and/or omitted ΓÇö the behavior is unsupported and could change in a future version.
Encountered two children with the same key, `potted_plant_extra`. Keys should be unique so that components maintain their identity across updates. Non-unique keys may cause children to be duplicated and/or omitted ΓÇö the behavior is unsupported and could change in a future version.
Encountered two children with the same key, `mirror_extra`. Keys should be unique so that components maintain their identity across updates. Non-unique keys may cause children to be duplicated and/or omitted ΓÇö the behavior is unsupported and could change in a future version.
Encountered two children with the same key, `window_extra`. Keys should be unique so that components maintain their identity across updates. Non-unique keys may cause children to be duplicated and/or omitted ΓÇö the behavior is unsupported and could change in a future version.
Encountered two children with the same key, `wheel_extra`. Keys should be unique so that components maintain their identity across updates. Non-unique keys may cause children to be duplicated and/or omitted ΓÇö the behavior is unsupported and could change in a future version.
System.Management.Automation.RemoteException
stderr | apps/web/components/chat/__tests__/emoji-picker.test.tsx > EmojiPicker > renders category tabs
Encountered two children with the same key, `brown_mushroom`. Keys should be unique so that components maintain their identity across updates. Non-unique keys may cause children to be duplicated and/or omitted ΓÇö the behavior is unsupported and could change in a future version.
Encountered two children with the same key, `ladder_extra`. Keys should be unique so that components maintain their identity across updates. Non-unique keys may cause children to be duplicated and/or omitted ΓÇö the behavior is unsupported and could change in a future version.
Encountered two children with the same key, `bison_extra`. Keys should be unique so that components maintain their identity across updates. Non-unique keys may cause children to be duplicated and/or omitted ΓÇö the behavior is unsupported and could change in a future version.
Encountered two children with the same key, `tamale_extra`. Keys should be unique so that components maintain their identity across updates. Non-unique keys may cause children to be duplicated and/or omitted ΓÇö the behavior is unsupported and could change in a future version.
Encountered two children with the same key, `ginger_extra`. Keys should be unique so that components maintain their identity across updates. Non-unique keys may cause children to be duplicated and/or omitted ΓÇö the behavior is unsupported and could change in a future version.
Encountered two children with the same key, `pea_pod_extra`. Keys should be unique so that components maintain their identity across updates. Non-unique keys may cause children to be duplicated and/or omitted ΓÇö the behavior is unsupported and could change in a future version.
Encountered two children with the same key, `hamsa_extra`. Keys should be unique so that components maintain their identity across updates. Non-unique keys may cause children to be duplicated and/or omitted ΓÇö the behavior is unsupported and could change in a future version.
Encountered two children with the same key, `plunger_extra`. Keys should be unique so that components maintain their identity across updates. Non-unique keys may cause children to be duplicated and/or omitted ΓÇö the behavior is unsupported and could change in a future version.
Encountered two children with the same key, `mouse_trap_extra`. Keys should be unique so that components maintain their identity across updates. Non-unique keys may cause children to be duplicated and/or omitted ΓÇö the behavior is unsupported and could change in a future version.
Encountered two children with the same key, `bucket_extra`. Keys should be unique so that components maintain their identity across updates. Non-unique keys may cause children to be duplicated and/or omitted ΓÇö the behavior is unsupported and could change in a future version.
Encountered two children with the same key, `ladder_extra`. Keys should be unique so that components maintain their identity across updates. Non-unique keys may cause children to be duplicated and/or omitted ΓÇö the behavior is unsupported and could change in a future version.
Encountered two children with the same key, `carpentry_saw_extra`. Keys should be unique so that components maintain their identity across updates. Non-unique keys may cause children to be duplicated and/or omitted ΓÇö the behavior is unsupported and could change in a future version.
Encountered two children with the same key, `screwdriver_extra`. Keys should be unique so that components maintain their identity across updates. Non-unique keys may cause children to be duplicated and/or omitted ΓÇö the behavior is unsupported and could change in a future version.
Encountered two children with the same key, `hook_extra`. Keys should be unique so that components maintain their identity across updates. Non-unique keys may cause children to be duplicated and/or omitted ΓÇö the behavior is unsupported and could change in a future version.
Encountered two children with the same key, `magnet_extra`. Keys should be unique so that components maintain their identity across updates. Non-unique keys may cause children to be duplicated and/or omitted ΓÇö the behavior is unsupported and could change in a future version.
Encountered two children with the same key, `knot_extra`. Keys should be unique so that components maintain their identity across updates. Non-unique keys may cause children to be duplicated and/or omitted ΓÇö the behavior is unsupported and could change in a future version.
Encountered two children with the same key, `potted_plant_extra`. Keys should be unique so that components maintain their identity across updates. Non-unique keys may cause children to be duplicated and/or omitted ΓÇö the behavior is unsupported and could change in a future version.
Encountered two children with the same key, `mirror_extra`. Keys should be unique so that components maintain their identity across updates. Non-unique keys may cause children to be duplicated and/or omitted ΓÇö the behavior is unsupported and could change in a future version.
Encountered two children with the same key, `window_extra`. Keys should be unique so that components maintain their identity across updates. Non-unique keys may cause children to be duplicated and/or omitted ΓÇö the behavior is unsupported and could change in a future version.
Encountered two children with the same key, `wheel_extra`. Keys should be unique so that components maintain their identity across updates. Non-unique keys may cause children to be duplicated and/or omitted ΓÇö the behavior is unsupported and could change in a future version.
System.Management.Automation.RemoteException
 Γ£ô apps/web/components/chat/__tests__/chat-view.test.tsx (25 tests) 1458ms
stderr | apps/web/components/chat/__tests__/emoji-picker.test.tsx > EmojiPicker > shows no results message when search yields no matches
Encountered two children with the same key, `brown_mushroom`. Keys should be unique so that components maintain their identity across updates. Non-unique keys may cause children to be duplicated and/or omitted ΓÇö the behavior is unsupported and could change in a future version.
Encountered two children with the same key, `ladder_extra`. Keys should be unique so that components maintain their identity across updates. Non-unique keys may cause children to be duplicated and/or omitted ΓÇö the behavior is unsupported and could change in a future version.
Encountered two children with the same key, `bison_extra`. Keys should be unique so that components maintain their identity across updates. Non-unique keys may cause children to be duplicated and/or omitted ΓÇö the behavior is unsupported and could change in a future version.
Encountered two children with the same key, `tamale_extra`. Keys should be unique so that components maintain their identity across updates. Non-unique keys may cause children to be duplicated and/or omitted ΓÇö the behavior is unsupported and could change in a future version.
Encountered two children with the same key, `ginger_extra`. Keys should be unique so that components maintain their identity across updates. Non-unique keys may cause children to be duplicated and/or omitted ΓÇö the behavior is unsupported and could change in a future version.
Encountered two children with the same key, `pea_pod_extra`. Keys should be unique so that components maintain their identity across updates. Non-unique keys may cause children to be duplicated and/or omitted ΓÇö the behavior is unsupported and could change in a future version.
Encountered two children with the same key, `hamsa_extra`. Keys should be unique so that components maintain their identity across updates. Non-unique keys may cause children to be duplicated and/or omitted ΓÇö the behavior is unsupported and could change in a future version.
Encountered two children with the same key, `plunger_extra`. Keys should be unique so that components maintain their identity across updates. Non-unique keys may cause children to be duplicated and/or omitted ΓÇö the behavior is unsupported and could change in a future version.
Encountered two children with the same key, `mouse_trap_extra`. Keys should be unique so that components maintain their identity across updates. Non-unique keys may cause children to be duplicated and/or omitted ΓÇö the behavior is unsupported and could change in a future version.
Encountered two children with the same key, `bucket_extra`. Keys should be unique so that components maintain their identity across updates. Non-unique keys may cause children to be duplicated and/or omitted ΓÇö the behavior is unsupported and could change in a future version.
Encountered two children with the same key, `ladder_extra`. Keys should be unique so that components maintain their identity across updates. Non-unique keys may cause children to be duplicated and/or omitted ΓÇö the behavior is unsupported and could change in a future version.
Encountered two children with the same key, `carpentry_saw_extra`. Keys should be unique so that components maintain their identity across updates. Non-unique keys may cause children to be duplicated and/or omitted ΓÇö the behavior is unsupported and could change in a future version.
Encountered two children with the same key, `screwdriver_extra`. Keys should be unique so that components maintain their identity across updates. Non-unique keys may cause children to be duplicated and/or omitted ΓÇö the behavior is unsupported and could change in a future version.
Encountered two children with the same key, `hook_extra`. Keys should be unique so that components maintain their identity across updates. Non-unique keys may cause children to be duplicated and/or omitted ΓÇö the behavior is unsupported and could change in a future version.
Encountered two children with the same key, `magnet_extra`. Keys should be unique so that components maintain their identity across updates. Non-unique keys may cause children to be duplicated and/or omitted ΓÇö the behavior is unsupported and could change in a future version.
Encountered two children with the same key, `knot_extra`. Keys should be unique so that components maintain their identity across updates. Non-unique keys may cause children to be duplicated and/or omitted ΓÇö the behavior is unsupported and could change in a future version.
Encountered two children with the same key, `potted_plant_extra`. Keys should be unique so that components maintain their identity across updates. Non-unique keys may cause children to be duplicated and/or omitted ΓÇö the behavior is unsupported and could change in a future version.
Encountered two children with the same key, `mirror_extra`. Keys should be unique so that components maintain their identity across updates. Non-unique keys may cause children to be duplicated and/or omitted ΓÇö the behavior is unsupported and could change in a future version.
Encountered two children with the same key, `window_extra`. Keys should be unique so that components maintain their identity across updates. Non-unique keys may cause children to be duplicated and/or omitted ΓÇö the behavior is unsupported and could change in a future version.
Encountered two children with the same key, `wheel_extra`. Keys should be unique so that components maintain their identity across updates. Non-unique keys may cause children to be duplicated and/or omitted ΓÇö the behavior is unsupported and could change in a future version.
System.Management.Automation.RemoteException
stderr | apps/web/components/auth/__tests__/login-form.test.tsx > LoginForm > shows sent state after successful magic link submission
The current testing environment is not configured to support act(...)
The current testing environment is not configured to support act(...)
System.Management.Automation.RemoteException
stderr | apps/web/components/chat/__tests__/emoji-picker.test.tsx > EmojiPicker > shows no results message when search yields no matches
Encountered two children with the same key, `ladder_extra`. Keys should be unique so that components maintain their identity across updates. Non-unique keys may cause children to be duplicated and/or omitted ΓÇö the behavior is unsupported and could change in a future version.
Encountered two children with the same key, `bison_extra`. Keys should be unique so that components maintain their identity across updates. Non-unique keys may cause children to be duplicated and/or omitted ΓÇö the behavior is unsupported and could change in a future version.
Encountered two children with the same key, `tamale_extra`. Keys should be unique so that components maintain their identity across updates. Non-unique keys may cause children to be duplicated and/or omitted ΓÇö the behavior is unsupported and could change in a future version.
Encountered two children with the same key, `ginger_extra`. Keys should be unique so that components maintain their identity across updates. Non-unique keys may cause children to be duplicated and/or omitted ΓÇö the behavior is unsupported and could change in a future version.
Encountered two children with the same key, `pea_pod_extra`. Keys should be unique so that components maintain their identity across updates. Non-unique keys may cause children to be duplicated and/or omitted ΓÇö the behavior is unsupported and could change in a future version.
Encountered two children with the same key, `hamsa_extra`. Keys should be unique so that components maintain their identity across updates. Non-unique keys may cause children to be duplicated and/or omitted ΓÇö the behavior is unsupported and could change in a future version.
Encountered two children with the same key, `plunger_extra`. Keys should be unique so that components maintain their identity across updates. Non-unique keys may cause children to be duplicated and/or omitted ΓÇö the behavior is unsupported and could change in a future version.
Encountered two children with the same key, `mouse_trap_extra`. Keys should be unique so that components maintain their identity across updates. Non-unique keys may cause children to be duplicated and/or omitted ΓÇö the behavior is unsupported and could change in a future version.
Encountered two children with the same key, `bucket_extra`. Keys should be unique so that components maintain their identity across updates. Non-unique keys may cause children to be duplicated and/or omitted ΓÇö the behavior is unsupported and could change in a future version.
Encountered two children with the same key, `ladder_extra`. Keys should be unique so that components maintain their identity across updates. Non-unique keys may cause children to be duplicated and/or omitted ΓÇö the behavior is unsupported and could change in a future version.
Encountered two children with the same key, `carpentry_saw_extra`. Keys should be unique so that components maintain their identity across updates. Non-unique keys may cause children to be duplicated and/or omitted ΓÇö the behavior is unsupported and could change in a future version.
Encountered two children with the same key, `screwdriver_extra`. Keys should be unique so that components maintain their identity across updates. Non-unique keys may cause children to be duplicated and/or omitted ΓÇö the behavior is unsupported and could change in a future version.
Encountered two children with the same key, `hook_extra`. Keys should be unique so that components maintain their identity across updates. Non-unique keys may cause children to be duplicated and/or omitted ΓÇö the behavior is unsupported and could change in a future version.
Encountered two children with the same key, `magnet_extra`. Keys should be unique so that components maintain their identity across updates. Non-unique keys may cause children to be duplicated and/or omitted ΓÇö the behavior is unsupported and could change in a future version.
Encountered two children with the same key, `knot_extra`. Keys should be unique so that components maintain their identity across updates. Non-unique keys may cause children to be duplicated and/or omitted ΓÇö the behavior is unsupported and could change in a future version.
Encountered two children with the same key, `potted_plant_extra`. Keys should be unique so that components maintain their identity across updates. Non-unique keys may cause children to be duplicated and/or omitted ΓÇö the behavior is unsupported and could change in a future version.
Encountered two children with the same key, `mirror_extra`. Keys should be unique so that components maintain their identity across updates. Non-unique keys may cause children to be duplicated and/or omitted ΓÇö the behavior is unsupported and could change in a future version.
Encountered two children with the same key, `window_extra`. Keys should be unique so that components maintain their identity across updates. Non-unique keys may cause children to be duplicated and/or omitted ΓÇö the behavior is unsupported and could change in a future version.
Encountered two children with the same key, `wheel_extra`. Keys should be unique so that components maintain their identity across updates. Non-unique keys may cause children to be duplicated and/or omitted ΓÇö the behavior is unsupported and could change in a future version.
Encountered two children with the same key, `skateboard_extra`. Keys should be unique so that components maintain their identity across updates. Non-unique keys may cause children to be duplicated and/or omitted ΓÇö the behavior is unsupported and could change in a future version.
Encountered two children with the same key, `crayon_extra`. Keys should be unique so that components maintain their identity across updates. Non-unique keys may cause children to be duplicated and/or omitted ΓÇö the behavior is unsupported and could change in a future version.
Encountered two children with the same key, `paintbrush_extra`. Keys should be unique so that components maintain their identity across updates. Non-unique keys may cause children to be duplicated and/or omitted ΓÇö the behavior is unsupported and could change in a future version.
System.Management.Automation.RemoteException
stderr | apps/web/components/auth/__tests__/login-form.test.tsx > LoginForm > shows error message on failed submission
The current testing environment is not configured to support act(...)
The current testing environment is not configured to support act(...)
System.Management.Automation.RemoteException
 Γ£ô apps/web/components/auth/__tests__/login-form.test.tsx (5 tests) 1096ms
   Γ£ô LoginForm > shows sent state after successful magic link submission  413ms
   Γ£ô LoginForm > shows error message on failed submission  330ms
stderr | apps/web/components/chat/__tests__/emoji-picker.test.tsx > EmojiPicker > calls onSelect when an emoji is clicked
Encountered two children with the same key, `brown_mushroom`. Keys should be unique so that components maintain their identity across updates. Non-unique keys may cause children to be duplicated and/or omitted ΓÇö the behavior is unsupported and could change in a future version.
Encountered two children with the same key, `ladder_extra`. Keys should be unique so that components maintain their identity across updates. Non-unique keys may cause children to be duplicated and/or omitted ΓÇö the behavior is unsupported and could change in a future version.
Encountered two children with the same key, `bison_extra`. Keys should be unique so that components maintain their identity across updates. Non-unique keys may cause children to be duplicated and/or omitted ΓÇö the behavior is unsupported and could change in a future version.
Encountered two children with the same key, `tamale_extra`. Keys should be unique so that components maintain their identity across updates. Non-unique keys may cause children to be duplicated and/or omitted ΓÇö the behavior is unsupported and could change in a future version.
Encountered two children with the same key, `ginger_extra`. Keys should be unique so that components maintain their identity across updates. Non-unique keys may cause children to be duplicated and/or omitted ΓÇö the behavior is unsupported and could change in a future version.
Encountered two children with the same key, `pea_pod_extra`. Keys should be unique so that components maintain their identity across updates. Non-unique keys may cause children to be duplicated and/or omitted ΓÇö the behavior is unsupported and could change in a future version.
Encountered two children with the same key, `hamsa_extra`. Keys should be unique so that components maintain their identity across updates. Non-unique keys may cause children to be duplicated and/or omitted ΓÇö the behavior is unsupported and could change in a future version.
Encountered two children with the same key, `plunger_extra`. Keys should be unique so that components maintain their identity across updates. Non-unique keys may cause children to be duplicated and/or omitted ΓÇö the behavior is unsupported and could change in a future version.
Encountered two children with the same key, `mouse_trap_extra`. Keys should be unique so that components maintain their identity across updates. Non-unique keys may cause children to be duplicated and/or omitted ΓÇö the behavior is unsupported and could change in a future version.
Encountered two children with the same key, `bucket_extra`. Keys should be unique so that components maintain their identity across updates. Non-unique keys may cause children to be duplicated and/or omitted ΓÇö the behavior is unsupported and could change in a future version.
Encountered two children with the same key, `ladder_extra`. Keys should be unique so that components maintain their identity across updates. Non-unique keys may cause children to be duplicated and/or omitted ΓÇö the behavior is unsupported and could change in a future version.
Encountered two children with the same key, `carpentry_saw_extra`. Keys should be unique so that components maintain their identity across updates. Non-unique keys may cause children to be duplicated and/or omitted ΓÇö the behavior is unsupported and could change in a future version.
Encountered two children with the same key, `screwdriver_extra`. Keys should be unique so that components maintain their identity across updates. Non-unique keys may cause children to be duplicated and/or omitted ΓÇö the behavior is unsupported and could change in a future version.
Encountered two children with the same key, `hook_extra`. Keys should be unique so that components maintain their identity across updates. Non-unique keys may cause children to be duplicated and/or omitted ΓÇö the behavior is unsupported and could change in a future version.
Encountered two children with the same key, `magnet_extra`. Keys should be unique so that components maintain their identity across updates. Non-unique keys may cause children to be duplicated and/or omitted ΓÇö the behavior is unsupported and could change in a future version.
Encountered two children with the same key, `knot_extra`. Keys should be unique so that components maintain their identity across updates. Non-unique keys may cause children to be duplicated and/or omitted ΓÇö the behavior is unsupported and could change in a future version.
Encountered two children with the same key, `potted_plant_extra`. Keys should be unique so that components maintain their identity across updates. Non-unique keys may cause children to be duplicated and/or omitted ΓÇö the behavior is unsupported and could change in a future version.
Encountered two children with the same key, `mirror_extra`. Keys should be unique so that components maintain their identity across updates. Non-unique keys may cause children to be duplicated and/or omitted ΓÇö the behavior is unsupported and could change in a future version.
Encountered two children with the same key, `window_extra`. Keys should be unique so that components maintain their identity across updates. Non-unique keys may cause children to be duplicated and/or omitted ΓÇö the behavior is unsupported and could change in a future version.
Encountered two children with the same key, `wheel_extra`. Keys should be unique so that components maintain their identity across updates. Non-unique keys may cause children to be duplicated and/or omitted ΓÇö the behavior is unsupported and could change in a future version.
System.Management.Automation.RemoteException
stderr | apps/web/components/chat/__tests__/emoji-picker.test.tsx > EmojiPicker > calls onSelect when an emoji is clicked
Encountered two children with the same key, `brown_mushroom`. Keys should be unique so that components maintain their identity across updates. Non-unique keys may cause children to be duplicated and/or omitted ΓÇö the behavior is unsupported and could change in a future version.
Encountered two children with the same key, `ladder_extra`. Keys should be unique so that components maintain their identity across updates. Non-unique keys may cause children to be duplicated and/or omitted ΓÇö the behavior is unsupported and could change in a future version.
Encountered two children with the same key, `bison_extra`. Keys should be unique so that components maintain their identity across updates. Non-unique keys may cause children to be duplicated and/or omitted ΓÇö the behavior is unsupported and could change in a future version.
Encountered two children with the same key, `tamale_extra`. Keys should be unique so that components maintain their identity across updates. Non-unique keys may cause children to be duplicated and/or omitted ΓÇö the behavior is unsupported and could change in a future version.
Encountered two children with the same key, `ginger_extra`. Keys should be unique so that components maintain their identity across updates. Non-unique keys may cause children to be duplicated and/or omitted ΓÇö the behavior is unsupported and could change in a future version.
Encountered two children with the same key, `pea_pod_extra`. Keys should be unique so that components maintain their identity across updates. Non-unique keys may cause children to be duplicated and/or omitted ΓÇö the behavior is unsupported and could change in a future version.
Encountered two children with the same key, `hamsa_extra`. Keys should be unique so that components maintain their identity across updates. Non-unique keys may cause children to be duplicated and/or omitted ΓÇö the behavior is unsupported and could change in a future version.
Encountered two children with the same key, `plunger_extra`. Keys should be unique so that components maintain their identity across updates. Non-unique keys may cause children to be duplicated and/or omitted ΓÇö the behavior is unsupported and could change in a future version.
Encountered two children with the same key, `mouse_trap_extra`. Keys should be unique so that components maintain their identity across updates. Non-unique keys may cause children to be duplicated and/or omitted ΓÇö the behavior is unsupported and could change in a future version.
Encountered two children with the same key, `bucket_extra`. Keys should be unique so that components maintain their identity across updates. Non-unique keys may cause children to be duplicated and/or omitted ΓÇö the behavior is unsupported and could change in a future version.
Encountered two children with the same key, `ladder_extra`. Keys should be unique so that components maintain their identity across updates. Non-unique keys may cause children to be duplicated and/or omitted ΓÇö the behavior is unsupported and could change in a future version.
Encountered two children with the same key, `carpentry_saw_extra`. Keys should be unique so that components maintain their identity across updates. Non-unique keys may cause children to be duplicated and/or omitted ΓÇö the behavior is unsupported and could change in a future version.
Encountered two children with the same key, `screwdriver_extra`. Keys should be unique so that components maintain their identity across updates. Non-unique keys may cause children to be duplicated and/or omitted ΓÇö the behavior is unsupported and could change in a future version.
Encountered two children with the same key, `hook_extra`. Keys should be unique so that components maintain their identity across updates. Non-unique keys may cause children to be duplicated and/or omitted ΓÇö the behavior is unsupported and could change in a future version.
Encountered two children with the same key, `magnet_extra`. Keys should be unique so that components maintain their identity across updates. Non-unique keys may cause children to be duplicated and/or omitted ΓÇö the behavior is unsupported and could change in a future version.
Encountered two children with the same key, `knot_extra`. Keys should be unique so that components maintain their identity across updates. Non-unique keys may cause children to be duplicated and/or omitted ΓÇö the behavior is unsupported and could change in a future version.
Encountered two children with the same key, `potted_plant_extra`. Keys should be unique so that components maintain their identity across updates. Non-unique keys may cause children to be duplicated and/or omitted ΓÇö the behavior is unsupported and could change in a future version.
Encountered two children with the same key, `mirror_extra`. Keys should be unique so that components maintain their identity across updates. Non-unique keys may cause children to be duplicated and/or omitted ΓÇö the behavior is unsupported and could change in a future version.
Encountered two children with the same key, `window_extra`. Keys should be unique so that components maintain their identity across updates. Non-unique keys may cause children to be duplicated and/or omitted ΓÇö the behavior is unsupported and could change in a future version.
Encountered two children with the same key, `wheel_extra`. Keys should be unique so that components maintain their identity across updates. Non-unique keys may cause children to be duplicated and/or omitted ΓÇö the behavior is unsupported and could change in a future version.
System.Management.Automation.RemoteException
stderr | apps/web/components/chat/__tests__/emoji-picker.test.tsx > EmojiPicker > calls onSelect when an emoji is clicked
Encountered two children with the same key, `brown_mushroom`. Keys should be unique so that components maintain their identity across updates. Non-unique keys may cause children to be duplicated and/or omitted ΓÇö the behavior is unsupported and could change in a future version.
Encountered two children with the same key, `ladder_extra`. Keys should be unique so that components maintain their identity across updates. Non-unique keys may cause children to be duplicated and/or omitted ΓÇö the behavior is unsupported and could change in a future version.
Encountered two children with the same key, `bison_extra`. Keys should be unique so that components maintain their identity across updates. Non-unique keys may cause children to be duplicated and/or omitted ΓÇö the behavior is unsupported and could change in a future version.
Encountered two children with the same key, `tamale_extra`. Keys should be unique so that components maintain their identity across updates. Non-unique keys may cause children to be duplicated and/or omitted ΓÇö the behavior is unsupported and could change in a future version.
Encountered two children with the same key, `ginger_extra`. Keys should be unique so that components maintain their identity across updates. Non-unique keys may cause children to be duplicated and/or omitted ΓÇö the behavior is unsupported and could change in a future version.
Encountered two children with the same key, `pea_pod_extra`. Keys should be unique so that components maintain their identity across updates. Non-unique keys may cause children to be duplicated and/or omitted ΓÇö the behavior is unsupported and could change in a future version.
Encountered two children with the same key, `hamsa_extra`. Keys should be unique so that components maintain their identity across updates. Non-unique keys may cause children to be duplicated and/or omitted ΓÇö the behavior is unsupported and could change in a future version.
Encountered two children with the same key, `plunger_extra`. Keys should be unique so that components maintain their identity across updates. Non-unique keys may cause children to be duplicated and/or omitted ΓÇö the behavior is unsupported and could change in a future version.
Encountered two children with the same key, `mouse_trap_extra`. Keys should be unique so that components maintain their identity across updates. Non-unique keys may cause children to be duplicated and/or omitted ΓÇö the behavior is unsupported and could change in a future version.
Encountered two children with the same key, `bucket_extra`. Keys should be unique so that components maintain their identity across updates. Non-unique keys may cause children to be duplicated and/or omitted ΓÇö the behavior is unsupported and could change in a future version.
Encountered two children with the same key, `ladder_extra`. Keys should be unique so that components maintain their identity across updates. Non-unique keys may cause children to be duplicated and/or omitted ΓÇö the behavior is unsupported and could change in a future version.
Encountered two children with the same key, `carpentry_saw_extra`. Keys should be unique so that components maintain their identity across updates. Non-unique keys may cause children to be duplicated and/or omitted ΓÇö the behavior is unsupported and could change in a future version.
Encountered two children with the same key, `screwdriver_extra`. Keys should be unique so that components maintain their identity across updates. Non-unique keys may cause children to be duplicated and/or omitted ΓÇö the behavior is unsupported and could change in a future version.
Encountered two children with the same key, `hook_extra`. Keys should be unique so that components maintain their identity across updates. Non-unique keys may cause children to be duplicated and/or omitted ΓÇö the behavior is unsupported and could change in a future version.
Encountered two children with the same key, `magnet_extra`. Keys should be unique so that components maintain their identity across updates. Non-unique keys may cause children to be duplicated and/or omitted ΓÇö the behavior is unsupported and could change in a future version.
Encountered two children with the same key, `knot_extra`. Keys should be unique so that components maintain their identity across updates. Non-unique keys may cause children to be duplicated and/or omitted ΓÇö the behavior is unsupported and could change in a future version.
Encountered two children with the same key, `potted_plant_extra`. Keys should be unique so that components maintain their identity across updates. Non-unique keys may cause children to be duplicated and/or omitted ΓÇö the behavior is unsupported and could change in a future version.
Encountered two children with the same key, `mirror_extra`. Keys should be unique so that components maintain their identity across updates. Non-unique keys may cause children to be duplicated and/or omitted ΓÇö the behavior is unsupported and could change in a future version.
Encountered two children with the same key, `window_extra`. Keys should be unique so that components maintain their identity across updates. Non-unique keys may cause children to be duplicated and/or omitted ΓÇö the behavior is unsupported and could change in a future version.
Encountered two children with the same key, `wheel_extra`. Keys should be unique so that components maintain their identity across updates. Non-unique keys may cause children to be duplicated and/or omitted ΓÇö the behavior is unsupported and could change in a future version.
System.Management.Automation.RemoteException
stderr | apps/web/components/chat/__tests__/emoji-picker.test.tsx > EmojiPicker > calls onClose when clicking outside
Encountered two children with the same key, `brown_mushroom`. Keys should be unique so that components maintain their identity across updates. Non-unique keys may cause children to be duplicated and/or omitted ΓÇö the behavior is unsupported and could change in a future version.
Encountered two children with the same key, `ladder_extra`. Keys should be unique so that components maintain their identity across updates. Non-unique keys may cause children to be duplicated and/or omitted ΓÇö the behavior is unsupported and could change in a future version.
Encountered two children with the same key, `bison_extra`. Keys should be unique so that components maintain their identity across updates. Non-unique keys may cause children to be duplicated and/or omitted ΓÇö the behavior is unsupported and could change in a future version.
Encountered two children with the same key, `tamale_extra`. Keys should be unique so that components maintain their identity across updates. Non-unique keys may cause children to be duplicated and/or omitted ΓÇö the behavior is unsupported and could change in a future version.
Encountered two children with the same key, `ginger_extra`. Keys should be unique so that components maintain their identity across updates. Non-unique keys may cause children to be duplicated and/or omitted ΓÇö the behavior is unsupported and could change in a future version.
Encountered two children with the same key, `pea_pod_extra`. Keys should be unique so that components maintain their identity across updates. Non-unique keys may cause children to be duplicated and/or omitted ΓÇö the behavior is unsupported and could change in a future version.
Encountered two children with the same key, `hamsa_extra`. Keys should be unique so that components maintain their identity across updates. Non-unique keys may cause children to be duplicated and/or omitted ΓÇö the behavior is unsupported and could change in a future version.
Encountered two children with the same key, `plunger_extra`. Keys should be unique so that components maintain their identity across updates. Non-unique keys may cause children to be duplicated and/or omitted ΓÇö the behavior is unsupported and could change in a future version.
Encountered two children with the same key, `mouse_trap_extra`. Keys should be unique so that components maintain their identity across updates. Non-unique keys may cause children to be duplicated and/or omitted ΓÇö the behavior is unsupported and could change in a future version.
Encountered two children with the same key, `bucket_extra`. Keys should be unique so that components maintain their identity across updates. Non-unique keys may cause children to be duplicated and/or omitted ΓÇö the behavior is unsupported and could change in a future version.
Encountered two children with the same key, `ladder_extra`. Keys should be unique so that components maintain their identity across updates. Non-unique keys may cause children to be duplicated and/or omitted ΓÇö the behavior is unsupported and could change in a future version.
Encountered two children with the same key, `carpentry_saw_extra`. Keys should be unique so that components maintain their identity across updates. Non-unique keys may cause children to be duplicated and/or omitted ΓÇö the behavior is unsupported and could change in a future version.
Encountered two children with the same key, `screwdriver_extra`. Keys should be unique so that components maintain their identity across updates. Non-unique keys may cause children to be duplicated and/or omitted ΓÇö the behavior is unsupported and could change in a future version.
Encountered two children with the same key, `hook_extra`. Keys should be unique so that components maintain their identity across updates. Non-unique keys may cause children to be duplicated and/or omitted ΓÇö the behavior is unsupported and could change in a future version.
Encountered two children with the same key, `magnet_extra`. Keys should be unique so that components maintain their identity across updates. Non-unique keys may cause children to be duplicated and/or omitted ΓÇö the behavior is unsupported and could change in a future version.
Encountered two children with the same key, `knot_extra`. Keys should be unique so that components maintain their identity across updates. Non-unique keys may cause children to be duplicated and/or omitted ΓÇö the behavior is unsupported and could change in a future version.
Encountered two children with the same key, `potted_plant_extra`. Keys should be unique so that components maintain their identity across updates. Non-unique keys may cause children to be duplicated and/or omitted ΓÇö the behavior is unsupported and could change in a future version.
Encountered two children with the same key, `mirror_extra`. Keys should be unique so that components maintain their identity across updates. Non-unique keys may cause children to be duplicated and/or omitted ΓÇö the behavior is unsupported and could change in a future version.
Encountered two children with the same key, `window_extra`. Keys should be unique so that components maintain their identity across updates. Non-unique keys may cause children to be duplicated and/or omitted ΓÇö the behavior is unsupported and could change in a future version.
Encountered two children with the same key, `wheel_extra`. Keys should be unique so that components maintain their identity across updates. Non-unique keys may cause children to be duplicated and/or omitted ΓÇö the behavior is unsupported and could change in a future version.
System.Management.Automation.RemoteException
stderr | apps/web/components/chat/__tests__/emoji-picker.test.tsx > EmojiPicker > calls onClose on Escape key
Encountered two children with the same key, `brown_mushroom`. Keys should be unique so that components maintain their identity across updates. Non-unique keys may cause children to be duplicated and/or omitted ΓÇö the behavior is unsupported and could change in a future version.
Encountered two children with the same key, `ladder_extra`. Keys should be unique so that components maintain their identity across updates. Non-unique keys may cause children to be duplicated and/or omitted ΓÇö the behavior is unsupported and could change in a future version.
Encountered two children with the same key, `bison_extra`. Keys should be unique so that components maintain their identity across updates. Non-unique keys may cause children to be duplicated and/or omitted ΓÇö the behavior is unsupported and could change in a future version.
Encountered two children with the same key, `tamale_extra`. Keys should be unique so that components maintain their identity across updates. Non-unique keys may cause children to be duplicated and/or omitted ΓÇö the behavior is unsupported and could change in a future version.
Encountered two children with the same key, `ginger_extra`. Keys should be unique so that components maintain their identity across updates. Non-unique keys may cause children to be duplicated and/or omitted ΓÇö the behavior is unsupported and could change in a future version.
Encountered two children with the same key, `pea_pod_extra`. Keys should be unique so that components maintain their identity across updates. Non-unique keys may cause children to be duplicated and/or omitted ΓÇö the behavior is unsupported and could change in a future version.
Encountered two children with the same key, `hamsa_extra`. Keys should be unique so that components maintain their identity across updates. Non-unique keys may cause children to be duplicated and/or omitted ΓÇö the behavior is unsupported and could change in a future version.
Encountered two children with the same key, `plunger_extra`. Keys should be unique so that components maintain their identity across updates. Non-unique keys may cause children to be duplicated and/or omitted ΓÇö the behavior is unsupported and could change in a future version.
Encountered two children with the same key, `mouse_trap_extra`. Keys should be unique so that components maintain their identity across updates. Non-unique keys may cause children to be duplicated and/or omitted ΓÇö the behavior is unsupported and could change in a future version.
Encountered two children with the same key, `bucket_extra`. Keys should be unique so that components maintain their identity across updates. Non-unique keys may cause children to be duplicated and/or omitted ΓÇö the behavior is unsupported and could change in a future version.
Encountered two children with the same key, `ladder_extra`. Keys should be unique so that components maintain their identity across updates. Non-unique keys may cause children to be duplicated and/or omitted ΓÇö the behavior is unsupported and could change in a future version.
Encountered two children with the same key, `carpentry_saw_extra`. Keys should be unique so that components maintain their identity across updates. Non-unique keys may cause children to be duplicated and/or omitted ΓÇö the behavior is unsupported and could change in a future version.
Encountered two children with the same key, `screwdriver_extra`. Keys should be unique so that components maintain their identity across updates. Non-unique keys may cause children to be duplicated and/or omitted ΓÇö the behavior is unsupported and could change in a future version.
Encountered two children with the same key, `hook_extra`. Keys should be unique so that components maintain their identity across updates. Non-unique keys may cause children to be duplicated and/or omitted ΓÇö the behavior is unsupported and could change in a future version.
Encountered two children with the same key, `magnet_extra`. Keys should be unique so that components maintain their identity across updates. Non-unique keys may cause children to be duplicated and/or omitted ΓÇö the behavior is unsupported and could change in a future version.
Encountered two children with the same key, `knot_extra`. Keys should be unique so that components maintain their identity across updates. Non-unique keys may cause children to be duplicated and/or omitted ΓÇö the behavior is unsupported and could change in a future version.
Encountered two children with the same key, `potted_plant_extra`. Keys should be unique so that components maintain their identity across updates. Non-unique keys may cause children to be duplicated and/or omitted ΓÇö the behavior is unsupported and could change in a future version.
Encountered two children with the same key, `mirror_extra`. Keys should be unique so that components maintain their identity across updates. Non-unique keys may cause children to be duplicated and/or omitted ΓÇö the behavior is unsupported and could change in a future version.
Encountered two children with the same key, `window_extra`. Keys should be unique so that components maintain their identity across updates. Non-unique keys may cause children to be duplicated and/or omitted ΓÇö the behavior is unsupported and could change in a future version.
Encountered two children with the same key, `wheel_extra`. Keys should be unique so that components maintain their identity across updates. Non-unique keys may cause children to be duplicated and/or omitted ΓÇö the behavior is unsupported and could change in a future version.
System.Management.Automation.RemoteException
 Γ£ô apps/web/components/chat/__tests__/emoji-picker.test.tsx (7 tests) 2685ms
   Γ£ô EmojiPicker > renders the emoji picker popup  343ms
   Γ£ô EmojiPicker > shows no results message when search yields no matches  499ms
   Γ£ô EmojiPicker > calls onSelect when an emoji is clicked  1292ms
stderr | apps/web/components/notifications/__tests__/notification-bell.test.tsx > NotificationBell > opens dropdown on click and shows empty state
The current testing environment is not configured to support act(...)
The current testing environment is not configured to support act(...)
System.Management.Automation.RemoteException
stderr | apps/web/components/notifications/__tests__/notification-bell.test.tsx > NotificationBell > opens dropdown and renders notifications
The current testing environment is not configured to support act(...)
System.Management.Automation.RemoteException
 Γ£ô apps/web/components/workspace/__tests__/create-workspace-dialog.test.tsx (5 tests) 778ms
stderr | apps/web/components/notifications/__tests__/notification-bell.test.tsx > NotificationBell > opens dropdown and renders notifications
The current testing environment is not configured to support act(...)
The current testing environment is not configured to support act(...)
System.Management.Automation.RemoteException
stderr | apps/web/components/notifications/__tests__/notification-bell.test.tsx > NotificationBell > closes dropdown on click outside
The current testing environment is not configured to support act(...)
The current testing environment is not configured to support act(...)
System.Management.Automation.RemoteException
stderr | apps/web/components/notifications/__tests__/notification-bell.test.tsx > NotificationBell > marks notification as read on click
The current testing environment is not configured to support act(...)
System.Management.Automation.RemoteException
stderr | apps/web/components/notifications/__tests__/notification-bell.test.tsx > NotificationBell > marks notification as read on click
The current testing environment is not configured to support act(...)
The current testing environment is not configured to support act(...)
System.Management.Automation.RemoteException
stderr | apps/web/components/notifications/__tests__/notification-bell.test.tsx > NotificationBell > marks notification as read on click
The current testing environment is not configured to support act(...)
The current testing environment is not configured to support act(...)
System.Management.Automation.RemoteException
stderr | apps/web/components/notifications/__tests__/notification-bell.test.tsx > NotificationBell > closes on Escape key
The current testing environment is not configured to support act(...)
The current testing environment is not configured to support act(...)
System.Management.Automation.RemoteException
 Γ£ô apps/web/components/notifications/__tests__/notification-bell.test.tsx (8 tests) 502ms
 Γ£ô apps/web/components/channel/__tests__/channel-list.test.tsx (7 tests) 314ms
 Γ£ô apps/web/components/home/__tests__/landing-shell.test.tsx (5 tests) 205ms
 Γ£ô apps/web/components/chat/__tests__/message-list.test.tsx (7 tests) 568ms
 Γ£ô apps/web/components/workspace/__tests__/workspace-list.test.tsx (6 tests) 439ms
 Γ£ô apps/web/components/pwa/__tests__/install-prompt.test.tsx (7 tests) 393ms
 Γ£ô apps/web/components/media/__tests__/media-room.test.tsx (6 tests) 216ms
 Γ£ô packages/ui/src/components/__tests__/dialog.test.tsx (9 tests) 415ms
 Γ£ô packages/ui/src/components/__tests__/input.test.tsx (4 tests) 345ms
 Γ£ô apps/web/components/shared/__tests__/error-boundary.test.tsx (5 tests) 150ms
 Γ£ô apps/web/components/chat/__tests__/message-input.test.tsx (3 tests) 171ms
 Γ£ô packages/ui/src/components/__tests__/sidebar-group.test.tsx (5 tests) 187ms
 Γ£ô packages/ui/src/components/__tests__/skeleton.test.tsx (7 tests) 59ms
 Γ£ô packages/ui/src/components/__tests__/avatar.test.tsx (4 tests) 94ms
 Γ£ô packages/ui/src/components/__tests__/button.test.tsx (7 tests) 116ms
 Γ£ô apps/api/src/modules/openapi/__tests__/openapi.test.ts (2 tests) 296ms
 Γ£ô packages/ui/src/components/__tests__/badge.test.tsx (3 tests) 112ms
 Γ£ô apps/worker/src/__tests__/cleanup.test.ts (3 tests) 49ms
 Γ£ô apps/worker/src/__tests__/notification.test.ts (3 tests) 71ms
 Γ£ô apps/api/src/modules/user-groups/__tests__/user-groups.test.ts (23 tests) 73ms
 Γ£ô apps/api/src/modules/groups/__tests__/groups.test.ts (11 tests) 50ms
 Γ£ô apps/api/src/middleware/__tests__/error-handler.test.ts (12 tests) 72ms
 Γ£ô apps/api/src/modules/webhooks/__tests__/webhook.service.test.ts (12 tests) 68ms
 Γ£ô apps/api/src/modules/emoji/__tests__/emoji.test.ts (9 tests) 35ms
 Γ£ô apps/api/src/modules/announcements/__tests__/announcements.test.ts (9 tests) 119ms
 Γ£ô apps/api/src/modules/sidebar/__tests__/sidebar.test.ts (10 tests) 68ms
 Γ£ô apps/api/src/middleware/__tests__/rate-limit.test.ts (11 tests) 111ms
 Γ£ô apps/api/src/modules/admin/__tests__/admin.test.ts (20 tests) 146ms
 Γ£ô apps/api/src/modules/feature-flags/__tests__/feature-flags.test.ts (17 tests) 48ms
 Γ£ô apps/api/src/middleware/__tests__/csrf.test.ts (20 tests) 32ms
 Γ£ô apps/api/src/modules/messages/__tests__/message.service.test.ts (6 tests) 58ms
 Γ£ô apps/api/src/modules/consent/__tests__/consent.test.ts (6 tests) 14ms
 Γ£ô apps/api/src/modules/audit/__tests__/audit.test.ts (13 tests) 49ms
 Γ£ô apps/api/src/middleware/__tests__/security-headers.test.ts (11 tests) 16ms
 Γ£ô apps/api/src/modules/auth/__tests__/auth.service.test.ts (10 tests) 50ms
 Γ£ô apps/api/src/modules/status/__tests__/status.test.ts (7 tests) 24ms
 Γ£ô apps/api/src/modules/livekit/__tests__/livekit.test.ts (6 tests) 23ms
[2026-10-03 06:29:13.530 +0000] [31mERROR[39m: [36mFailed to get preferences[39m
    [35mservice[39m: "@chat/api"
    [35mversion[39m: "0.0.0"
    [35menv[39m: "test"
    [35muserId[39m: "u1"
    error: "Error: DB error"
 Γ£ô apps/api/src/modules/preferences/__tests__/preferences.service.test.ts (3 tests) 35ms
 Γ£ô apps/api/src/modules/channels/__tests__/channel.service.test.ts (5 tests) 39ms
 Γ£ô apps/api/src/modules/threads/__tests__/threads.test.ts (8 tests) 38ms
 Γ£ô apps/api/src/modules/read-receipts/__tests__/read-receipts.test.ts (6 tests) 12ms
 Γ£ô apps/api/src/modules/reactions/__tests__/reaction.service.test.ts (5 tests) 20ms
 Γ£ô apps/api/src/modules/workspaces/__tests__/workspace.service.test.ts (10 tests) 36ms
 Γ£ô apps/api/src/modules/scheduled-posts/__tests__/scheduled-posts.test.ts (7 tests) 23ms
 Γ£ô apps/api/src/modules/export/__tests__/export.test.ts (4 tests) 37ms
 Γ£ô apps/api/src/middleware/__tests__/require-membership.test.ts (11 tests) 30ms
 Γ£ô apps/api/src/modules/ai/__tests__/ai.test.ts (3 tests) 7ms
 Γ£ô apps/api/src/middleware/__tests__/request-id.test.ts (4 tests) 26ms
 Γ£ô apps/api/src/middleware/__tests__/require-permission.test.ts (5 tests) 36ms
 Γ£ô apps/api/src/lib/__tests__/app-error.test.ts (17 tests) 21ms
 Γ£ô packages/sdk/__tests__/client.test.ts (5 tests) 5ms
 Γ£ô apps/api/src/modules/import/__tests__/import.test.ts (8 tests) 58ms
 Γ£ô packages/config/__tests__/errors.test.ts (15 tests) 12ms
 Γ£ô apps/api/src/modules/notifications/__tests__/notification.service.test.ts (6 tests) 26ms
 Γ£ô apps/api/src/middleware/__tests__/authenticate.test.ts (4 tests) 32ms
 Γ£ô apps/api/src/middleware/__tests__/require-admin.test.ts (4 tests) 15ms
 Γ£ô apps/api/src/modules/health/__tests__/health.service.test.ts (5 tests) 9ms
 Γ£ô packages/db/__tests__/stores.test.ts (4 tests) 17ms

 Test Files  62 passed (62)
      Tests  495 passed (495)
   Start at  06:28:45
   Duration  35.93s (transform 4.52s, setup 28.90s, collect 16.23s, tests 12.31s, environment 18.43s, prepare 10.51s)

REMOTE_EXIT=0

```

## Command 2 (targeted): corepack pnpm exec vitest run apps/api/src/modules/admin apps/api/src/modules/import && corepack pnpm --filter api typecheck

```

 RUN  v3.2.6 /srv/work/chat

 Γ£ô apps/api/src/modules/import/__tests__/import.test.ts (8 tests) 35ms
 Γ£ô apps/api/src/modules/admin/__tests__/admin.test.ts (20 tests) 73ms

 Test Files  2 passed (2)
      Tests  28 passed (28)
   Start at  06:29:23
   Duration  2.89s (transform 641ms, setup 1.29s, collect 2.34s, tests 108ms, environment 0ms, prepare 338ms)


> @chat/api@0.0.0 typecheck /srv/work/chat/apps/api
> tsc --noEmit

REMOTE_EXIT=0

```
