repo:    /mnt/c/temp/repo-deep-dive-rem
head:    b3d038250f5437490df21e1d25a1ea1297530559
branch:  remediation/ps-011-20261003-0018-main-7bac320
base:    b3d038250f5437490df21e1d25a1ea1297530559
date:    2026-10-03T15:22:52Z
gitleaks: 8.30.1

### 1. EXEC-P2-001: .github/CODEOWNERS exists and routes review
-- file: 697 bytes, UTF-8: Unicode text, UTF-8 text
-- routing lines:
10:*                       @JulianB-MCT
13:/.github/               @JulianB-MCT
14:/ci/                    @JulianB-MCT
15:/tools/                 @JulianB-MCT
16:/schemas/               @JulianB-MCT
17:/profiles/              @JulianB-MCT
== [PASS] codeowners-routing
### 2. Overlap coordination: PS-011 CODEOWNERS == PS-004 CODEOWNERS
== [PASS] codeowners-identical-to-PS004 (merge-safe; overlap noted)
-- both add the same file; merging either order is conflict-free
### 3. EXEC-P2-001: gate owner resolved and patch sets mapped
== [PASS] gate-owner-resolved
== [PASS] patch-set-owner-mapping
== [PASS] no-unknown-owner
### 4. EXEC-P3-002: reproduce the base-profile scaffold defect (dependency PS-002)
-- new_run.py exit=0
created /tmp/ps011-scaffold/repo-deep-dive/test-ps011
manifest: audit_manifest.json (seed: examples/audit_manifest.example.json)
next: paste prompts/MASTER_RUNNER_FULL_HARDENING.md into the audit agent
-- seed manifest keys:
['executionOrder', 'outputRoot', 'pack', 'promptCount', 'recommendedName', 'run', 'scaffolded_at', 'scaffolded_by', 'version']
Checking run: /tmp/ps011-scaffold/repo-deep-dive/test-ps011
  OK   INDEX.md
  FAIL EXECUTIVE_SUMMARY.md missing
  FAIL RELEASE_GATE.md missing
  FAIL risk_register.md missing
  FAIL roadmap.md missing
  FAIL patch_plan.md missing
  OK   audit_manifest.json
missing keys: profile,scope,findings
  FAIL manifest invalid or missing keys
  OK   finding IDs unique (0 unique IDs)
  OK   finding statuses use the shared vocabulary (0 statuses ok)

RESULT: FAIL (6 check(s))
== [PASS] scaffold-defect-reproduced (check_run exit=1) -> condition 1 PASS capture blocked by PS-002
### 5. tools/self_test.sh
Self-test: /mnt/c/temp/repo-deep-dive-rem

  OK   lint_pack.sh
  OK   check_run.sh runs/20260930-0320-falcon-794ba31_edge-2b5bc8b
  OK   collect_findings.py runs/20260930-0320-falcon-794ba31_edge-2b5bc8b (90 findings)
  OK   diff_runs.py self-compare (all zero)
  OK   findings_to_csv.py (90 rows)
  OK   risk_score.py runs/20260930-0320-falcon-794ba31_edge-2b5bc8b (0/100)
  OK   render_dashboard.py runs/20260930-0320-falcon-794ba31_edge-2b5bc8b (read-only render)
  OK   findings.schema.json conformance runs/20260930-0320-falcon-794ba31_edge-2b5bc8b
  OK   check_run.sh runs/20260930-0701-falcon-8282d3f_edge-45dfed0
  OK   collect_findings.py runs/20260930-0701-falcon-8282d3f_edge-45dfed0 (264 findings)
  OK   diff_runs.py self-compare (all zero)
  OK   findings_to_csv.py (264 rows)
  OK   risk_score.py runs/20260930-0701-falcon-8282d3f_edge-45dfed0 (0/100)
  OK   render_dashboard.py runs/20260930-0701-falcon-8282d3f_edge-45dfed0 (read-only render)
  OK   findings.schema.json conformance runs/20260930-0701-falcon-8282d3f_edge-45dfed0
  OK   check_run.sh runs/buddy-20261003-0018-master-99abf29
  OK   collect_findings.py runs/buddy-20261003-0018-master-99abf29 (40 findings)
  OK   diff_runs.py self-compare (all zero)
  OK   findings_to_csv.py (40 rows)
  OK   risk_score.py runs/buddy-20261003-0018-master-99abf29 (0/100)
  OK   render_dashboard.py runs/buddy-20261003-0018-master-99abf29 (read-only render)
  OK   findings.schema.json conformance runs/buddy-20261003-0018-master-99abf29
  OK   check_run.sh runs/chat-20261003-0018-develop-a72b8cc
  OK   collect_findings.py runs/chat-20261003-0018-develop-a72b8cc (64 findings)
  OK   diff_runs.py self-compare (all zero)
  OK   findings_to_csv.py (64 rows)
  OK   risk_score.py runs/chat-20261003-0018-develop-a72b8cc (0/100)
  OK   render_dashboard.py runs/chat-20261003-0018-develop-a72b8cc (read-only render)
  OK   findings.schema.json conformance runs/chat-20261003-0018-develop-a72b8cc
  OK   check_run.sh runs/falcon-20261003-0018-fix-backup-abort-markers-20b5e57
  OK   collect_findings.py runs/falcon-20261003-0018-fix-backup-abort-markers-20b5e57 (46 findings)
  OK   diff_runs.py self-compare (all zero)
  OK   findings_to_csv.py (46 rows)
  OK   risk_score.py runs/falcon-20261003-0018-fix-backup-abort-markers-20b5e57 (0/100)
  OK   render_dashboard.py runs/falcon-20261003-0018-fix-backup-abort-markers-20b5e57 (read-only render)
  OK   findings.schema.json conformance runs/falcon-20261003-0018-fix-backup-abort-markers-20b5e57
  OK   check_run.sh runs/falcon-edge-20261003-0018-fix-trust-root-87532ec
  OK   collect_findings.py runs/falcon-edge-20261003-0018-fix-trust-root-87532ec (42 findings)
  OK   diff_runs.py self-compare (all zero)
  OK   findings_to_csv.py (42 rows)
  OK   risk_score.py runs/falcon-edge-20261003-0018-fix-trust-root-87532ec (0/100)
  OK   render_dashboard.py runs/falcon-edge-20261003-0018-fix-trust-root-87532ec (read-only render)
  OK   findings.schema.json conformance runs/falcon-edge-20261003-0018-fix-trust-root-87532ec
  OK   check_run.sh runs/mainecybertech-20261003-0018-fix-p2-batch-31-2295958d
  OK   collect_findings.py runs/mainecybertech-20261003-0018-fix-p2-batch-31-2295958d (44 findings)
  OK   diff_runs.py self-compare (all zero)
  OK   findings_to_csv.py (44 rows)
  OK   risk_score.py runs/mainecybertech-20261003-0018-fix-p2-batch-31-2295958d (0/100)
  OK   render_dashboard.py runs/mainecybertech-20261003-0018-fix-p2-batch-31-2295958d (read-only render)
  OK   findings.schema.json conformance runs/mainecybertech-20261003-0018-fix-p2-batch-31-2295958d
  OK   check_run.sh runs/repo-deep-dive-20261003-0018-main-7bac320
  OK   collect_findings.py runs/repo-deep-dive-20261003-0018-main-7bac320 (41 findings)
  OK   diff_runs.py self-compare (all zero)
  OK   findings_to_csv.py (41 rows)
  OK   risk_score.py runs/repo-deep-dive-20261003-0018-main-7bac320 (0/100)
  OK   render_dashboard.py runs/repo-deep-dive-20261003-0018-main-7bac320 (read-only render)
  OK   findings.schema.json conformance runs/repo-deep-dive-20261003-0018-main-7bac320
  OK   check_run.sh runs/snowride-20261003-0018-main-59e12b9
  OK   collect_findings.py runs/snowride-20261003-0018-main-59e12b9 (46 findings)
  OK   diff_runs.py self-compare (all zero)
  OK   findings_to_csv.py (46 rows)
  OK   risk_score.py runs/snowride-20261003-0018-main-59e12b9 (0/100)
  OK   render_dashboard.py runs/snowride-20261003-0018-main-59e12b9 (read-only render)
  OK   findings.schema.json conformance runs/snowride-20261003-0018-main-59e12b9
  OK   repo_inventory.py (self-scan)
  OK   run_toolchain.py (read-only chain)
  OK   new_run.py (TMP scaffold)
  OK   live_snapshot.sh (read-only capture)

RESULT: PASS
== [PASS] self_test.sh (exit=0)
### 6. tools/lint_pack.sh
Linting pack: /mnt/c/temp/repo-deep-dive-rem

  OK   VERSION = 1.4.1
  OK   README references v1.4.1
  OK   JSON version fields match VERSION
  OK   141 JSON files parse
  OK   area codes unique
  OK   prompt structure complete
  OK   prompt counts (actual 46 = base 42 + falcon 4)
  OK   profile manifest references resolve
  OK   run validates: runs/20260930-0320-falcon-794ba31_edge-2b5bc8b
  OK   run validates: runs/20260930-0701-falcon-8282d3f_edge-45dfed0
  OK   run validates: runs/buddy-20261003-0018-master-99abf29
  OK   run validates: runs/chat-20261003-0018-develop-a72b8cc
  OK   run validates: runs/falcon-20261003-0018-fix-backup-abort-markers-20b5e57
  OK   run validates: runs/falcon-edge-20261003-0018-fix-trust-root-87532ec
  OK   run validates: runs/mainecybertech-20261003-0018-fix-p2-batch-31-2295958d
  OK   run validates: runs/repo-deep-dive-20261003-0018-main-7bac320
  OK   run validates: runs/snowride-20261003-0018-main-59e12b9
  OK   PACK_DIGEST.txt is current
  OK   runs/INDEX.md lists all archived runs
  OK   report structures include Verification Performed

RESULT: PASS
== [PASS] lint_pack.sh (exit=0)
### 7. PACK_DIGEST.txt is current (lint gate + stable inventory)
-- inventory sha256 before=ac04064cb75fefa9a8a59dda8f287e5f88220554a9f10060a8fd80e797724025 after=ac04064cb75fefa9a8a59dda8f287e5f88220554a9f10060a8fd80e797724025
== [PASS] pack-digest-current
### 8. Secret scan of changed files (gitleaks defaults)
    │ ○
    ○ ░
    ░    gitleaks

[90m11:24AM[0m [32mINF[0m [1mscanned ~4221 bytes (4.22 KB) in 230ms[0m
[90m11:24AM[0m [32mINF[0m [1mno leaks found[0m
== [PASS] changed-files-no-secrets

================================
PS-011 VERIFY RESULT: PASS
================================
