REMEDIATION PS-016 verify.log
REPO: falcon-edge   BASE: main (origin/main f5811d1c32a3a1f85063b8aa306c67722f5c38a3)
BRANCH: remediation/ps-016-20261003-0018-fix-trust-root-87532ec
COMMIT: 52b825b694089d17372ea6e48e3d42f2eaf7ee39
ARCHIVE: git archive --format=tar.gz of the committed branch; scp to edge-builder; extracted,
         git-initialised (so ci/validate.sh exercises its git ls-files JSON/YAML parse loop).
         (The edge-builder-local git-init commit recorded in the raw log is an extraction artifact;
         the reviewed commit is the 52b825b above.)
FINDING: INV-P2-001 (900 raw evidence files committed with no retention or size policy -> the
         finding's required CI gate must FAIL over budget, not merely warn)
HOST: edge-builder  Linux 6.8.0-142-generic x86_64
RUNNER: edge-builder VM 201 (172.23.128.52), Ubuntu 24.04; Python 3.12.3, pytest 7.4.4, gitleaks 8.30.1, shellcheck
DATE: 2026-10-03T09:01:16Z

########## BASE CHECK (origin/main f5811d1) -- does INV-P2-001 still reproduce? ##########
Prior work on origin/main added ci/check_evidence_size.py + REPOSITORY.md policy, but the checker
is ADVISORY ONLY ("always exit 0") and ci/validate.sh does not fail on it. Result: an over-budget
evidence tree (3,550 files > 2,500 budget) prints WARN and still exits 0 / "validation: ALL PASS".
The finding's required "CI step that fails when evidence/ exceeds the budget" is therefore still
missing -> REPRODUCES.
BASE COMMIT: ad52c36f53d7a6d71d4f74dbd6e2228e12309844

== 1. budget checker text (origin/main) ==
#!/usr/bin/env python3
"""Evidence size budget (HYG-P2-003): warn when the evidence tree exceeds its budget.

Advisory only (always exit 0); the CI step surfaces the warning in the log. The archival
policy is in REPOSITORY.md - archive completed-phase captures outside the repo while
keeping the evidence index and manifest intact; never delete evidence.
"""
import os
import sys

REPO = os.path.dirname(os.path.dirname(os.path.abspath(__file__)))
BUDGET_MIB = 50

== 2. validate.sh invocation (origin/main) ==
43:echo "== evidence size budget =="
44-python3 ci/check_evidence_size.py

== 3. isolated over-budget sandbox: script alone ==
WARN  evidence size: 2600 files, 0.0 MiB (budget 2500 files / 50 MiB)
      archive older raw artifacts per REPOSITORY.md (keep index+manifest)
isolated-over-budget exit=0

== 4. end-to-end over-budget on the base tree ==
WARN  evidence size: 3550 files, 2.5 MiB (budget 2500 files / 50 MiB)
      archive older raw artifacts per REPOSITORY.md (keep index+manifest)
size-check exit=0
validate.sh exit=0
== evidence size budget ==
WARN  evidence size: 3550 files, 2.5 MiB (budget 2500 files / 50 MiB)
validation: ALL PASS

== 5. restore count ==
950
bash: line 38: $'\r': command not found

########## PATCHED TREE (commit 52b825b) ##########
Files: ci/check_evidence_size.py (fail-closed + --root), ci/validate.sh (|| rc=1), REPOSITORY.md (policy), tests/phase10/test_evidence_budget_gate.py (new).

PATCHED COMMIT: 844fb9a7c158a7bcfabbfcaadef76730d572afc3
tracked files: 1356

===== COMMAND: python3 ci/check_evidence_size.py (under budget) =====
PASS  evidence size: 950 files, 2.5 MiB (budget 2500 files / 50 MiB)
[exit=0]

===== COMMAND: shellcheck -S warning ci/validate.sh =====
[exit=0]

===== COMMAND: python3 -m pytest -q tests/phase10/test_evidence_budget_gate.py =====
...                                                                      [100%]
3 passed in 0.01s
[exit=0]

===== COMMAND: python3 -m pytest -q tests/phase2 tests/phase3 =====
........................................................................ [ 55%]
.........................................................                [100%]
129 passed in 69.99s (0:01:09)
[exit=0]

===== COMMAND: bash ci/validate.sh (under budget) =====
== json/yaml parse ==
PASS json/yaml parse
== openapi lint ==
PASS  openapi lint: 19 paths, 19 operations, 30 schemas
== generated models ==
/tmp/ps016-patched/api/generate_models.py:26: SyntaxWarning: invalid escape sequence '\S'
  HEADER = '''"""Generated by api/generate_models.py from api/openapi/falcon-edge-v1.yaml.
PASS  generated models in sync with the contract
== exported schemas ==
PASS  exported schemas in sync (30 files)
== decision register ==
NOTE  additional areas present: active_discovery, monitoring_scope_details
PASS  decision register valid: 21 decisions, all required areas covered
== gate ledger ==
PASS  gate ledger (88 gates, semantics + round-trip)
== evidence integrity ==
WARN  raw artifact without metadata (possibly an in-progress capture): evidence/raw/P7-G05/qemu-drill-20261001T063831Z/results.txt
PASS  evidence integrity: 474 captures verified, 1 in-progress/orphan artifact(s) warned
== evidence index sync ==
evidence_index: 474 entries; integrity_failures=0
evidence index check: OK (474 entries; tracked index matches rebuild)
== evidence manifest sync ==
manifest check: OK (949 entries verified)
== evidence size budget ==
PASS  evidence size: 950 files, 2.5 MiB (budget 2500 files / 50 MiB)
== license gate ==
WARN   bcc 0.29.1: no license metadata
NOTE   certifi 2023.11.17: MPL-2.0 (weak copyleft; keep attribution)
OS     chardet 5.2.0: LGPL (apt-managed base OS)
OS     cloud-init 26.1: GPL (apt-managed base OS)
WARN   command-not-found 0.3: no license metadata
WARN   distro-info 1.7+build1: no license metadata
OS     launchpadlib 1.11.0: LGPL (apt-managed base OS)
OS     lazr.restfulclient 0.14.6: LGPL (apt-managed base OS)
OS     lazr.uri 1.0.6: LGPL (apt-managed base OS)
OS     PyGObject 3.48.2: LGPL (apt-managed base OS)
OS     python-apt 2.7.7+ubuntu5.3: GPL (apt-managed base OS)
OS     python-debian 0.1.49+ubuntu2: GPL (apt-managed base OS)
OS     sos 4.11.2: GPL (apt-managed base OS)
OS     ssh-import-id 5.11: GPL (apt-managed base OS)
OS     systemd-python 235: LGPL (apt-managed base OS)
OS     ubuntu-pro-client 8001: GPL (apt-managed base OS)
OS     ufw 0.36.2: GPL (apt-managed base OS)
WARN   unattended-upgrades 0.1: no license metadata
OS     wadllib 1.3.6: LGPL (apt-managed base OS)
WARN   zope.interface 6.1: unrecognised license: ZPL 2.1
license gate: scanned=79 allow=59 allow-note=1 warn=5 deny=0 os-baseline=14
== secret scan ==
PASS  secret scan: 1340 files, no findings

validation: ALL PASS
[exit=0]

########## FUNCTIONAL CHECK: over-budget fails closed ##########
-- checker over budget:
FAIL  evidence size: 3550 files, 2.5 MiB (budget 2500 files / 50 MiB)
      archive older raw artifacts per REPOSITORY.md (keep index+manifest)
[exit=1]
-- validate.sh over budget:
validate.sh exit=1
== evidence size budget ==
FAIL  evidence size: 3550 files, 2.5 MiB (budget 2500 files / 50 MiB)
validation: FAILURES PRESENT
-- restored tree:
PASS  evidence size: 950 files, 2.5 MiB (budget 2500 files / 50 MiB)
[exit=0]

########## SECRET GATE ##########

    Γùï
    ΓöéΓò▓
    Γöé Γùï
    Γùï Γûæ
    Γûæ    gitleaks

[90m9:01AM[0m [32mINF[0m [1mscanned ~6646353 bytes (6.65 MB) in 42.2s[0m
[90m9:01AM[0m [32mINF[0m [1mno leaks found[0m
[exit=0]

PS-016 PATCHED VERIFY DONE
bash: line 47: $'\r': command not found

[note] The trailing "bash: line 47: $'\\r': command not found" (and the wrapper SSH_EXIT=127) in the raw capture is a CR at end-of-script from the Windows->ssh pipe; it occurred AFTER "PS-016 PATCHED VERIFY DONE" and after every gate had printed its exit code. It is a harness wrapper artifact, not a repository command result.

