# PS-U10 gitleaks gate - commit 7c61d27cea59c1b5e5004fb1f14172d1e76e8e32
gitleaks: 8.30.1

## changed files (no allowlist)
$ gitleaks detect --no-git --redact --no-banner --source docs/runbooks/OBSERVABILITY.md
[90m9:37AM[0m [32mINF[0m [1mscanned ~5285 bytes (5.28 KB) in 224ms[0m
[90m9:37AM[0m [32mINF[0m [1mno leaks found[0m
exit=0
----------
$ gitleaks detect --no-git --redact --no-banner --source docs/runbooks/SLO.md
[90m9:37AM[0m [32mINF[0m [1mscanned ~5445 bytes (5.45 KB) in 257ms[0m
[90m9:37AM[0m [32mINF[0m [1mno leaks found[0m
exit=0
----------
$ gitleaks detect --no-git --redact --no-banner --source docs/runbooks/README.md
[90m9:37AM[0m [32mINF[0m [1mscanned ~1323 bytes (1.32 KB) in 218ms[0m
[90m9:37AM[0m [32mINF[0m [1mno leaks found[0m
exit=0
----------
$ gitleaks detect --no-git --redact --no-banner --source infra/compose/docker-compose.yml
[90m9:37AM[0m [32mINF[0m [1mscanned ~11414 bytes (11.41 KB) in 224ms[0m
[90m9:37AM[0m [32mINF[0m [1mno leaks found[0m
exit=0
----------
$ gitleaks detect --no-git --redact --no-banner --source infra/otel/collector-config.yaml
[90m9:37AM[0m [32mINF[0m [1mscanned ~1113 bytes (1.11 KB) in 229ms[0m
[90m9:37AM[0m [32mINF[0m [1mno leaks found[0m
exit=0
----------

## full worktree (json report; documenting pre-existing fixture hits)
[90m9:37AM[0m [32mINF[0m [1mscanned ~85450124 bytes (85.45 MB) in 4.3s[0m
[90m9:37AM[0m [33mWRN[0m [1mleaks found: 19[0m
full_worktree_exit=1
findings=19
changed-file hits in full scan:
none
ALL_DONE
