===================================================================
PS-002 data/schema remediation verification
date (UTC): 2026-10-03T12:37:12Z
host: Linux DESKTOP-7TUKMBJ 6.18.40.1-microsoft-standard-WSL2 #1 SMP PREEMPT_DYNAMIC Fri Jul 31 22:12:15 UTC 2026 x86_64 x86_64 x86_64 GNU/Linux
branch: remediation/ps-002-20261003-0018-main-7bac320
commit: 979777da9e758ed595b81c8c236201882994dd07
repo:   /mnt/c/temp/repo-deep-dive-rem
===================================================================

### git status (working tree should be clean at the commit)
EXIT=0

### 1. Regenerate PACK_DIGEST.txt (tools/pack_digest.sh)
wrote PACK_DIGEST.txt (906 files)
EXIT=0

git status after digest regeneration:
 M PACK_DIGEST.txt
EXIT=0
NOTE: the only working-tree delta is the PACK_DIGEST.txt `# generated:` header
line; pack_digest.sh stamps a fresh UTC time on every run and lint_pack.sh
ignores comment lines, so the hash entries stayed current (lint below reports
"PACK_DIGEST.txt is current"). The file was restored to the committed revision
after this capture, leaving the tree clean.

### 2. Pack self-test (tools/self_test.sh)
Self-test: /mnt/c/temp/repo-deep-dive-rem

  OK   lint_pack.sh
  OK   check_run.sh runs/20260930-0320-falcon-794ba31_edge-2b5bc8b
  OK   collect_findings.py runs/20260930-0320-falcon-794ba31_edge-2b5bc8b (90 findings)
  OK   diff_runs.py self-compare (all zero)
  OK   findings_to_csv.py (90 rows)
  OK   risk_score.py runs/20260930-0320-falcon-794ba31_edge-2b5bc8b (0/100)
  OK   render_dashboard.py runs/20260930-0320-falcon-794ba31_edge-2b5bc8b (read-only render)
  OK   findings.schema.json type conformance runs/20260930-0320-falcon-794ba31_edge-2b5bc8b (regenerated)
  OK   check_run.sh runs/20260930-0701-falcon-8282d3f_edge-45dfed0
  OK   collect_findings.py runs/20260930-0701-falcon-8282d3f_edge-45dfed0 (264 findings)
  OK   diff_runs.py self-compare (all zero)
  OK   findings_to_csv.py (264 rows)
  OK   risk_score.py runs/20260930-0701-falcon-8282d3f_edge-45dfed0 (0/100)
  OK   render_dashboard.py runs/20260930-0701-falcon-8282d3f_edge-45dfed0 (read-only render)
  OK   findings.schema.json type conformance runs/20260930-0701-falcon-8282d3f_edge-45dfed0 (regenerated)
  OK   check_run.sh runs/buddy-20261003-0018-master-99abf29
  OK   collect_findings.py runs/buddy-20261003-0018-master-99abf29 (40 findings)
  OK   diff_runs.py self-compare (all zero)
  OK   findings_to_csv.py (40 rows)
  OK   risk_score.py runs/buddy-20261003-0018-master-99abf29 (0/100)
  OK   render_dashboard.py runs/buddy-20261003-0018-master-99abf29 (read-only render)
  OK   findings.schema.json type conformance runs/buddy-20261003-0018-master-99abf29 (regenerated)
  OK   check_run.sh runs/chat-20261003-0018-develop-a72b8cc
  OK   collect_findings.py runs/chat-20261003-0018-develop-a72b8cc (64 findings)
  OK   diff_runs.py self-compare (all zero)
  OK   findings_to_csv.py (64 rows)
  OK   risk_score.py runs/chat-20261003-0018-develop-a72b8cc (0/100)
  OK   render_dashboard.py runs/chat-20261003-0018-develop-a72b8cc (read-only render)
  OK   findings.schema.json type conformance runs/chat-20261003-0018-develop-a72b8cc (regenerated)
  OK   check_run.sh runs/falcon-20261003-0018-fix-backup-abort-markers-20b5e57
  OK   collect_findings.py runs/falcon-20261003-0018-fix-backup-abort-markers-20b5e57 (46 findings)
  OK   diff_runs.py self-compare (all zero)
  OK   findings_to_csv.py (46 rows)
  OK   risk_score.py runs/falcon-20261003-0018-fix-backup-abort-markers-20b5e57 (0/100)
  OK   render_dashboard.py runs/falcon-20261003-0018-fix-backup-abort-markers-20b5e57 (read-only render)
  OK   findings.schema.json type conformance runs/falcon-20261003-0018-fix-backup-abort-markers-20b5e57 (regenerated)
  OK   check_run.sh runs/falcon-edge-20261003-0018-fix-trust-root-87532ec
  OK   collect_findings.py runs/falcon-edge-20261003-0018-fix-trust-root-87532ec (42 findings)
  OK   diff_runs.py self-compare (all zero)
  OK   findings_to_csv.py (42 rows)
  OK   risk_score.py runs/falcon-edge-20261003-0018-fix-trust-root-87532ec (0/100)
  OK   render_dashboard.py runs/falcon-edge-20261003-0018-fix-trust-root-87532ec (read-only render)
  OK   findings.schema.json type conformance runs/falcon-edge-20261003-0018-fix-trust-root-87532ec (regenerated)
  OK   check_run.sh runs/mainecybertech-20261003-0018-fix-p2-batch-31-2295958d
  OK   collect_findings.py runs/mainecybertech-20261003-0018-fix-p2-batch-31-2295958d (44 findings)
  OK   diff_runs.py self-compare (all zero)
  OK   findings_to_csv.py (44 rows)
  OK   risk_score.py runs/mainecybertech-20261003-0018-fix-p2-batch-31-2295958d (0/100)
  OK   render_dashboard.py runs/mainecybertech-20261003-0018-fix-p2-batch-31-2295958d (read-only render)
  OK   findings.schema.json type conformance runs/mainecybertech-20261003-0018-fix-p2-batch-31-2295958d (regenerated)
  OK   check_run.sh runs/repo-deep-dive-20261003-0018-main-7bac320
  OK   collect_findings.py runs/repo-deep-dive-20261003-0018-main-7bac320 (41 findings)
  OK   diff_runs.py self-compare (all zero)
  OK   findings_to_csv.py (41 rows)
  OK   risk_score.py runs/repo-deep-dive-20261003-0018-main-7bac320 (0/100)
  OK   render_dashboard.py runs/repo-deep-dive-20261003-0018-main-7bac320 (read-only render)
  OK   findings.schema.json type conformance runs/repo-deep-dive-20261003-0018-main-7bac320 (regenerated)
  OK   check_run.sh runs/snowride-20261003-0018-main-59e12b9
  OK   collect_findings.py runs/snowride-20261003-0018-main-59e12b9 (46 findings)
  OK   diff_runs.py self-compare (all zero)
  OK   findings_to_csv.py (46 rows)
  OK   risk_score.py runs/snowride-20261003-0018-main-59e12b9 (0/100)
  OK   render_dashboard.py runs/snowride-20261003-0018-main-59e12b9 (read-only render)
  OK   findings.schema.json type conformance runs/snowride-20261003-0018-main-59e12b9 (regenerated)
  OK   repo_inventory.py (self-scan)
  OK   run_toolchain.py (read-only chain)
  OK   new_run.py (TMP scaffold)
  OK   live_snapshot.sh (read-only capture)

RESULT: PASS
EXIT=0

### 3. Pack lint (tools/lint_pack.sh)
Linting pack: /mnt/c/temp/repo-deep-dive-rem

  OK   VERSION = 1.4.1
  OK   README references v1.4.1
  OK   JSON version fields match VERSION
  OK   141 JSON files parse
  OK   area codes unique
  OK   prompt structure complete
  OK   prompt counts (actual 46 = base 42 + falcon 4)
  OK   profile manifest references resolve
  OK   run validates: runs/20260930-0320-falcon-794ba31_edge-2b5bc8b
  OK   run validates: runs/20260930-0701-falcon-8282d3f_edge-45dfed0
  OK   run validates: runs/buddy-20261003-0018-master-99abf29
  OK   run validates: runs/chat-20261003-0018-develop-a72b8cc
  OK   run validates: runs/falcon-20261003-0018-fix-backup-abort-markers-20b5e57
  OK   run validates: runs/falcon-edge-20261003-0018-fix-trust-root-87532ec
  OK   run validates: runs/mainecybertech-20261003-0018-fix-p2-batch-31-2295958d
  OK   run validates: runs/repo-deep-dive-20261003-0018-main-7bac320
  OK   run validates: runs/snowride-20261003-0018-main-59e12b9
  OK   PACK_DIGEST.txt is current
  OK   runs/INDEX.md lists all archived runs
  OK   report structures include Verification Performed

RESULT: PASS
EXIT=0

### 4. DATA-P1-002 regression: base scaffold -> check_run.sh
created /tmp/tmp.HhY11MkLt0/repo-deep-dive/t
manifest: audit_manifest.json (seed: examples/audit_manifest.example.json)
next: paste prompts/MASTER_RUNNER_FULL_HARDENING.md into the audit agent
EXIT=0
Checking run: /tmp/tmp.HhY11MkLt0/repo-deep-dive/t
  OK   INDEX.md
  OK   EXECUTIVE_SUMMARY.md
  OK   RELEASE_GATE.md
  OK   risk_register.md
  OK   roadmap.md
  OK   patch_plan.md
  OK   audit_manifest.json
  OK   manifest parses (run=t profile=base findings=0)
  OK   finding IDs unique (0 unique IDs)
  OK   finding statuses use the shared vocabulary (0 statuses ok)

RESULT: PASS
EXIT=0

### 5. DATA-P1-001 / TEST-P2-003 regression: regenerated findings.json
--- sourceReports type/value ---
run: run
reports scanned: 13
findings: 41 (P1 x9, P2 x20, P3 x12)
areas: API x2, ARCH x2, CI x6, DATA x3, EXEC x2, FEAT x2, FINAL x2, HYG x3, INV x3, OBS x3, SEC x5, SUPPLY x4, TEST x4
wrote /tmp/tmp.QpDPbYUMwE/run/findings.json
EXIT=0
sourceReports = 13 (int)
OK: sourceReports is an integer
EXIT=0
--- python3 -m jsonschema -i findings.json schemas/findings.schema.json ---
EXIT=0

### 6. Secret gate
gitleaks: NOT RUN (binary not present in this WSL guest; lab job API token not provided)
manual scan of the PS-002 diff for secret-like patterns:
23: 0d52c5371d8958d1465927e74ee4ebfb971f2ae1d25867ea819adb7f7d5022b7  ./runs/snowride-20261003-0018-main-59e12b9/secret_rotation_runbook.md
EXIT=0

### 7. Diff scope
 PACK_DIGEST.txt                      | 12 +++----
 examples/audit_manifest.example.json | 10 ++++++
 schemas/findings.schema.json         |  6 +++-
 tools/collect_findings.py            |  2 +-
 tools/new_run.py                     | 20 ++++++++++++
 tools/self_test.sh                   | 61 +++++++++++++++++++++++++++++++-----
 6 files changed, 95 insertions(+), 16 deletions(-)
EXIT=0
