REMEDIATION PS-010 verify.log
REPO: falcon-edge   BASE: main (f5811d1)   BRANCH: remediation/ps-010-20261003-0018-fix-trust-root-87532ec
COMMIT: 4c38bb7a3366f20ce7a020acf22950706cc1d0ad   SOURCE: git archive --format=tar.gz HEAD (preserves modes/LF)
RUNNER: edge-builder VM 201 (172.23.128.52), Ubuntu 24.04, Python 3.12.3, pytest 7.4.4, gitleaks 8.30.1
METHOD: git archive of the committed branch -> scp -> remote script (edge-builder job API has no /sync or /repos)
FINDINGS: SEC-P2-003 (fixed: owner-only DB/dir 0700/0600 + hashed show/associate with --raw opt-in)
BASE CHECK: reproduces at origin/main f5811d1 -- DB file mode 0644 and show prints raw MAC/IP
NOTE: the "ssh : ... SyntaxWarning" line in the ci/validate.sh section is PowerShell surfacing remote stderr;
      ci/validate.sh itself exited 0 (validation: ALL PASS).
HOST: edge-builder Linux 6.8.0-142-generic x86_64
DATE: 2026-10-03T08:07:50Z
PYTHON: Python 3.12.3
PYTEST: pytest 7.4.4
GITLEAKS: 8.30.1

########## BASE CHECK (origin/main) -- does SEC-P2-003 reproduce? ##########
base DB file mode: 0o644
base DB dir  mode: 0o700
base show prints raw identifiers: True
REPRODUCES: True

########## PATCHED TREE ##########
tracked files: 1355

===== COMMAND: python3 -m pytest -q tests/phase2 tests/phase3 =====
........................................................................ [ 55%]
.........................................................                [100%]
129 passed in 73.42s (0:01:13)
[exit=0]

===== COMMAND: python3 -m pytest -v tests/phase9/test_fleet_inventory.py =====
============================= test session starts ==============================
platform linux -- Python 3.12.3, pytest-7.4.4, pluggy-1.4.0 -- /usr/bin/python3
cachedir: .pytest_cache
rootdir: /tmp/falcon-edge-ps010
collecting ... collected 15 items

tests/phase9/test_fleet_inventory.py::FleetInventoryTests::test_associate_hashes_identifiers_by_default PASSED [  6%]
tests/phase9/test_fleet_inventory.py::FleetInventoryTests::test_changes PASSED [ 13%]
tests/phase9/test_fleet_inventory.py::FleetInventoryTests::test_detect_lists_subnets PASSED [ 20%]
tests/phase9/test_fleet_inventory.py::FleetInventoryTests::test_discover_help PASSED [ 26%]
tests/phase9/test_fleet_inventory.py::FleetInventoryTests::test_export_hashes_identifiers PASSED [ 33%]
tests/phase9/test_fleet_inventory.py::FleetInventoryTests::test_help PASSED [ 40%]
tests/phase9/test_fleet_inventory.py::FleetInventoryTests::test_missing_db_is_graceful PASSED [ 46%]
tests/phase9/test_fleet_inventory.py::FleetInventoryTests::test_open_db_creates_owner_only_permissions PASSED [ 53%]
tests/phase9/test_fleet_inventory.py::FleetInventoryTests::test_open_db_tightens_preexisting_world_readable_db PASSED [ 60%]
tests/phase9/test_fleet_inventory.py::FleetInventoryTests::test_prune_removes_only_rows_past_the_window PASSED [ 66%]
tests/phase9/test_fleet_inventory.py::FleetInventoryTests::test_read_commands_work_with_a_read_only_database PASSED [ 73%]
tests/phase9/test_fleet_inventory.py::FleetInventoryTests::test_scan_needs_a_target PASSED [ 80%]
tests/phase9/test_fleet_inventory.py::FleetInventoryTests::test_show_hashes_identifiers_by_default PASSED [ 86%]
tests/phase9/test_fleet_inventory.py::FleetInventoryTests::test_show_host PASSED [ 93%]
tests/phase9/test_fleet_inventory.py::FleetInventoryTests::test_show_raw_flag_reveals_identifiers PASSED [100%]

============================== 15 passed in 2.70s ==============================
[exit=0]

===== COMMAND: python3 -m pytest -q tests/phase9 =====
...................                                                      [100%]
19 passed in 13.30s
[exit=0]

===== COMMAND: bash ci/validate.sh =====
== json/yaml parse ==
PASS json/yaml parse
== openapi lint ==
PASS  openapi lint: 19 paths, 19 operations, 30 schemas
== generated models ==
ssh : /tmp/falcon-edge-ps010/api/generate_models.py:26: SyntaxWarning: invalid escape sequence '\S'
At line:1 char:161
+ ... | Out-Null; ssh -i C:\temp\proxmox-vm\scripts\edge_key -o StrictHostK ...
+                 ~~~~~~~~~~~~~~~~~~~~~~~~~~~~~~~~~~~~~~~~~~~~~~~~~~~~~~~~~
    + CategoryInfo          : NotSpecified: (/tmp/falcon-edg...e sequence '\S':String) [], RemoteException
    + FullyQualifiedErrorId : NativeCommandError
 
  HEADER = '''"""Generated by api/generate_models.py from api/openapi/falcon-edge-v1.yaml.
PASS  generated models in sync with the contract
== exported schemas ==
PASS  exported schemas in sync (30 files)
== decision register ==
NOTE  additional areas present: active_discovery, monitoring_scope_details
PASS  decision register valid: 21 decisions, all required areas covered
== gate ledger ==
PASS  gate ledger (88 gates, semantics + round-trip)
== evidence integrity ==
WARN  raw artifact without metadata (possibly an in-progress capture): evidence/raw/P7-G05/qemu-drill-20261001T063831Z/results.txt
PASS  evidence integrity: 474 captures verified, 1 in-progress/orphan artifact(s) warned
== evidence index sync ==
evidence_index: 474 entries; integrity_failures=0
evidence index check: OK (474 entries; tracked index matches rebuild)
== evidence manifest sync ==
manifest check: OK (949 entries verified)
== evidence size budget ==
PASS  evidence size: 950 files, 2.5 MiB (budget 2500 files / 50 MiB)
== license gate ==
WARN   bcc 0.29.1: no license metadata
NOTE   certifi 2023.11.17: MPL-2.0 (weak copyleft; keep attribution)
OS     chardet 5.2.0: LGPL (apt-managed base OS)
OS     cloud-init 26.1: GPL (apt-managed base OS)
WARN   command-not-found 0.3: no license metadata
WARN   distro-info 1.7+build1: no license metadata
OS     launchpadlib 1.11.0: LGPL (apt-managed base OS)
OS     lazr.restfulclient 0.14.6: LGPL (apt-managed base OS)
OS     lazr.uri 1.0.6: LGPL (apt-managed base OS)
OS     PyGObject 3.48.2: LGPL (apt-managed base OS)
OS     python-apt 2.7.7+ubuntu5.3: GPL (apt-managed base OS)
OS     python-debian 0.1.49+ubuntu2: GPL (apt-managed base OS)
OS     sos 4.11.2: GPL (apt-managed base OS)
OS     ssh-import-id 5.11: GPL (apt-managed base OS)
OS     systemd-python 235: LGPL (apt-managed base OS)
OS     ubuntu-pro-client 8001: GPL (apt-managed base OS)
OS     ufw 0.36.2: GPL (apt-managed base OS)
WARN   unattended-upgrades 0.1: no license metadata
OS     wadllib 1.3.6: LGPL (apt-managed base OS)
WARN   zope.interface 6.1: unrecognised license: ZPL 2.1
license gate: scanned=79 allow=59 allow-note=1 warn=5 deny=0 os-baseline=14
== secret scan ==
PASS  secret scan: 1339 files, no findings

validation: ALL PASS
[exit=0]

===== COMMAND: gitleaks detect --no-git --redact --source . -v =====

    Γùï
    ΓöéΓò▓
    Γöé Γùï
    Γùï Γûæ
    Γûæ    gitleaks

[90m8:10AM[0m [32mINF[0m [1mscanned ~6740112 bytes (6.74 MB) in 42.6s[0m
[90m8:10AM[0m [32mINF[0m [1mno leaks found[0m
[exit=0]

########## FUNCTIONAL CHECK (patched): modes + hashed output ##########
patched DB file mode: 0o600
patched DB dir  mode: 0o700
patched show default contains raw: False
patched show --raw contains raw: True
[exit=0]

