# PS-U08 verification log (falcon)

run:        20261003-0018-fix-backup-abort-markers-20b5e57
repo:       MaineCyberTech/falcon
base:       origin/main 430da82274af4c0821542627fdb9e6ab74afa826
branch:     remediation/ps-u08-20261003-0018-fix-backup-abort-markers-20b5e57
commit:     3a200c9fe33c51c97a9e348fc5f32c846344a72b
runner:     lab ci-runner 172.23.128.51 (scripts/lab-sync.ps1 + tools/lab_runner.py job API)

## Positive gate: HOME=/root FALCON_EVIDENCE_OPTIONAL=1 python3 ci/validate.py  (exit 0)
PASS  yaml/json parse
PASS  compose image pinning
PASS  compose digest cross-check
PASS  shell syntax (600 scripts)
PASS  shellcheck (172 scripts)
PASS  credential sourcing (no script sources the owner .env)
PASS  gate ledger (102 gates)
PASS  evidence integrity (0 captures, 1127 external skipped in CI)
PASS  evidence index cross-check
PASS  digest binding (PACKAGE_DIGEST binds the shipped manifests)
PASS  sbom hashes (committed SBOM/vuln set matches SBOM_MANIFEST.sha256)
PASS  license gate
PASS  secret scan
PASS  edge pin (skipped: edge delivery not present)
PASS  shell tests: automation/validation/tests/abort_marker_test.sh (0.1s)
PASS  shell tests: automation/validation/tests/alert_canary_test.sh (0.2s)
PASS  shell tests: automation/validation/tests/alert_expression_bool_test.sh (0.1s)
PASS  shell tests: automation/validation/tests/audit_run_lifecycle_test.sh (0.8s)
PASS  shell tests: automation/validation/tests/audit_run_scanner_test.sh (0.1s)
PASS  shell tests: automation/validation/tests/compose_cap_drop_test.sh (0.1s)
PASS  shell tests: automation/validation/tests/compose_digest_check_test.sh (0.4s)
PASS  shell tests: automation/validation/tests/digest_binding_check_test.sh (0.1s)
PASS  shell tests: automation/validation/tests/digest_verdict_consistency_test.sh (0.1s)
PASS  shell tests: automation/validation/tests/edge_cleanup_pinned_test.sh (0.1s)
PASS  shell tests: automation/validation/tests/edge_spool_metrics_test.sh (0.2s)
PASS  shell tests: automation/validation/tests/env_secret_isolation_test.sh (0.1s)
PASS  shell tests: automation/validation/tests/evidence_index_check_test.sh (0.3s)
PASS  shell tests: automation/validation/tests/feed_rate_deviation_check_test.sh (0.2s)
PASS  shell tests: automation/validation/tests/grafana_state_regression.sh (0.0s)
PASS  shell tests: automation/validation/tests/ism_retention_metrics_test.sh (0.1s)
PASS  shell tests: automation/validation/tests/mapping_drift_check_test.sh (0.3s)
PASS  shell tests: automation/validation/tests/offsite_backup_reuse_test.sh (1.6s)
PASS  shell tests: automation/validation/tests/offsite_upload_delta_test.sh (1.4s)
PASS  shell tests: automation/validation/tests/owner_env_validator_test.sh (0.4s)
PASS  shell tests: automation/validation/tests/pair_state_check_test.sh (0.2s)
PASS  shell tests: automation/validation/tests/publish_digest_aggregate_test.sh (0.1s)
PASS  shell tests: automation/validation/tests/r2_cold_tier_setup_test.sh (0.3s)
PASS  shell tests: automation/validation/tests/readme_ledger_drift_test.sh (0.1s)
PASS  shell tests: automation/validation/tests/remediation_guards_test.sh (0.0s)
PASS  shell tests: automation/validation/tests/rotation_status_test.sh (0.3s)
PASS  shell tests: automation/validation/tests/sbom_coverage_and_hashes_test.sh (0.3s)
PASS  shell tests: automation/validation/tests/secret_scan_test.sh (0.6s)
PASS  shell tests: automation/validation/tests/validate_gate_test.sh (0.3s)
PASS  shell tests: automation/validation/tests/wazuh_indexer_backup_test.sh (0.3s)
PASS  shell tests (30 suite(s))

validation_failures=0
[exit=0 duration=35.3s cwd=/srv/work/falcon]

## Negative controls + secret gate (raw)


=== negative: digest binding drift (declared hash mutated) ===
FAIL digest binding
  review_package_manifest_sha256: declared=deadbeef actual=4167f360b1883cba90e1b8511337d7428b702e71066dfb50805e695901ae018c (review-package/MANIFEST.sha256)
NEG_DIGEST_EXIT=1
=== negative: sbom tamper (vuln/redis_8.8.2.json) ===
wazuh_wazuh-manager_4.14.7.cdx.json: OK
sha256sum: WARNING: 1 computed checksum did NOT match
sbom_hashes: FAIL (hash mismatch/missing/unlisted; SBOM-P2-004)
NEG_SBOM_EXIT=1
=== gitleaks diff origin/main..HEAD ===
GITLEAKS_EXIT=0
=== restore check (should be clean) ===
 M docs/phase8/reviews/INDEPENDENT_REVIEW_2026-09-23.md
 M docs/phase8/reviews/INDEPENDENT_REVIEW_2026-09-23_UPDATE.md
 M docs/phase8/reviews/INDEPENDENT_REVIEW_2026-09-23_UPDATE2.md
 M docs/phase8/reviews/INDEPENDENT_REVIEW_2026-09-23_UPDATE3.md
[exit=0 duration=0.9s cwd=/srv/work/falcon]
python : 
At line:1 char:275
+ ... ive; $out = python tools\lab_runner.py --url http://172.23.128.51:872 ...
+                 ~~~~~~~~~~~~~~~~~~~~~~~~~~~~~~~~~~~~~~~~~~~~~~~~~~~~~~~~~
    + CategoryInfo          : NotSpecified: (:String) [], RemoteException
    + FullyQualifiedErrorId : NativeCommandError
 
    \u25cb
    \u2502\u2572
    \u2502 \u25cb
    \u25cb \u2591
    \u2591    gitleaks

[90m3:18PM[0m [32mINF[0m [1mscanned ~4493 bytes (4.49 KB) in 273ms[0m
[90m3:18PM[0m [32mINF[0m [1mno leaks found[0m

(negative-control script sha256: 773d5fbd052419366497031d76f691ded2231cb78468bc3fdf6770f11b8edb1d)

