# PS-U01 verification - unassigned API findings (API-P2-001, API-P3-001, API-P3-002)
commit: e656a3b42fd0b7e5cbb312a4442479624685d7b2
branch: remediation/ps-u01-20261003-0018-main-59e12b9
node:   v20.20.2
npm:    10.8.2

## npm ci

added 628 packages, and audited 634 packages in 25s

178 packages are looking for funding
  run `npm fund` for details

17 vulnerabilities (2 moderate, 15 high)

To address issues that do not require attention, run:
  npm audit fix

To address all issues (including breaking changes), run:
  npm audit fix --force

Run `npm audit` for details.
npm_ci_exit=0

## npm run lint

> snowride@0.1.0 lint
> npm run lint --workspaces --if-present


> @snowride/web@0.1.0 lint
> eslint .


/srv/work/snowride-ps-u01/apps/web/components/game/Home.tsx
  844:6  warning  React Hook useEffect has a missing dependency: 'gameReady'. Either include it or remove the dependency array  react-hooks/exhaustive-deps

✖ 1 problem (0 errors, 1 warning)

lint_exit=0

## npm test

> snowride@0.1.0 test
> npm run build:packages && npm run build:realtime && vitest run --exclude '**/server.integration.test.ts'


> snowride@0.1.0 build:packages
> npm run build -w @snowride/contracts && npm run build -w @snowride/game-core


> @snowride/contracts@0.1.0 build
> tsc -p tsconfig.json


> @snowride/game-core@0.1.0 build
> tsc -p tsconfig.json


> snowride@0.1.0 build:realtime
> npm run build -w apps/realtime


> @snowride/realtime@0.1.0 build
> tsc -p tsconfig.json


[1m[30m[46m RUN [49m[39m[22m [36mv5.0.0 [39m[90m/srv/work/snowride-ps-u01[39m

 [32m✓[39m apps/realtime/src/__tests__/replayStore.test.ts [2m([22m[2m27 tests[22m[2m)[22m[32m 22[2mms[22m[39m
 [32m✓[39m packages/game-core/src/__tests__/tricks.test.ts [2m([22m[2m38 tests[22m[2m)[22m[32m 26[2mms[22m[39m
 [32m✓[39m packages/game-core/src/__tests__/scoring.test.ts [2m([22m[2m29 tests[22m[2m)[22m[32m 70[2mms[22m[39m
 [32m✓[39m packages/contracts/src/__tests__/economySimulation.test.ts [2m([22m[2m6 tests[22m[2m)[22m[32m 10[2mms[22m[39m
 [32m✓[39m apps/web/lib/__tests__/prediction.test.ts [2m([22m[2m12 tests[22m[2m)[22m[32m 24[2mms[22m[39m
 [32m✓[39m apps/realtime/src/__tests__/authoritative-room.test.ts [2m([22m[2m23 tests[22m[2m)[22m[32m 136[2mms[22m[39m
 [32m✓[39m packages/game-core/src/__tests__/avalanche.test.ts [2m([22m[2m12 tests[22m[2m)[22m[32m 28[2mms[22m[39m
 [32m✓[39m packages/game-core/src/__tests__/ghostV2.test.ts [2m([22m[2m15 tests[22m[2m)[22m[32m 48[2mms[22m[39m
 [32m✓[39m apps/realtime/src/__tests__/metrics.test.ts [2m([22m[2m6 tests[22m[2m)[22m[33m 361[2mms[22m[39m
 [32m✓[39m packages/game-core/src/__tests__/creatorCourse.test.ts [2m([22m[2m16 tests[22m[2m)[22m[32m 66[2mms[22m[39m
 [32m✓[39m packages/game-core/src/__tests__/ghostTerminal.test.ts [2m([22m[2m11 tests[22m[2m)[22m[32m 91[2mms[22m[39m
 [32m✓[39m packages/game-core/src/__tests__/authoritative.test.ts [2m([22m[2m12 tests[22m[2m)[22m[32m 90[2mms[22m[39m
 [32m✓[39m packages/game-core/src/__tests__/rating.test.ts [2m([22m[2m14 tests[22m[2m)[22m[32m 35[2mms[22m[39m
 [32m✓[39m apps/realtime/src/__tests__/social.test.ts [2m([22m[2m14 tests[22m[2m)[22m[32m 23[2mms[22m[39m
 [32m✓[39m apps/web/lib/__tests__/multiplayerAdapter.test.ts [2m([22m[2m7 tests[22m[2m)[22m[32m 16[2mms[22m[39m
 [32m✓[39m apps/web/lib/__tests__/authService.test.ts [2m([22m[2m11 tests[22m[2m)[22m[32m 17[2mms[22m[39m
 [32m✓[39m packages/game-core/src/__tests__/content.test.ts [2m([22m[2m16 tests[22m[2m)[22m[32m 165[2mms[22m[39m
 [32m✓[39m packages/game-core/src/__tests__/inputMappingGamepad.test.ts [2m([22m[2m15 tests[22m[2m)[22m[32m 12[2mms[22m[39m
 [32m✓[39m packages/game-core/src/__tests__/replayBoundaryCorpus.test.ts [2m([22m[2m43 tests[22m[2m)[22m[32m 41[2mms[22m[39m
 [32m✓[39m packages/game-core/src/__tests__/inputPrecedence.test.ts [2m([22m[2m13 tests[22m[2m)[22m[32m 14[2mms[22m[39m
 [32m✓[39m apps/realtime/src/__tests__/networklab.test.ts [2m([22m[2m4 tests[22m[2m)[22m[33m 2756[2mms[22m[39m
   [32m✓[39m P8 network lab: duplicate / stale / reorder / loss / teleport [2m(4)[22m
     [33m[2m✓[22m[39m denies duplicate and stale frames with sequence_gap and keeps the stream consistent[33m 658[2mms[22m[39m
     [33m[2m✓[22m[39m denies out-of-bounds, teleport and spawn-anchor jumps; anchor uses server-known spawn[33m 739[2mms[22m[39m
     [33m[2m✓[22m[39m channel-level loss permanently desyncs the strict stream (documented duplicate semantics)[33m 463[2mms[22m[39m
     [33m[2m✓[22m[39m reconnect after loss reconciles the stream (P21-G04 convergence)[33m 631[2mms[22m[39m
 [32m✓[39m apps/realtime/src/__tests__/submissions.test.ts [2m([22m[2m16 tests[22m[2m)[22m[32m 146[2mms[22m[39m
 [32m✓[39m apps/realtime/src/__tests__/backpressure.test.ts [2m([22m[2m6 tests[22m[2m)[22m[32m 53[2mms[22m[39m
 [32m✓[39m packages/game-core/src/__tests__/world.test.ts [2m([22m[2m10 tests[22m[2m)[22m[32m 92[2mms[22m[39m
 [32m✓[39m packages/game-core/src/__tests__/controlStream.test.ts [2m([22m[2m12 tests[22m[2m)[22m[32m 21[2mms[22m[39m
 [32m✓[39m packages/game-core/src/__tests__/ghostCodec.test.ts [2m([22m[2m13 tests[22m[2m)[22m[32m 167[2mms[22m[39m
 [32m✓[39m packages/game-core/src/__tests__/events.test.ts [2m([22m[2m12 tests[22m[2m)[22m[32m 24[2mms[22m[39m
 [32m✓[39m apps/web/lib/__tests__/adminConnection.test.ts [2m([22m[2m7 tests[22m[2m)[22m[32m 15[2mms[22m[39m
 [32m✓[39m packages/game-core/src/__tests__/sessionAuthority.test.ts [2m([22m[2m9 tests[22m[2m)[22m[32m 108[2mms[22m[39m
 [32m✓[39m packages/game-core/src/__tests__/eventLedger.test.ts [2m([22m[2m10 tests[22m[2m)[22m[32m 15[2mms[22m[39m
 [32m✓[39m apps/realtime/src/__tests__/apiContract.test.ts [2m([22m[2m3 tests[22m[2m)[22m[32m 7[2mms[22m[39m
 [32m✓[39m packages/game-core/src/__tests__/creatorEditor.test.ts [2m([22m[2m10 tests[22m[2m)[22m[32m 38[2mms[22m[39m
 [32m✓[39m packages/game-core/src/__tests__/combos.test.ts [2m([22m[2m12 tests[22m[2m)[22m[32m 18[2mms[22m[39m
 [32m✓[39m apps/web/lib/__tests__/inputSettingsStore.test.ts [2m([22m[2m10 tests[22m[2m)[22m[32m 21[2mms[22m[39m
 [32m✓[39m apps/web/lib/__tests__/socialService.test.ts [2m([22m[2m7 tests[22m[2m)[22m[32m 11[2mms[22m[39m
 [32m✓[39m packages/game-core/src/__tests__/ghostPlayer.test.ts [2m([22m[2m4 tests[22m[2m)[22m[32m 6[2mms[22m[39m
 [32m✓[39m packages/game-core/src/__tests__/contentSecurity.test.ts [2m([22m[2m10 tests[22m[2m)[22m[32m 72[2mms[22m[39m
 [32m✓[39m packages/game-core/src/__tests__/eventCapParity.test.ts [2m([22m[2m4 tests[22m[2m)[22m[32m 114[2mms[22m[39m
 [32m✓[39m apps/realtime/src/__tests__/raceLifecycle.test.ts [2m([22m[2m8 tests[22m[2m)[22m[32m 9[2mms[22m[39m
 [32m✓[39m apps/web/lib/__tests__/partyService.test.ts [2m([22m[2m6 tests[22m[2m)[22m[32m 20[2mms[22m[39m
 [32m✓[39m apps/web/lib/__tests__/shopService.test.ts [2m([22m[2m7 tests[22m[2m)[22m[32m 14[2mms[22m[39m
 [32m✓[39m packages/game-core/src/__tests__/betaRelease.test.ts [2m([22m[2m7 tests[22m[2m)[22m[32m 7[2mms[22m[39m
 [32m✓[39m apps/web/lib/__tests__/buildWiring.test.ts [2m([22m[2m8 tests[22m[2m)[22m[32m 13[2mms[22m[39m
 [32m✓[39m packages/game-core/src/__tests__/biomeVelocityBound.test.ts [2m([22m[2m5 tests[22m[2m)[22m[32m 9[2mms[22m[39m
 [32m✓[39m packages/game-core/src/__tests__/hazards.test.ts [2m([22m[2m6 tests[22m[2m)[22m[32m 59[2mms[22m[39m
 [32m✓[39m packages/contracts/src/__tests__/schemas.test.ts [2m([22m[2m10 tests[22m[2m)[22m[32m 17[2mms[22m[39m
 [32m✓[39m apps/realtime/src/__tests__/entrypoint.test.ts [2m([22m[2m2 tests[22m[2m)[22m[33m 635[2mms[22m[39m
 [32m✓[39m apps/web/lib/__tests__/browserCapabilities.test.ts [2m([22m[2m5 tests[22m[2m)[22m[32m 7[2mms[22m[39m
 [32m✓[39m packages/game-core/src/__tests__/rideFeel.test.ts [2m([22m[2m6 tests[22m[2m)[22m[32m 39[2mms[22m[39m
 [32m✓[39m packages/game-core/src/__tests__/goldenRun.test.ts [2m([22m[2m3 tests[22m[2m)[22m[32m 7[2mms[22m[39m
 [32m✓[39m apps/web/lib/__tests__/accountData.test.ts [2m([22m[2m6 tests[22m[2m)[22m[32m 7[2mms[22m[39m
 [32m✓[39m packages/contracts/src/__tests__/noAudioOutput.test.ts [2m([22m[2m3 tests[22m[2m)[22m[32m 11[2mms[22m[39m
 [32m✓[39m apps/realtime/src/__tests__/telemetryMatrix.test.ts [2m([22m[2m3 tests[22m[2m)[22m[32m 18[2mms[22m[39m
 [32m✓[39m packages/game-core/src/__tests__/launchReadiness.test.ts [2m([22m[2m5 tests[22m[2m)[22m[32m 7[2mms[22m[39m
 [32m✓[39m packages/game-core/src/__tests__/headingContract.test.ts [2m([22m[2m6 tests[22m[2m)[22m[32m 22[2mms[22m[39m
 [32m✓[39m apps/web/lib/__tests__/authenticatedSocket.test.ts [2m([22m[2m7 tests[22m[2m)[22m[32m 8[2mms[22m[39m
 [32m✓[39m packages/game-core/src/__tests__/runBiomeContract.test.ts [2m([22m[2m4 tests[22m[2m)[22m[32m 10[2mms[22m[39m
 [32m✓[39m packages/game-core/src/__tests__/mechanics.test.ts [2m([22m[2m5 tests[22m[2m)[22m[32m 28[2mms[22m[39m
 [32m✓[39m packages/game-core/src/__tests__/bootLifecycle.test.ts [2m([22m[2m7 tests[22m[2m)[22m[32m 8[2mms[22m[39m
 [32m✓[39m packages/game-core/src/__tests__/economyConcurrency.test.ts [2m([22m[2m4 tests[22m[2m)[22m[32m 6[2mms[22m[39m
 [32m✓[39m apps/realtime/src/__tests__/liveops.test.ts [2m([22m[2m5 tests[22m[2m)[22m[32m 7[2mms[22m[39m
 [32m✓[39m packages/game-core/src/__tests__/spinGhostValidity.test.ts [2m([22m[2m4 tests[22m[2m)[22m[32m 20[2mms[22m[39m
 [32m✓[39m packages/game-core/src/__tests__/scoring.crossRuntime.test.ts [2m([22m[2m1 test[22m[2m)[22m[32m 136[2mms[22m[39m
 [32m✓[39m apps/web/components/shop/__tests__/ShopPanel.test.tsx [2m([22m[2m8 tests[22m[2m)[22m[32m 72[2mms[22m[39m
 [32m✓[39m packages/game-core/src/__tests__/equipment.test.ts [2m([22m[2m3 tests[22m[2m)[22m[32m 14[2mms[22m[39m
 [32m✓[39m packages/game-core/src/__tests__/challengeScheduler.test.ts [2m([22m[2m4 tests[22m[2m)[22m[32m 8[2mms[22m[39m
 [32m✓[39m apps/web/components/settings/__tests__/SettingsPanel.test.tsx [2m([22m[2m7 tests[22m[2m)[22m[32m 15[2mms[22m[39m
 [32m✓[39m packages/game-core/src/__tests__/sceneTextures.test.ts [2m([22m[2m3 tests[22m[2m)[22m[32m 7[2mms[22m[39m
 [32m✓[39m tests/ledger-format.test.ts [2m([22m[2m5 tests[22m[2m)[22m[32m 6[2mms[22m[39m
 [32m✓[39m apps/web/lib/__tests__/achievements.test.ts [2m([22m[2m4 tests[22m[2m)[22m[32m 6[2mms[22m[39m
 [32m✓[39m apps/web/components/game/__tests__/HUD.test.tsx [2m([22m[2m5 tests[22m[2m)[22m[32m 24[2mms[22m[39m
 [32m✓[39m apps/web/lib/__tests__/supabaseBindingGuard.test.ts [2m([22m[2m1 test[22m[2m)[22m[32m 6[2mms[22m[39m
 [32m✓[39m apps/web/lib/__tests__/perfReporter.test.ts [2m([22m[2m3 tests[22m[2m)[22m[32m 27[2mms[22m[39m
 [32m✓[39m packages/game-core/src/__tests__/creatorDiscovery.test.ts [2m([22m[2m4 tests[22m[2m)[22m[32m 5[2mms[22m[39m
 [32m✓[39m apps/realtime/src/__tests__/rateLimit.test.ts [2m([22m[2m6 tests[22m[2m)[22m[32m 6[2mms[22m[39m
 [32m✓[39m apps/web/lib/__tests__/ariaLiveAnnouncer.test.ts [2m([22m[2m4 tests[22m[2m)[22m[32m 19[2mms[22m[39m
 [32m✓[39m packages/game-core/src/__tests__/input.test.ts [2m([22m[2m5 tests[22m[2m)[22m[32m 9[2mms[22m[39m
 [32m✓[39m apps/web/lib/__tests__/submissionQueue.test.ts [2m([22m[2m5 tests[22m[2m)[22m[32m 13[2mms[22m[39m
 [32m✓[39m packages/game-core/src/__tests__/browserGate.test.ts [2m([22m[2m5 tests[22m[2m)[22m[32m 13[2mms[22m[39m
 [32m✓[39m apps/realtime/src/__tests__/otel.test.ts [2m([22m[2m2 tests[22m[2m)[22m[32m 34[2mms[22m[39m
 [32m✓[39m apps/web/lib/__tests__/loadoutService.test.ts [2m([22m[2m4 tests[22m[2m)[22m[32m 7[2mms[22m[39m
 [32m✓[39m apps/web/lib/__tests__/passService.test.ts [2m([22m[2m4 tests[22m[2m)[22m[32m 10[2mms[22m[39m
 [32m✓[39m apps/web/components/system/__tests__/BrowserGate.test.tsx [2m([22m[2m4 tests[22m[2m)[22m[32m 15[2mms[22m[39m
 [32m✓[39m apps/realtime/src/__tests__/rooms.test.ts [2m([22m[2m5 tests[22m[2m)[22m[32m 9[2mms[22m[39m
 [32m✓[39m apps/web/lib/__tests__/rivalService.test.ts [2m([22m[2m4 tests[22m[2m)[22m[32m 8[2mms[22m[39m
 [32m✓[39m apps/web/lib/__tests__/challengeService.test.ts [2m([22m[2m4 tests[22m[2m)[22m[32m 10[2mms[22m[39m
 [32m✓[39m apps/web/lib/__tests__/purchaseA11y.test.ts [2m([22m[2m3 tests[22m[2m)[22m[32m 10[2mms[22m[39m
 [32m✓[39m apps/web/lib/__tests__/notificationAnnouncer.test.ts [2m([22m[2m5 tests[22m[2m)[22m[32m 13[2mms[22m[39m
 [32m✓[39m apps/web/lib/__tests__/useFocusTrap.test.tsx [2m([22m[2m3 tests[22m[2m)[22m[32m 89[2mms[22m[39m
 [32m✓[39m packages/game-core/src/__tests__/runIntegrityFinish.test.ts [2m([22m[2m3 tests[22m[2m)[22m[32m 13[2mms[22m[39m
 [32m✓[39m packages/game-core/src/__tests__/economySimulation.test.ts [2m([22m[2m4 tests[22m[2m)[22m[32m 20[2mms[22m[39m
 [32m✓[39m packages/game-core/src/__tests__/disciplines.test.ts [2m([22m[2m12 tests[22m[2m)[22m[32m 86[2mms[22m[39m
 [32m✓[39m packages/game-core/src/__tests__/difficultyBands.test.ts [2m([22m[2m4 tests[22m[2m)[22m[32m 9[2mms[22m[39m
 [32m✓[39m apps/web/lib/__tests__/progressionService.test.ts [2m([22m[2m3 tests[22m[2m)[22m[32m 14[2mms[22m[39m
 [32m✓[39m packages/game-core/src/__tests__/ramps.test.ts [2m([22m[2m5 tests[22m[2m)[22m[32m 13[2mms[22m[39m
 [32m✓[39m packages/game-core/src/__tests__/pass.test.ts [2m([22m[2m3 tests[22m[2m)[22m[32m 15[2mms[22m[39m
 [32m✓[39m packages/game-core/src/__tests__/contentActivation.test.ts [2m([22m[2m3 tests[22m[2m)[22m[32m 10[2mms[22m[39m
 [32m✓[39m apps/realtime/src/__tests__/perfAggregator.test.ts [2m([22m[2m2 tests[22m[2m)[22m[32m 41[2mms[22m[39m
 [32m✓[39m packages/contracts/src/__tests__/noUserText.test.ts [2m([22m[2m2 tests[22m[2m)[22m[32m 12[2mms[22m[39m
 [32m✓[39m apps/web/components/admin/__tests__/AdminPage.test.tsx [2m([22m[2m3 tests[22m[2m)[22m[32m 6[2mms[22m[39m
 [32m✓[39m apps/web/lib/__tests__/uiSystem.test.ts [2m([22m[2m4 tests[22m[2m)[22m[32m 10[2mms[22m[39m
 [32m✓[39m packages/game-core/src/__tests__/perfBudgets.test.ts [2m([22m[2m3 tests[22m[2m)[22m[32m 14[2mms[22m[39m
 [32m✓[39m apps/web/lib/__tests__/stylePreference.test.ts [2m([22m[2m5 tests[22m[2m)[22m[32m 12[2mms[22m[39m
 [32m✓[39m packages/game-core/src/__tests__/dataExport.test.ts [2m([22m[2m3 tests[22m[2m)[22m[32m 8[2mms[22m[39m
 [32m✓[39m apps/web/lib/__tests__/motionPreference.test.ts [2m([22m[2m4 tests[22m[2m)[22m[32m 11[2mms[22m[39m
 [32m✓[39m packages/game-core/src/__tests__/contentA11y.test.ts [2m([22m[2m3 tests[22m[2m)[22m[32m 11[2mms[22m[39m
 [32m✓[39m apps/web/lib/__tests__/optimisticShop.test.ts [2m([22m[2m3 tests[22m[2m)[22m[32m 8[2mms[22m[39m
 [32m✓[39m packages/game-core/src/__tests__/deviceMatrix.test.ts [2m([22m[2m4 tests[22m[2m)[22m[32m 6[2mms[22m[39m
 [32m✓[39m apps/web/lib/__tests__/supabaseBindingAstGuard.test.ts [2m([22m[2m2 tests[22m[2m)[22m[33m 2537[2mms[22m[39m
   [32m✓[39m no detached supabase.rpc (AST guard, supplements regex guard) [2m(2)[22m
     [33m[2m✓[22m[39m flags no detached supabase.rpc in production service code[33m 1643[2mms[22m[39m
     [33m[2m✓[22m[39m self-test still catches a detached supabase.rpc[33m 883[2mms[22m[39m
 [32m✓[39m apps/realtime/src/__tests__/notificationService.test.ts [2m([22m[2m4 tests[22m[2m)[22m[32m 5[2mms[22m[39m
 [32m✓[39m packages/game-core/src/__tests__/perfAggregate.test.ts [2m([22m[2m3 tests[22m[2m)[22m[32m 6[2mms[22m[39m
 [32m✓[39m packages/game-core/src/__tests__/perfMeasure.test.ts [2m([22m[2m4 tests[22m[2m)[22m[32m 120[2mms[22m[39m
 [32m✓[39m packages/game-core/src/__tests__/inputRemap.test.ts [2m([22m[2m4 tests[22m[2m)[22m[32m 7[2mms[22m[39m
 [32m✓[39m apps/realtime/src/__tests__/auth.test.ts [2m([22m[2m4 tests[22m[2m)[22m[32m 12[2mms[22m[39m
 [32m✓[39m apps/web/lib/__tests__/sfx.test.ts [2m([22m[2m3 tests[22m[2m)[22m[32m 15[2mms[22m[39m
 [32m✓[39m apps/web/lib/__tests__/sparkline.test.ts [2m([22m[2m3 tests[22m[2m)[22m[32m 8[2mms[22m[39m
 [32m✓[39m apps/web/components/account/__tests__/AccountPanel.test.tsx [2m([22m[2m4 tests[22m[2m)[22m[32m 10[2mms[22m[39m
 [32m✓[39m packages/game-core/src/__tests__/progression.test.ts [2m([22m[2m3 tests[22m[2m)[22m[32m 5[2mms[22m[39m
 [32m✓[39m apps/web/lib/__tests__/qualityPreference.test.ts [2m([22m[2m3 tests[22m[2m)[22m[32m 7[2mms[22m[39m
 [32m✓[39m packages/game-core/src/__tests__/gamepadInput.test.ts [2m([22m[2m3 tests[22m[2m)[22m[32m 7[2mms[22m[39m
 [32m✓[39m apps/web/components/creator/__tests__/CourseEditor.test.tsx [2m([22m[2m3 tests[22m[2m)[22m[32m 6[2mms[22m[39m
 [32m✓[39m apps/web/components/game/__tests__/CourseMinimap.test.tsx [2m([22m[2m2 tests[22m[2m)[22m[32m 12[2mms[22m[39m
 [32m✓[39m apps/web/lib/__tests__/i18n.test.ts [2m([22m[2m3 tests[22m[2m)[22m[32m 6[2mms[22m[39m
 [32m✓[39m apps/web/components/privacy/__tests__/PrivacyPanel.test.tsx [2m([22m[2m3 tests[22m[2m)[22m[32m 5[2mms[22m[39m
 [32m✓[39m apps/web/components/game/__tests__/LeaderboardPanel.test.tsx [2m([22m[2m2 tests[22m[2m)[22m[32m 6[2mms[22m[39m
 [32m✓[39m apps/web/components/game/__tests__/GameLobby.test.tsx [2m([22m[2m2 tests[22m[2m)[22m[32m 9[2mms[22m[39m
 [32m✓[39m apps/web/components/pass/__tests__/PassPanel.test.tsx [2m([22m[2m1 test[22m[2m)[22m[32m 12[2mms[22m[39m
 [32m✓[39m apps/web/components/social/__tests__/SocialPanel.test.tsx [2m([22m[2m1 test[22m[2m)[22m[32m 28[2mms[22m[39m
 [32m✓[39m apps/web/components/progress/__tests__/ProgressionPanel.test.tsx [2m([22m[2m1 test[22m[2m)[22m[32m 10[2mms[22m[39m
 [32m✓[39m apps/web/components/challenges/__tests__/ChallengePanel.test.tsx [2m([22m[2m1 test[22m[2m)[22m[32m 10[2mms[22m[39m
 [32m✓[39m apps/web/lib/__tests__/music.test.ts [2m([22m[2m1 test[22m[2m)[22m[32m 5[2mms[22m[39m
 [32m✓[39m apps/web/components/party/__tests__/PartyPanel.test.tsx [2m([22m[2m1 test[22m[2m)[22m[32m 10[2mms[22m[39m

[2m Test Files [22m [1m[32m132 passed[39m[22m[90m (132)[39m
[2m      Tests [22m [1m[32m876 passed[39m[22m[90m (876)[39m
[2m   Start at [22m 07:43:02
[2m   Duration [22m 23.84s[2m (environment 41%, tests 21%, import 16%, transform 13%, setup 6%, worker 3%)[22m

[2m    Isolate [22m [33m132 workers spawned[39m[2m · ~317ms startup each (spawn + environment, per file)[22m
[2m            [22m [2mat least ~13.63s faster with [22m[33misolate: false[39m[2m — reuses workers across files instead of one per file[22m

test_exit=0

## npx vitest run apps/realtime/src/__tests__/apiContract.test.ts

[1m[30m[46m RUN [49m[39m[22m [36mv5.0.0 [39m[90m/srv/work/snowride-ps-u01[39m

 [32m✓[39m apps/realtime/src/__tests__/apiContract.test.ts [2m([22m[2m3 tests[22m[2m)[22m[32m 9[2mms[22m[39m

[2m Test Files [22m [1m[32m1 passed[39m[22m[90m (1)[39m
[2m      Tests [22m [1m[32m3 passed[39m[22m[90m (3)[39m
[2m   Start at [22m 07:43:26
[2m   Duration [22m 387ms[2m (transform 62%, setup 14%, import 14%, worker 5%, tests 4%)[22m

api_contract_test_exit=0

## npx vitest run apps/realtime/src/__tests__/server.integration.test.ts (targeted API surface)

[1m[30m[46m RUN [49m[39m[22m [36mv5.0.0 [39m[90m/srv/work/snowride-ps-u01[39m

 [32m✓[39m apps/realtime/src/__tests__/server.integration.test.ts [2m([22m[2m135 tests[22m[2m)[22m[33m 44092[2mms[22m[39m
   [32m✓[39m protocol authorization [2m(12)[22m
     [33m[2m✓[22m[39m fails closed when the durable claim cannot be established[33m 361[2mms[22m[39m
   [32m✓[39m server-observed control stream (review B/H9) [2m(6)[22m
     [33m[2m✓[22m[39m shadow-accepts a session that matches the observed controls[33m 3055[2mms[22m[39m
     [33m[2m✓[22m[39m shadow-reports a forged session without changing the verdict[33m 3061[2mms[22m[39m
     [33m[2m✓[22m[39m enforce rejects a session that disagrees with the observation[33m 3055[2mms[22m[39m
     [33m[2m✓[22m[39m forces contact-room sessions to practice (review M2)[33m 3068[2mms[22m[39m
   [32m✓[39m P7-G13 backpressure and overload [2m(2)[22m
     [33m[2m✓[22m[39m caps ping floods with rate_limited errors and the server stays responsive[33m 509[2mms[22m[39m
   [32m✓[39m server-authoritative live simulation (P8) [2m(10)[22m
     [33m[2m✓[22m[39m delivers identical server-derived snapshots to both members[33m 407[2mms[22m[39m
     [33m[2m✓[22m[39m accepted movement becomes a steering target: snapshot x moves toward it[33m 1258[2mms[22m[39m
     [33m[2m✓[22m[39m player:control with brake slows the descent to ~40%[33m 1157[2mms[22m[39m
     [33m[2m✓[22m[39m contact mode practice: separate population, contacts counted, metrics exposed[33m 413[2mms[22m[39m
     [33m[2m✓[22m[39m stops the 30Hz interval after all members disconnect[33m 1057[2mms[22m[39m
     [33m[2m✓[22m[39m v2: a live room snapshot marks the rider airborne off a ramp[33m 1917[2mms[22m[39m
   [32m✓[39m Phase 9 avalanche mode (P9-G12/G13/G14) [2m(3)[22m
     [33m[2m✓[22m[39m mode off (default): zero avalanche behavior (existing behavior unchanged)[33m 1259[2mms[22m[39m
     [33m[2m✓[22m[39m mode live: the predeclared trigger broadcasts room:avalanche and counts a server-side hit[33m 15335[2mms[22m[39m
   [32m✓[39m product surface (P13-G06/G11/G12, P11-G05, P23-G04, P25-G01/G03/G07) [2m(5)[22m
     [33m[2m✓[22m[39m P23-G04: /content/discover serves governed discovery with bands and labels[33m 317[2mms[22m[39m
   [32m✓[39m P10-G09 disconnect policy [2m(1)[22m
     [33m[2m✓[22m[39m releases the room seat, counts the disconnect, and re-joins fresh[33m 1034[2mms[22m[39m

[2m Test Files [22m [1m[32m1 passed[39m[22m[90m (1)[39m
[2m      Tests [22m [1m[32m135 passed[39m[22m[90m (135)[39m
[2m   Start at [22m 07:43:27
[2m   Duration [22m 45.70s[2m (tests 97%, transform 2%, import 1%)[22m

server_integration_exit=0

## gitleaks detect --no-git --redact --source <changed files>
gitleaks_test_exit=0
gitleaks_docs_exit=0

## git status --short (should be clean apart from node_modules-free tree)
git_status_exit=0

----- STDERR -----
npm warn EBADENGINE Unsupported engine {
npm warn EBADENGINE   package: '@puppeteer/browsers@3.2.2',
npm warn EBADENGINE   required: { node: '>=22.12.0' },
npm warn EBADENGINE   current: { node: 'v20.20.2', npm: '10.8.2' }
npm warn EBADENGINE }
npm warn EBADENGINE Unsupported engine {
npm warn EBADENGINE   package: '@supabase/auth-js@2.116.0',
npm warn EBADENGINE   required: { node: '>=22.0.0' },
npm warn EBADENGINE   current: { node: 'v20.20.2', npm: '10.8.2' }
npm warn EBADENGINE }
npm warn EBADENGINE Unsupported engine {
npm warn EBADENGINE   package: '@supabase/functions-js@2.116.0',
npm warn EBADENGINE   required: { node: '>=22.0.0' },
npm warn EBADENGINE   current: { node: 'v20.20.2', npm: '10.8.2' }
npm warn EBADENGINE }
npm warn EBADENGINE Unsupported engine {
npm warn EBADENGINE   package: '@supabase/postgrest-js@2.116.0',
npm warn EBADENGINE   required: { node: '>=22.0.0' },
npm warn EBADENGINE   current: { node: 'v20.20.2', npm: '10.8.2' }
npm warn EBADENGINE }
npm warn EBADENGINE Unsupported engine {
npm warn EBADENGINE   package: '@supabase/realtime-js@2.116.0',
npm warn EBADENGINE   required: { node: '>=22.0.0' },
npm warn EBADENGINE   current: { node: 'v20.20.2', npm: '10.8.2' }
npm warn EBADENGINE }
npm warn EBADENGINE Unsupported engine {
npm warn EBADENGINE   package: '@supabase/storage-js@2.116.0',
npm warn EBADENGINE   required: { node: '>=22.0.0' },
npm warn EBADENGINE   current: { node: 'v20.20.2', npm: '10.8.2' }
npm warn EBADENGINE }
npm warn EBADENGINE Unsupported engine {
npm warn EBADENGINE   package: '@supabase/supabase-js@2.116.0',
npm warn EBADENGINE   required: { node: '>=22.0.0' },
npm warn EBADENGINE   current: { node: 'v20.20.2', npm: '10.8.2' }
npm warn EBADENGINE }
npm warn EBADENGINE Unsupported engine {
npm warn EBADENGINE   package: 'puppeteer@25.10.0',
npm warn EBADENGINE   required: { node: '>=22.12.0' },
npm warn EBADENGINE   current: { node: 'v20.20.2', npm: '10.8.2' }
npm warn EBADENGINE }
npm warn EBADENGINE Unsupported engine {
npm warn EBADENGINE   package: 'puppeteer-core@25.10.0',
npm warn EBADENGINE   required: { node: '>=22.12.0' },
npm warn EBADENGINE   current: { node: 'v20.20.2', npm: '10.8.2' }
npm warn EBADENGINE }
npm warn EBADENGINE Unsupported engine {
npm warn EBADENGINE   package: 'vitest@5.0.0',
npm warn EBADENGINE   required: { node: '^22.12.0 || ^24.0.0 || >=26.0.0' },
npm warn EBADENGINE   current: { node: 'v20.20.2', npm: '10.8.2' }
npm warn EBADENGINE }
npm warn deprecated prebuild-install@7.1.3: No longer maintained. Please contact the author of the relevant native addon; alternatives are available.
npm warn deprecated glob@10.5.0: Old versions of glob are not supported, and contain widely publicized security vulnerabilities, which have been fixed in the current version. Please update. Support for old versions may be purchased (at exorbitant rates) by contacting i@izs.me
[90mstderr[2m | apps/realtime/src/__tests__/replayStore.test.ts
[22m[39m⚠️  Node.js 20 and below are deprecated and will no longer be supported in future versions of @supabase/supabase-js. Please upgrade to Node.js 22 or later. For more information, visit: https://github.com/orgs/supabase/discussions/45715

[90mstderr[2m | apps/realtime/src/__tests__/networklab.test.ts
[22m[39m⚠️  Node.js 20 and below are deprecated and will no longer be supported in future versions of @supabase/supabase-js. Please upgrade to Node.js 22 or later. For more information, visit: https://github.com/orgs/supabase/discussions/45715

[90mstderr[2m | apps/realtime/src/__tests__/metrics.test.ts
[22m[39m⚠️  Node.js 20 and below are deprecated and will no longer be supported in future versions of @supabase/supabase-js. Please upgrade to Node.js 22 or later. For more information, visit: https://github.com/orgs/supabase/discussions/45715

[90mstderr[2m | apps/realtime/src/__tests__/social.test.ts
[22m[39m⚠️  Node.js 20 and below are deprecated and will no longer be supported in future versions of @supabase/supabase-js. Please upgrade to Node.js 22 or later. For more information, visit: https://github.com/orgs/supabase/discussions/45715

[90mstderr[2m | apps/realtime/src/__tests__/backpressure.test.ts
[22m[39m⚠️  Node.js 20 and below are deprecated and will no longer be supported in future versions of @supabase/supabase-js. Please upgrade to Node.js 22 or later. For more information, visit: https://github.com/orgs/supabase/discussions/45715

⚠️  Node.js 20 and below are deprecated and will no longer be supported in future versions of @supabase/supabase-js. Please upgrade to Node.js 22 or later. For more information, visit: https://github.com/orgs/supabase/discussions/45715
[90mstderr[2m | apps/realtime/src/__tests__/otel.test.ts
[22m[39m⚠️  Node.js 20 and below are deprecated and will no longer be supported in future versions of @supabase/supabase-js. Please upgrade to Node.js 22 or later. For more information, visit: https://github.com/orgs/supabase/discussions/45715

[90mstderr[2m | apps/realtime/src/__tests__/server.integration.test.ts
[22m[39m⚠️  Node.js 20 and below are deprecated and will no longer be supported in future versions of @supabase/supabase-js. Please upgrade to Node.js 22 or later. For more information, visit: https://github.com/orgs/supabase/discussions/45715


    ○
    │╲
    │ ○
    ○ ░
    ░    gitleaks

[90m7:44AM[0m [32mINF[0m [1mscanned ~4494 bytes (4.49 KB) in 782ms[0m
[90m7:44AM[0m [32mINF[0m [1mno leaks found[0m

    ○
    │╲
    │ ○
    ○ ░
    ░    gitleaks

[90m7:44AM[0m [32mINF[0m [1mscanned ~9045 bytes (9.05 KB) in 643ms[0m
[90m7:44AM[0m [32mINF[0m [1mno leaks found[0m

[exit=0 duration=119.3s cwd=/srv/work]
