== PATCH-1 verification (ARCH-P1-002) ==
host:   ci-runner
branch: remediation/patch-01-20261003-0018-fix-backup-abort-markers-20b5e57
head:   7a67d90
dirty:  0 path(s)

$ FALCON_EVIDENCE_OPTIONAL=1 python3 ci/validate.py
PASS  yaml/json parse
PASS  compose image pinning
PASS  compose digest cross-check
PASS  shell syntax (600 scripts)
PASS  shellcheck (172 scripts)
PASS  credential sourcing (no script sources the owner .env)
PASS  gate ledger (102 gates)
PASS  evidence integrity (0 captures, 1127 external skipped in CI)
PASS  evidence index cross-check
PASS  license gate
PASS  secret scan
PASS  edge pin (skipped: edge delivery not present)
PASS  shell tests: automation/validation/tests/abort_marker_test.sh (0.2s)
PASS  shell tests: automation/validation/tests/alert_canary_test.sh (0.2s)
PASS  shell tests: automation/validation/tests/alert_expression_bool_test.sh (0.0s)
PASS  shell tests: automation/validation/tests/audit_run_lifecycle_test.sh (0.8s)
PASS  shell tests: automation/validation/tests/audit_run_scanner_test.sh (0.1s)
PASS  shell tests: automation/validation/tests/compose_cap_drop_test.sh (0.1s)
PASS  shell tests: automation/validation/tests/compose_digest_check_test.sh (0.4s)
PASS  shell tests: automation/validation/tests/digest_binding_check_test.sh (0.1s)
PASS  shell tests: automation/validation/tests/digest_verdict_consistency_test.sh (0.1s)
PASS  shell tests: automation/validation/tests/edge_cleanup_pinned_test.sh (0.1s)
PASS  shell tests: automation/validation/tests/edge_spool_metrics_test.sh (0.2s)
PASS  shell tests: automation/validation/tests/env_secret_isolation_test.sh (0.2s)
PASS  shell tests: automation/validation/tests/evidence_index_check_test.sh (0.4s)
PASS  shell tests: automation/validation/tests/feed_rate_deviation_check_test.sh (0.3s)
PASS  shell tests: automation/validation/tests/grafana_state_regression.sh (0.0s)
PASS  shell tests: automation/validation/tests/ism_retention_metrics_test.sh (0.2s)
PASS  shell tests: automation/validation/tests/mapping_drift_check_test.sh (0.3s)
PASS  shell tests: automation/validation/tests/offsite_backup_reuse_test.sh (2.0s)
PASS  shell tests: automation/validation/tests/offsite_upload_delta_test.sh (1.4s)
PASS  shell tests: automation/validation/tests/owner_env_validator_test.sh (0.5s)
PASS  shell tests: automation/validation/tests/pair_state_check_test.sh (0.3s)
PASS  shell tests: automation/validation/tests/publish_digest_aggregate_test.sh (0.1s)
PASS  shell tests: automation/validation/tests/r2_cold_tier_setup_test.sh (0.5s)
PASS  shell tests: automation/validation/tests/readme_ledger_drift_test.sh (0.0s)
PASS  shell tests: automation/validation/tests/remediation_guards_test.sh (0.0s)
PASS  shell tests: automation/validation/tests/rotation_status_test.sh (0.2s)
PASS  shell tests: automation/validation/tests/sbom_coverage_and_hashes_test.sh (0.4s)
PASS  shell tests: automation/validation/tests/secret_scan_test.sh (0.5s)
PASS  shell tests: automation/validation/tests/validate_gate_test.sh (0.3s)
PASS  shell tests: automation/validation/tests/wazuh_indexer_backup_test.sh (0.4s)
PASS  shell tests (30 suite(s))

validation_failures=0
VALIDATE_EXIT=0

$ bash automation/validation/tests/abort_marker_test.sh
2026-10-03T11:56:54Z [bootstrap] source: falcon-build@7a67d90 dirty=0
2026-10-03T11:56:54Z [bootstrap] aborted; wrote marker /tmp/abort-marker-bEdJH3/regression.aborted (next run will re-verify)
2026-10-03T11:56:54Z [bootstrap] source: falcon-build@7a67d90 dirty=0
2026-10-03T11:56:54Z [bootstrap] source: falcon-build@7a67d90 dirty=0
2026-10-03T11:56:54Z [bootstrap] incomplete run (rc=1); wrote marker /tmp/abort-marker-bEdJH3/failure-exit.aborted (next run will re-verify)
2026-10-03T11:56:54Z [bootstrap] source: falcon-build@7a67d90 dirty=0
PASS abort_marker
ABORT_TEST_EXIT=0

$ shellcheck --severity=warning bootstrap/lib.sh bootstrap/85-backup-job.sh automation/validation/tests/abort_marker_test.sh
SHELLCHECK_EXIT=0

$ gitleaks detect --no-git --redact --source .
    Γùï
    ΓöéΓò▓
    Γöé Γùï
    Γùï Γûæ
    Γûæ    gitleaks

[90m11:56AM[0m [32mINF[0m [1mscanned ~4684562 bytes (4.68 MB) in 673ms[0m
[90m11:56AM[0m [32mINF[0m [1mno leaks found[0m
GITLEAKS_EXIT=0
