REMEDIATION PS-007 verify.log
REPO: falcon-edge   BASE: main (f5811d1)   BRANCH: remediation/ps-007-20261003-0018-fix-trust-root-87532ec
COMMIT: 48885ee73b0713c08e9776df135627194d950f67   SOURCE: git archive --format=tar.gz HEAD (preserves modes/LF)
RUNNER: edge-builder VM 201 (http://172.23.128.52:8722), Ubuntu 24.04, Python 3.12.3, pytest 7.4.4, gitleaks 8.30.1

===== TESTS (patch-set suites) =====
COMMAND: python3 -m pytest -q tests/phase2 tests/phase3
EXIT: 0

........................................................................ [ 54%]
...........................................................              [100%]
131 passed in 70.84s (0:01:10)
[exit=0 duration=71.2s cwd=/srv/work/falcon-edge]

===== TESTS (store lifecycle focus) =====
COMMAND: python3 -m pytest -q tests/phase2/test_store_lifecycle.py
EXIT: 0

........                                                                 [100%]
8 passed in 2.64s
[exit=0 duration=2.9s cwd=/srv/work/falcon-edge]

===== REPO GATE =====
COMMAND: bash ci/validate.sh
EXIT: 0

== json/yaml parse ==
PASS json/yaml parse
== openapi lint ==
PASS  openapi lint: 19 paths, 19 operations, 30 schemas
== generated models ==
PASS  generated models in sync with the contract
== exported schemas ==
PASS  exported schemas in sync (30 files)
== decision register ==
NOTE  additional areas present: active_discovery, monitoring_scope_details
PASS  decision register valid: 21 decisions, all required areas covered
== gate ledger ==
PASS  gate ledger (88 gates, semantics + round-trip)
== evidence integrity ==
WARN  raw artifact without metadata (possibly an in-progress capture): evidence/raw/P7-G05/qemu-drill-20261001T063831Z/results.txt
PASS  evidence integrity: 474 captures verified, 1 in-progress/orphan artifact(s) warned
== evidence index sync ==
evidence_index: 474 entries; integrity_failures=0
evidence index check: OK (474 entries; tracked index matches rebuild)
== evidence manifest sync ==
manifest check: OK (949 entries verified)
== evidence size budget ==
PASS  evidence size: 950 files, 2.5 MiB (budget 2500 files / 50 MiB)
== license gate ==
WARN   bcc 0.29.1: no license metadata
NOTE   certifi 2023.11.17: MPL-2.0 (weak copyleft; keep attribution)
OS     chardet 5.2.0: LGPL (apt-managed base OS)
OS     cloud-init 26.1: GPL (apt-managed base OS)
WARN   command-not-found 0.3: no license metadata
WARN   distro-info 1.7+build1: no license metadata
OS     launchpadlib 1.11.0: LGPL (apt-managed base OS)
OS     lazr.restfulclient 0.14.6: LGPL (apt-managed base OS)
OS     lazr.uri 1.0.6: LGPL (apt-managed base OS)
OS     PyGObject 3.48.2: LGPL (apt-managed base OS)
OS     python-apt 2.7.7+ubuntu5.3: GPL (apt-managed base OS)
OS     python-debian 0.1.49+ubuntu2: GPL (apt-managed base OS)
OS     sos 4.11.2: GPL (apt-managed base OS)
OS     ssh-import-id 5.11: GPL (apt-managed base OS)
OS     systemd-python 235: LGPL (apt-managed base OS)
OS     ubuntu-pro-client 8001: GPL (apt-managed base OS)
OS     ufw 0.36.2: GPL (apt-managed base OS)
WARN   unattended-upgrades 0.1: no license metadata
OS     wadllib 1.3.6: LGPL (apt-managed base OS)
WARN   zope.interface 6.1: unrecognised license: ZPL 2.1
license gate: scanned=79 allow=59 allow-note=1 warn=5 deny=0 os-baseline=14
== secret scan ==
PASS  secret scan: 1339 files, no findings

validation: ALL PASS
--- stderr ---
/srv/work/falcon-edge/api/generate_models.py:26: SyntaxWarning: invalid escape sequence '\S'
  HEADER = '''"""Generated by api/generate_models.py from api/openapi/falcon-edge-v1.yaml.
[exit=0 duration=1.9s cwd=/srv/work/falcon-edge]

===== SECRET GATE =====
COMMAND: gitleaks detect --no-git --redact --source . -v
EXIT: 0

--- stderr ---

    ○
    │╲
    │ ○
    ○ ░
    ░    gitleaks

[90m7:37AM[0m [32mINF[0m [1mscanned ~6643599 bytes (6.64 MB) in 52.6s[0m
[90m7:37AM[0m [32mINF[0m [1mno leaks found[0m
[exit=0 duration=52.8s cwd=/srv/work/falcon-edge]

