PATCH-012 verification - mainecybertech - run 20261003-0018-fix-p2-batch-31-2295958d
Findings: SUPPLY-P2-001 (P2), INV-P2-001 (P2), HYG-P3-002 (P3) - license policy + generated-artifact freshness/tracking
Repo: C:\temp\mainecybertech
Base: origin/fix/p2-batch-31 @ 11746adcbea50d313162cea6eb42a59358a17d29
Lab: Proxmox ci-runner (172.23.128.51) via C:\temp\proxmox-vm\scripts\lab-sync.ps1 / lab-run.ps1

--- Reproduction at base (before fix) ---
At base 11746adc: docs/LICENSE_POLICY.md and security/license-policy.json exist, and test.yml runs scripts/license-gate.mjs (SUPPLY-P2-001 enforcement landed previously).
Still open: licenses.json was tracked (b81d53f7) while .gitignore:63 lists it as a generated aggregate (added in bd086426 without 'git rm --cached'), and no CI freshness/untracked gate existed.
Reproduction commands (on base):
  git ls-files licenses.json            -> licenses.json   (tracked)
  git check-ignore --no-index licenses.json -> .gitignore:63:licenses.json (ignored but tracked)
  git grep --check (freshness)          -> only generate-db-types.js --check / sync-review-md.mjs --check; no licenses.json check

=== install dependencies ===
COMMAND: corepack pnpm install --frozen-lockfile
Scope: all 7 workspace projects
Lockfile is up to date, resolution step is skipped
Already up to date

. prepare$ husky
. prepare: Done
Gò¡ Warning GöÇGöÇGöÇGöÇGöÇGöÇGöÇGöÇGöÇGöÇGöÇGöÇGöÇGöÇGöÇGöÇGöÇGöÇGöÇGöÇGöÇGöÇGöÇGöÇGöÇGöÇGöÇGöÇGöÇGöÇGöÇGöÇGöÇGöÇGöÇGöÇGöÇGöÇGöÇGöÇGöÇGöÇGöÇGöÇGöÇGöÇGöÇGöÇGöÇGöÇGöÇGöÇGöÇGöÇGöÇGöÇGöÇGöÇGöÇGöÇGöÇGöÇGöÇGöÇGöÇGöÇGöÇGöÇGöÇGò«
Göé                                                                              Göé
Göé   Ignored build scripts: core-js-pure@3.50.0, esbuild@0.28.2,                Göé
Göé   msgpackr-extract@3.0.4.                                                    Göé
Göé   Run "pnpm approve-builds" to pick which dependencies should be allowed     Göé
Göé   to run scripts.                                                            Göé
Göé                                                                              Göé
Gò¦GöÇGöÇGöÇGöÇGöÇGöÇGöÇGöÇGöÇGöÇGöÇGöÇGöÇGöÇGöÇGöÇGöÇGöÇGöÇGöÇGöÇGöÇGöÇGöÇGöÇGöÇGöÇGöÇGöÇGöÇGöÇGöÇGöÇGöÇGöÇGöÇGöÇGöÇGöÇGöÇGöÇGöÇGöÇGöÇGöÇGöÇGöÇGöÇGöÇGöÇGöÇGöÇGöÇGöÇGöÇGöÇGöÇGöÇGöÇGöÇGöÇGöÇGöÇGöÇGöÇGöÇGöÇGöÇGöÇGöÇGöÇGöÇGöÇGöÇGöÇGöÇGöÇGöÇGò»
Done in 1.8s using pnpm v10.34.3
EXIT: 0

=== docs counts ===
COMMAND: node scripts/check-docs-counts.mjs
docs counts OK
EXIT: 0

=== docs links ===
COMMAND: node scripts/check-docs-links.mjs
docs links OK
EXIT: 0

=== actionlint changed workflow ===
COMMAND: actionlint .github/workflows/test.yml

EXIT: 0

=== license collect + gate (test.yml steps) ===
COMMAND: node scripts/collect-licenses.mjs --out licenses.json && node scripts/license-gate.mjs licenses.json
ssh.exe : wrote licenses.json (1346 packages: 1082 with a license, 1 unknown)
At C:\temp\proxmox-vm\scripts\lab-run.ps1:8 char:1
+ & ssh -i $KeyFile -o StrictHostKeyChecking=no "root@${Target}" "cd $R ...
+ ~~~~~~~~~~~~~~~~~~~~~~~~~~~~~~~~~~~~~~~~~~~~~~~~~~~~~~~~~~~~~~~~~~~~~
    + CategoryInfo          : NotSpecified: (wrote licenses....nse, 1 unknown):String) [], RemoteException
    + FullyQualifiedErrorId : NativeCommandError
 
License gate: 20 distinct license string(s) scanned.

Accepted exceptions in use:
  FSL-1.1-MIT GÇö @sentry/cli-linux-x64@2.58.6 (accepted: Sentry CLI, a build/CI/observability tooling dependency, not linked into or redistributed with the product. FSL is source-available (not OSI) and converts to MIT after its change date. Accepted 2026-10-02; re-evaluate if Sentry CLI becomes part of a shipped artifact.)
  FSL-1.1-MIT GÇö @sentry/cli@2.58.6 (accepted: Sentry CLI, a build/CI/observability tooling dependency, not linked into or redistributed with the product. FSL is source-available (not OSI) and converts to MIT after its change date. Accepted 2026-10-02; re-evaluate if Sentry CLI becomes part of a shipped artifact.)
  LGPL-3.0-or-later GÇö @img/sharp-libvips-linux-x64@1.3.4 (accepted: libvips prebuilt binary pulled in on Linux by sharp@0.35.5, which is reached ONLY through @storybook/nextjs (a root devDependency) - verified with `pnpm why sharp`. No app declares sharp as a runtime dependency (apps/api, apps/web, apps/worker, packages/sdk, packages/ui all have none), and the production Dockerfiles build with `--prod`, which excludes Storybook. So this is a dev/build-time-only LGPL exposure and is never present in a shipped runtime image. LGPL obligations attach to the binary, which we do not modify. Accepted 2026-10-03; re-check if sharp ever becomes a production dependency or is added to a shipped image.)
  MPL-2.0 GÇö axe-core@4.13.0 (accepted: Test-only accessibility checker (axe-core) reached through Playwright/a11y tooling. Weak file-level copyleft: we do not modify or redistribute source files, and it is not present in production images. Accepted 2026-10-02.)
  UNKNOWN GÇö browser-assert@1.2.1 (accepted: browser-assert@1.2.1 declares NO license field at all in its published package.json (verified by reading the installed package), so it is reported as UNKNOWN rather than as a denied license. It is a dev-only transitive dependency of Storybook (@storybook/core, @storybook/builder-webpack5), never present in production images or shipped artifacts. Its repository (socialally/browser-assert) carries no LICENSE file. Accepted 2026-10-02 as a packaging omission, not a policy claim; replace or vendor it if Storybook drops it, and re-check if it ever enters a production path.)

PASS: every resolved package uses an allowed license or a documented exception.
EXIT: 0

=== new guard - artifacts untracked (expected pass) ===
COMMAND: bash /tmp/guard-check.sh
GUARD_PASS: generated artifacts are untracked
EXIT: 0

=== new guard - artifact re-introduced (expected fail/exit 1) ===
COMMAND: git add -f licenses.json; bash /tmp/guard-check.sh; echo guard_exit:$?; git rm --cached licenses.json >/dev/null; echo cleaned_index
GUARD_FAIL: generated artifact(s) are tracked: licenses.json
guard_exit:1
cleaned_index
EXIT: 0

=== gitleaks (changed files: .github/workflows/test.yml, docs/LICENSE_POLICY.md) ===
COMMAND: gitleaks detect --source=/tmp/scan012 --no-git --redact -v
ssh.exe : 
At C:\temp\proxmox-vm\scripts\lab-run.ps1:8 char:1
+ & ssh -i $KeyFile -o StrictHostKeyChecking=no "root@${Target}" "cd $R ...
+ ~~~~~~~~~~~~~~~~~~~~~~~~~~~~~~~~~~~~~~~~~~~~~~~~~~~~~~~~~~~~~~~~~~~~~
    + CategoryInfo          : NotSpecified: (:String) [], RemoteException
    + FullyQualifiedErrorId : NativeCommandError
 
    Gùï
    GöéGò¦
    Göé Gùï
    Gùï Gûæ
    Gûæ    gitleaks

[90m8:01AM[0m [32mINF[0m [1mscanned ~12026 bytes (12.03 KB) in 220ms[0m
[90m8:01AM[0m [32mINF[0m [1mno leaks found[0m
EXIT: 0

NOTE: corepack pnpm --filter api test not run - no application code changed (workflow + docs + untracking a generated aggregate only).
