Scope: all 7 workspace projects
Lockfile is up to date, resolution step is skipped
Progress: resolved 1, reused 0, downloaded 0, added 0
Packages: +1345
++++++++++++++++++++++++++++++++++++++++++++++++++++++++++++++++++++++++++++++++
Progress: resolved 1345, reused 1336, downloaded 0, added 0
Progress: resolved 1345, reused 1338, downloaded 0, added 1344
Progress: resolved 1345, reused 1338, downloaded 0, added 1345, done

devDependencies:
+ @playwright/test 1.61.0
+ @storybook/addon-a11y 8.6.18
+ @storybook/addon-essentials 8.6.18
+ @storybook/addon-interactions 8.6.18
+ @storybook/addon-links 8.6.18
+ @storybook/blocks 8.6.18
+ @storybook/nextjs 8.6.18
+ @storybook/react 8.6.18
+ @storybook/test 8.6.18
+ chromatic 17.8.0
+ eslint 9.39.5
+ husky 9.1.7
+ lint-staged 17.6.0
+ pg 8.23.1
+ pino-pretty 13.1.3
+ prettier 3.9.9
+ prettier-plugin-tailwindcss 0.8.1
+ storybook 8.6.18
+ supabase 2.119.0
+ turbo 2.11.6
+ typescript 5.9.3

. prepare$ husky
. prepare: Done
Γò¡ Warning ΓöÇΓöÇΓöÇΓöÇΓöÇΓöÇΓöÇΓöÇΓöÇΓöÇΓöÇΓöÇΓöÇΓöÇΓöÇΓöÇΓöÇΓöÇΓöÇΓöÇΓöÇΓöÇΓöÇΓöÇΓöÇΓöÇΓöÇΓöÇΓöÇΓöÇΓöÇΓöÇΓöÇΓöÇΓöÇΓöÇΓöÇΓöÇΓöÇΓöÇΓöÇΓöÇΓöÇΓöÇΓöÇΓöÇΓöÇΓöÇΓöÇΓöÇΓöÇΓöÇΓöÇΓöÇΓöÇΓöÇΓöÇΓöÇΓöÇΓöÇΓöÇΓöÇΓöÇΓöÇΓöÇΓöÇΓöÇΓöÇΓöÇΓò«
Γöé                                                                              Γöé
Γöé   Ignored build scripts: core-js-pure@3.50.0, esbuild@0.28.2,                Γöé
Γöé   msgpackr-extract@3.0.4.                                                    Γöé
Γöé   Run "pnpm approve-builds" to pick which dependencies should be allowed     Γöé
Γöé   to run scripts.                                                            Γöé
Γöé                                                                              Γöé
Γò░ΓöÇΓöÇΓöÇΓöÇΓöÇΓöÇΓöÇΓöÇΓöÇΓöÇΓöÇΓöÇΓöÇΓöÇΓöÇΓöÇΓöÇΓöÇΓöÇΓöÇΓöÇΓöÇΓöÇΓöÇΓöÇΓöÇΓöÇΓöÇΓöÇΓöÇΓöÇΓöÇΓöÇΓöÇΓöÇΓöÇΓöÇΓöÇΓöÇΓöÇΓöÇΓöÇΓöÇΓöÇΓöÇΓöÇΓöÇΓöÇΓöÇΓöÇΓöÇΓöÇΓöÇΓöÇΓöÇΓöÇΓöÇΓöÇΓöÇΓöÇΓöÇΓöÇΓöÇΓöÇΓöÇΓöÇΓöÇΓöÇΓöÇΓöÇΓöÇΓöÇΓöÇΓöÇΓöÇΓöÇΓöÇΓöÇΓò»
Done in 4.5s using pnpm v10.34.3
LAB_EXIT=0
