REMEDIATION PS-008 verify.log
REPO: falcon-edge   BASE: main (f5811d1)   BRANCH: remediation/ps-008-20261003-0018-fix-trust-root-87532ec
COMMIT: ca69cf92272cc59cabff334af14bc2dea8f9d00d   SOURCE: git archive --format=tar.gz HEAD (preserves modes/LF)
RUNNER: edge-builder VM 201 (172.23.128.52), Ubuntu 24.04, Python 3.12.3, pytest 7.4.4, gitleaks 8.30.1; promtool not installed (python YAML structural parse used)
FINDINGS: OBS-P2-001 (open: delivery receiver is an owner/monitoring decision), OBS-P2-002 (in-repo half fixed: collector self-health + semantics)

===== PS-008 VERIFY =====
HOST: edge-builder  Linux 6.8.0-142-generic x86_64
DATE: 2026-10-03T07:47:36Z
PYTHON: Python 3.12.3
PYTEST: pytest 7.4.4
GITLEAKS: 8.30.1
PROMTOOL: MISSING
COMMIT: n/a

extracted to /srv/work/falcon-edge-ps008
tracked HEAD archive files: 1355

===== COMMAND: python3 -m pytest -q tests/phase2 tests/phase3 =====
........................................................................ [ 55%]
.........................................................                [100%]
129 passed in 78.09s (0:01:18)
[exit=0]

===== COMMAND: python3 -m pytest -q tests/phase9/test_inventory_metrics.py =====
...                                                                      [100%]
3 passed in 0.17s
[exit=0]

===== COMMAND: python3 -m pytest -q tests/phase8 tests/phase9 =====
...........................                                              [100%]
27 passed in 18.20s
[exit=0]

===== COMMAND: bash ci/validate.sh =====
== json/yaml parse ==
PASS json/yaml parse
== openapi lint ==
PASS  openapi lint: 19 paths, 19 operations, 30 schemas
== generated models ==
/srv/work/falcon-edge-ps008/api/generate_models.py:26: SyntaxWarning: invalid escape sequence '\S'
  HEADER = '''"""Generated by api/generate_models.py from api/openapi/falcon-edge-v1.yaml.
PASS  generated models in sync with the contract
== exported schemas ==
PASS  exported schemas in sync (30 files)
== decision register ==
NOTE  additional areas present: active_discovery, monitoring_scope_details
PASS  decision register valid: 21 decisions, all required areas covered
== gate ledger ==
PASS  gate ledger (88 gates, semantics + round-trip)
== evidence integrity ==
WARN  raw artifact without metadata (possibly an in-progress capture): evidence/raw/P7-G05/qemu-drill-20261001T063831Z/results.txt
PASS  evidence integrity: 474 captures verified, 1 in-progress/orphan artifact(s) warned
== evidence index sync ==
evidence_index: 474 entries; integrity_failures=0
evidence index check: OK (474 entries; tracked index matches rebuild)
== evidence manifest sync ==
manifest check: OK (949 entries verified)
== evidence size budget ==
PASS  evidence size: 950 files, 2.5 MiB (budget 2500 files / 50 MiB)
== license gate ==
WARN   bcc 0.29.1: no license metadata
NOTE   certifi 2023.11.17: MPL-2.0 (weak copyleft; keep attribution)
OS     chardet 5.2.0: LGPL (apt-managed base OS)
OS     cloud-init 26.1: GPL (apt-managed base OS)
WARN   command-not-found 0.3: no license metadata
WARN   distro-info 1.7+build1: no license metadata
OS     launchpadlib 1.11.0: LGPL (apt-managed base OS)
OS     lazr.restfulclient 0.14.6: LGPL (apt-managed base OS)
OS     lazr.uri 1.0.6: LGPL (apt-managed base OS)
OS     PyGObject 3.48.2: LGPL (apt-managed base OS)
OS     python-apt 2.7.7+ubuntu5.3: GPL (apt-managed base OS)
OS     python-debian 0.1.49+ubuntu2: GPL (apt-managed base OS)
OS     sos 4.11.2: GPL (apt-managed base OS)
OS     ssh-import-id 5.11: GPL (apt-managed base OS)
OS     systemd-python 235: LGPL (apt-managed base OS)
OS     ubuntu-pro-client 8001: GPL (apt-managed base OS)
OS     ufw 0.36.2: GPL (apt-managed base OS)
WARN   unattended-upgrades 0.1: no license metadata
OS     wadllib 1.3.6: LGPL (apt-managed base OS)
WARN   zope.interface 6.1: unrecognised license: ZPL 2.1
license gate: scanned=79 allow=59 allow-note=1 warn=5 deny=0 os-baseline=14
== secret scan ==
PASS  secret scan: 1339 files, no findings

validation: ALL PASS
[exit=0]

===== PROMETHEUS RULE VALIDATION =====
promtool not installed; python YAML + structural parse
PASS edge-alerts.yaml: 21 rules, each with alert/expr/for, severity, runbook
inventory rules:
  - EdgeInventoryStale for=30m
  - EdgeInventoryUnreadable for=1h
  - EdgeInventoryExporterDown for=30m
[exit=0]

===== GITLEAKS =====
COMMAND: gitleaks detect --no-git --redact --source . -v

    ○
    │╲
    │ ○
    ○ ░
    ░    gitleaks

[90m7:50AM[0m [32mINF[0m [1mscanned ~6776029 bytes (6.78 MB) in 43.2s[0m
[90m7:50AM[0m [32mINF[0m [1mno leaks found[0m
[exit=0]

===== PS-008 VERIFY DONE =====
