REMEDIATION PS-009 verify.log
REPO: falcon-edge   BASE: main (f5811d1)   BRANCH: remediation/ps-009-20261003-0018-fix-trust-root-87532ec
COMMIT: ca45c69f0910132c1fa66ed5ae35c6eafdf023ec   SOURCE: git archive --format=tar.gz HEAD (preserves modes/LF)
RUNNER: edge-builder VM 201 (172.23.128.52), Ubuntu 24.04, Python 3.12.3, pytest 7.4.4, gitleaks 8.30.1
METHOD: git archive of the committed branch -> scp -> remote script (edge-builder job API has no /sync or /repos)
FINDINGS: SEC-P2-002 (fixed: pinned host keys + fail-closed), HYG-P3-001 (fixed: config-driven sensor list)
BASE CHECK: both reproduce at origin/main f5811d1 -- StrictHostKeyChecking=no and hardcoded SENSORS present
HOST: edge-builder  Linux 6.8.0-142-generic x86_64
DATE: 2026-10-03T07:58:43Z
PYTHON: Python 3.12.3
PYTEST: pytest 7.4.4
GITLEAKS: 8.30.1
PROMTOOL: MISSING

tracked archive files: 1356

===== COMMAND: python3 -m pytest -q tests/phase2 tests/phase3 =====
........................................................................ [ 55%]
.........................................................                [100%]
129 passed in 70.61s (0:01:10)
[exit=0]

===== COMMAND: python3 -m pytest -v tests/phase9/test_inventory_metrics.py =====
============================= test session starts ==============================
platform linux -- Python 3.12.3, pytest-7.4.4, pluggy-1.4.0 -- /usr/bin/python3
cachedir: .pytest_cache
rootdir: /srv/work/falcon-edge-ps009
collecting ... collected 7 items

tests/phase9/test_inventory_metrics.py::TestInventoryMetrics::test_help PASSED [ 14%]
tests/phase9/test_inventory_metrics.py::TestInventoryMetrics::test_local_only_writes_series PASSED [ 28%]
tests/phase9/test_inventory_metrics.py::TestInventoryMetrics::test_missing_known_hosts_fails_closed_without_ssh PASSED [ 42%]
tests/phase9/test_inventory_metrics.py::TestInventoryMetrics::test_pinned_host_key_reads_sensor PASSED [ 57%]
tests/phase9/test_inventory_metrics.py::TestInventoryMetrics::test_sensors_loaded_from_config PASSED [ 71%]
tests/phase9/test_inventory_metrics.py::TestInventoryMetrics::test_ssh_command_pins_host_key PASSED [ 85%]
tests/phase9/test_inventory_metrics.py::TestInventoryMetrics::test_wrong_host_key_fails_closed PASSED [100%]

============================== 7 passed in 0.36s ===============================
[exit=0]

===== COMMAND: python3 -m pytest -q tests/phase9 =====
...................                                                      [100%]
19 passed in 12.31s
[exit=0]

===== COMMAND: bash ci/validate.sh =====
== json/yaml parse ==
PASS json/yaml parse
== openapi lint ==
PASS  openapi lint: 19 paths, 19 operations, 30 schemas
== generated models ==
/srv/work/falcon-edge-ps009/api/generate_models.py:26: SyntaxWarning: invalid escape sequence '\S'
  HEADER = '''"""Generated by api/generate_models.py from api/openapi/falcon-edge-v1.yaml.
PASS  generated models in sync with the contract
== exported schemas ==
PASS  exported schemas in sync (30 files)
== decision register ==
NOTE  additional areas present: active_discovery, monitoring_scope_details
PASS  decision register valid: 21 decisions, all required areas covered
== gate ledger ==
PASS  gate ledger (88 gates, semantics + round-trip)
== evidence integrity ==
WARN  raw artifact without metadata (possibly an in-progress capture): evidence/raw/P7-G05/qemu-drill-20261001T063831Z/results.txt
PASS  evidence integrity: 474 captures verified, 1 in-progress/orphan artifact(s) warned
== evidence index sync ==
evidence_index: 474 entries; integrity_failures=0
evidence index check: OK (474 entries; tracked index matches rebuild)
== evidence manifest sync ==
manifest check: OK (949 entries verified)
== evidence size budget ==
PASS  evidence size: 950 files, 2.5 MiB (budget 2500 files / 50 MiB)
== license gate ==
WARN   bcc 0.29.1: no license metadata
NOTE   certifi 2023.11.17: MPL-2.0 (weak copyleft; keep attribution)
OS     chardet 5.2.0: LGPL (apt-managed base OS)
OS     cloud-init 26.1: GPL (apt-managed base OS)
WARN   command-not-found 0.3: no license metadata
WARN   distro-info 1.7+build1: no license metadata
OS     launchpadlib 1.11.0: LGPL (apt-managed base OS)
OS     lazr.restfulclient 0.14.6: LGPL (apt-managed base OS)
OS     lazr.uri 1.0.6: LGPL (apt-managed base OS)
OS     PyGObject 3.48.2: LGPL (apt-managed base OS)
OS     python-apt 2.7.7+ubuntu5.3: GPL (apt-managed base OS)
OS     python-debian 0.1.49+ubuntu2: GPL (apt-managed base OS)
OS     sos 4.11.2: GPL (apt-managed base OS)
OS     ssh-import-id 5.11: GPL (apt-managed base OS)
OS     systemd-python 235: LGPL (apt-managed base OS)
OS     ubuntu-pro-client 8001: GPL (apt-managed base OS)
OS     ufw 0.36.2: GPL (apt-managed base OS)
WARN   unattended-upgrades 0.1: no license metadata
OS     wadllib 1.3.6: LGPL (apt-managed base OS)
WARN   zope.interface 6.1: unrecognised license: ZPL 2.1
license gate: scanned=79 allow=59 allow-note=1 warn=5 deny=0 os-baseline=14
== secret scan ==
PASS  secret scan: 1340 files, no findings

validation: ALL PASS
[exit=0]

===== COMMAND: gitleaks detect --no-git --redact --source . -v =====

    Γùï
    ΓöéΓò▓
    Γöé Γùï
    Γùï Γûæ
    Γûæ    gitleaks

8:01AM INF scanned ~6759832 bytes (6.76 MB) in 42.5s
8:01AM INF no leaks found
[exit=0]

===== PS-009 VERIFY DONE (rc_all=0) =====

